Archive member included to satisfy reference by file (symbol)

app/libapp.a(main.c.obj)      (--whole-archive)
app/libapp.a(flash_map_extended.c.obj)
                              (--whole-archive)
app/libapp.a(os.c.obj)        (--whole-archive)
app/libapp.a(keys.c.obj)      (--whole-archive)
app/libapp.a(boot_serial_extensions.c.obj)
                              (--whole-archive)
app/libapp.a(boot_serial_extension_zephyr_basic.c.obj)
                              (--whole-archive)
app/libapp.a(image_validate.c.obj)
                              (--whole-archive)
app/libapp.a(tlv.c.obj)       (--whole-archive)
app/libapp.a(encrypted.c.obj)
                              (--whole-archive)
app/libapp.a(image_rsa.c.obj)
                              (--whole-archive)
app/libapp.a(image_ecdsa.c.obj)
                              (--whole-archive)
app/libapp.a(image_ed25519.c.obj)
                              (--whole-archive)
app/libapp.a(bootutil_misc.c.obj)
                              (--whole-archive)
app/libapp.a(fault_injection_hardening.c.obj)
                              (--whole-archive)
app/libapp.a(loader.c.obj)    (--whole-archive)
app/libapp.a(swap_misc.c.obj)
                              (--whole-archive)
app/libapp.a(swap_scratch.c.obj)
                              (--whole-archive)
app/libapp.a(swap_move.c.obj)
                              (--whole-archive)
app/libapp.a(caps.c.obj)      (--whole-archive)
app/libapp.a(autogen-pubkey.c.obj)
                              (--whole-archive)
app/libapp.a(arm_cleanup.c.obj)
                              (--whole-archive)
app/libapp.a(nrf_cleanup.c.obj)
                              (--whole-archive)
zephyr/libzephyr.a(crc32c_sw.c.obj)
                              (--whole-archive)
zephyr/libzephyr.a(crc32_sw.c.obj)
                              (--whole-archive)
zephyr/libzephyr.a(crc16_sw.c.obj)
                              (--whole-archive)
zephyr/libzephyr.a(crc8_sw.c.obj)
                              (--whole-archive)
zephyr/libzephyr.a(crc7_sw.c.obj)
                              (--whole-archive)
zephyr/libzephyr.a(crc4_sw.c.obj)
                              (--whole-archive)
zephyr/libzephyr.a(base64.c.obj)
                              (--whole-archive)
zephyr/libzephyr.a(cbprintf_packaged.c.obj)
                              (--whole-archive)
zephyr/libzephyr.a(dec.c.obj)
                              (--whole-archive)
zephyr/libzephyr.a(hex.c.obj)
                              (--whole-archive)
zephyr/libzephyr.a(printk.c.obj)
                              (--whole-archive)
zephyr/libzephyr.a(rb.c.obj)  (--whole-archive)
zephyr/libzephyr.a(sem.c.obj)
                              (--whole-archive)
zephyr/libzephyr.a(thread_entry.c.obj)
                              (--whole-archive)
zephyr/libzephyr.a(timeutil.c.obj)
                              (--whole-archive)
zephyr/libzephyr.a(heap.c.obj)
                              (--whole-archive)
zephyr/libzephyr.a(heap-validate.c.obj)
                              (--whole-archive)
zephyr/libzephyr.a(bitarray.c.obj)
                              (--whole-archive)
zephyr/libzephyr.a(multi_heap.c.obj)
                              (--whole-archive)
zephyr/libzephyr.a(onoff.c.obj)
                              (--whole-archive)
zephyr/libzephyr.a(notify.c.obj)
                              (--whole-archive)
zephyr/libzephyr.a(cbprintf_nano.c.obj)
                              (--whole-archive)
zephyr/libzephyr.a(cbprintf.c.obj)
                              (--whole-archive)
zephyr/libzephyr.a(ring_buffer.c.obj)
                              (--whole-archive)
zephyr/libzephyr.a(assert.c.obj)
                              (--whole-archive)
zephyr/libzephyr.a(reboot.c.obj)
                              (--whole-archive)
zephyr/libzephyr.a(configs.c.obj)
                              (--whole-archive)
zephyr/libzephyr.a(flash_map.c.obj)
                              (--whole-archive)
zephyr/libzephyr.a(flash_map_layout.c.obj)
                              (--whole-archive)
zephyr/libzephyr.a(tracing_none.c.obj)
                              (--whole-archive)
zephyr/libzephyr.a(usb_device.c.obj)
                              (--whole-archive)
zephyr/libzephyr.a(usb_descriptor.c.obj)
                              (--whole-archive)
zephyr/libzephyr.a(usb_transfer.c.obj)
                              (--whole-archive)
zephyr/libzephyr.a(cdc_acm.c.obj)
                              (--whole-archive)
zephyr/libzephyr.a(usb_work_q.c.obj)
                              (--whole-archive)
zephyr/libzephyr.a(flash_map_partition_manager.c.obj)
                              (--whole-archive)
zephyr/libzephyr.a(nrf_cc3xx_platform_abort_zephyr.c.obj)
                              (--whole-archive)
zephyr/libzephyr.a(nrf_cc3xx_platform_mutex_zephyr.c.obj)
                              (--whole-archive)
zephyr/libzephyr.a(serial_adapter.c.obj)
                              (--whole-archive)
[...]
Memory Configuration

Name             Origin             Length             Attributes
FLASH            0x0000000000000000 0x0000000000010000 xr
RAM              0x0000000020002000 0x000000000007e000 xw
IDT_LIST         0x00000000ffff7fff 0x0000000000008000 xw
*default*        0x0000000000000000 0xffffffffffffffff

Linker script and memory map

LOAD zephyr/CMakeFiles/zephyr_pre0.dir/misc/empty_file.c.obj
LOAD zephyr/CMakeFiles/offsets.dir/./arch/arm/core/offsets/offsets.c.obj
LOAD app/libapp.a
LOAD zephyr/libzephyr.a
LOAD zephyr/arch/common/libarch__common.a
LOAD zephyr/arch/arch/arm/core/libarch__arm__core.a
LOAD zephyr/arch/arch/arm/core/cortex_m/libarch__arm__core__cortex_m.a
LOAD zephyr/arch/arch/arm/core/cortex_m/cmse/libarch__arm__core__cortex_m__cmse.a
LOAD zephyr/lib/libc/minimal/liblib__libc__minimal.a
LOAD zephyr/lib/libc/common/liblib__libc__common.a
LOAD zephyr/soc/soc/arm/nordic_nrf/libsoc__arm__nordic_nrf.a
LOAD zephyr/boards/boards/arm/thingy53_nrf5340_cpuapp/libboards__arm__thingy53_nrf5340.a
LOAD zephyr/drivers/usb/device/libdrivers__usb__device.a
LOAD zephyr/drivers/usb/common/nrf_usbd_common/libdrivers__usb__common__nrf_usbd_common.a
LOAD zephyr/drivers/clock_control/libdrivers__clock_control.a
LOAD zephyr/drivers/flash/libdrivers__flash.a
LOAD zephyr/drivers/gpio/libdrivers__gpio.a
LOAD zephyr/drivers/hwinfo/libdrivers__hwinfo.a
LOAD zephyr/drivers/pinctrl/libdrivers__pinctrl.a
LOAD zephyr/drivers/regulator/libdrivers__regulator.a
LOAD zephyr/drivers/serial/libdrivers__serial.a
LOAD zephyr/drivers/timer/libdrivers__timer.a
LOAD modules/nrf/lib/fprotect/lib..__nrf__lib__fprotect.a
LOAD modules/nrf/subsys/pcd/lib..__nrf__subsys__pcd.a
LOAD modules/nrf/modules/mcuboot/hooks/lib..__nrf__modules__mcuboot__hooks.a
LOAD modules/nrf/drivers/hw_cc3xx/lib..__nrf__drivers__hw_cc3xx.a
LOAD modules/mcuboot/boot/bootutil/zephyr/libmcuboot_util.a
LOAD modules/mbedtls/libmbedTLSBase.a
LOAD modules/mbedtls/libmbedTLSCrypto.a
LOAD modules/mbedtls/libmbedTLSX509.a
LOAD modules/mbedtls/libmodules__mbedtls.a
LOAD modules/hal_nordic/nrfx/libmodules__hal_nordic__nrfx.a
LOAD modules/zcbor/libmodules__zcbor.a
LOAD zephyr/kernel/libkernel.a
LOAD /opt/nordic/ncs/toolchains/580e4ef81c/opt/zephyr-sdk/arm-zephyr-eabi/bin/../lib/gcc/arm-zephyr-eabi/12.2.0/thumb/v8-m.main/nofp/libgcc.a
LOAD zephyr/arch/common/libisr_tables.a
LOAD modules/mbedtls/libmbedTLSBase.a
LOAD modules/mbedtls/libmbedTLSCrypto.a
LOAD modules/mbedtls/libmbedTLSX509.a
LOAD /opt/nordic/ncs/v2.6.1/nrfxlib/crypto/nrf_cc312_platform/lib/cortex-m33/soft-float/no-interrupts/libnrf_cc312_platform_0.9.19.a
                0x0000000000000004                _region_min_align = 0x4

.rel.plt        0x0000000000000000        0x0
 *(SORT_BY_ALIGNMENT(.rel.plt))
                [!provide]                        PROVIDE (__rel_iplt_start = .)
 *(SORT_BY_ALIGNMENT(.rel.iplt))
 .rel.iplt      0x0000000000000000        0x0 app/libapp.a(main.c.obj)
                [!provide]                        PROVIDE (__rel_iplt_end = .)

.rela.plt       0x0000000000000000        0x0
 *(SORT_BY_ALIGNMENT(.rela.plt))
                [!provide]                        PROVIDE (__rela_iplt_start = .)
 *(SORT_BY_ALIGNMENT(.rela.iplt))
                [!provide]                        PROVIDE (__rela_iplt_end = .)

.rel.dyn
 *(SORT_BY_ALIGNMENT(.rel.*))

.rela.dyn
 *(SORT_BY_ALIGNMENT(.rela.*))

/DISCARD/
 *(SORT_BY_ALIGNMENT(.plt))

/DISCARD/
 *(SORT_BY_ALIGNMENT(.iplt))
                0x0000000000000000                __rom_region_start = 0x0

rom_start       0x0000000000000000      0x154
                0x0000000000000000                __rom_start_address = .
 FILL mask 0x00
                0x0000000000000000                . = (. + (0x0 - (. - __rom_start_address)))
                0x0000000000000000                . = ALIGN (0x4)
                0x0000000000000000                . = ALIGN (0x80)
                0x0000000000000000                . = ALIGN (0x200)
                0x0000000000000000                _vector_start = .
 *(SORT_BY_ALIGNMENT(.exc_vector_table))
 *(SORT_BY_ALIGNMENT(.exc_vector_table.*))
 .exc_vector_table._vector_table_section
                0x0000000000000000       0x40 zephyr/arch/arch/arm/core/cortex_m/libarch__arm__core__cortex_m.a(vector_table.S.obj)
                0x0000000000000000                _vector_table
 *(SORT_BY_ALIGNMENT(.vectors))
                0x0000000000000154                _vector_end = .
                0x0000000000000040                . = ALIGN (0x4)
 *(SORT_BY_ALIGNMENT(.gnu.linkonce.irq_vector_table*))
 .gnu.linkonce.irq_vector_table
                0x0000000000000040      0x114 zephyr/arch/common/libisr_tables.a(isr_tables.c.obj)
                0x0000000000000040                _irq_vector_table
                0x0000000000000154                _vector_end = .

text            0x0000000000000154     0xe250
                0x0000000000000154                __text_region_start = .
 *(SORT_BY_ALIGNMENT(.text))
 .text          0x0000000000000154       0x30 /opt/nordic/ncs/toolchains/580e4ef81c/opt/zephyr-sdk/arm-zephyr-eabi/bin/../lib/gcc/arm-zephyr-eabi/12.2.0/thumb/v8-m.main/nofp/libgcc.a(_aeabi_uldivmod.o)
                0x0000000000000154                __aeabi_uldivmod
 .text          0x0000000000000184        0x4 /opt/nordic/ncs/toolchains/580e4ef81c/opt/zephyr-sdk/arm-zephyr-eabi/bin/../lib/gcc/arm-zephyr-eabi/12.2.0/thumb/v8-m.main/nofp/libgcc.a(_dvmd_tls.o)
                0x0000000000000184                __aeabi_ldiv0
                0x0000000000000184                __aeabi_idiv0
 .text          0x0000000000000188      0x29c /opt/nordic/ncs/toolchains/580e4ef81c/opt/zephyr-sdk/arm-zephyr-eabi/bin/../lib/gcc/arm-zephyr-eabi/12.2.0/thumb/v8-m.main/nofp/libgcc.a(_udivmoddi4.o)
                0x0000000000000188                __udivmoddi4
 *(SORT_BY_ALIGNMENT(.text.*))
 .text.main     0x0000000000000424      0x138 app/libapp.a(main.c.obj)
                0x0000000000000424                main
 .text.flash_area_id_from_multi_image_slot
                0x000000000000055c       0x24 app/libapp.a(flash_map_extended.c.obj)
                0x000000000000055c                flash_area_id_from_multi_image_slot
 .text.flash_area_id_from_direct_image
                0x0000000000000580       0x14 app/libapp.a(flash_map_extended.c.obj)
                0x0000000000000580                flash_area_id_from_direct_image
 .text.os_heap_init
                0x0000000000000594       0x10 app/libapp.a(os.c.obj)
                0x0000000000000594                os_heap_init
 .text.bs_peruser_system_specific
                0x00000000000005a4       0x64 app/libapp.a(boot_serial_extensions.c.obj)
                0x00000000000005a4                bs_peruser_system_specific
 .text.bs_custom_storage_erase
                0x0000000000000608       0x70 app/libapp.a(boot_serial_extension_zephyr_basic.c.obj)
 .text.bootutil_img_validate
                0x0000000000000678      0x1f8 app/libapp.a(image_validate.c.obj)
                0x0000000000000678                bootutil_img_validate
 .text.bootutil_verify_sig
                0x0000000000000870      0x208 app/libapp.a(image_rsa.c.obj)
                0x0000000000000870                bootutil_verify_sig
 .text.boot_fih_memequal
                0x0000000000000a78       0x30 app/libapp.a(bootutil_misc.c.obj)
                0x0000000000000a78                boot_fih_memequal
 .text.fih_cfi_get_and_increment
                0x0000000000000aa8       0x10 app/libapp.a(fault_injection_hardening.c.obj)
                0x0000000000000aa8                fih_cfi_get_and_increment
 .text.fih_cfi_decrement
                0x0000000000000ab8       0x10 app/libapp.a(fault_injection_hardening.c.obj)
                0x0000000000000ab8                fih_cfi_decrement
 .text.fih_cfi_validate
                0x0000000000000ac8       0x14 app/libapp.a(fault_injection_hardening.c.obj)
                0x0000000000000ac8                fih_cfi_validate
 .text.boot_initialize_area
                0x0000000000000adc       0x60 app/libapp.a(loader.c.obj)
 .text.boot_read_sectors
                0x0000000000000b3c       0x4c app/libapp.a(loader.c.obj)
 .text.boot_validate_slot.isra.0
                0x0000000000000b88      0x1b0 app/libapp.a(loader.c.obj)
 .text.boot_copy_region
                0x0000000000000d38       0xac app/libapp.a(loader.c.obj)
                0x0000000000000d38                boot_copy_region
 .text.context_boot_go
                0x0000000000000de4      0x6b8 app/libapp.a(loader.c.obj)
                0x0000000000000de4                context_boot_go
 .text.boot_go  0x000000000000149c       0x34 app/libapp.a(loader.c.obj)
                0x000000000000149c                boot_go
 .text.cleanup_arm_nvic
                0x00000000000014d0       0x38 app/libapp.a(arm_cleanup.c.obj)
                0x00000000000014d0                cleanup_arm_nvic
 .text.z_arm_clear_arm_mpu_config
                0x0000000000001508       0x24 app/libapp.a(arm_cleanup.c.obj)
                0x0000000000001508                z_arm_clear_arm_mpu_config
 .text.nrf_cleanup_peripheral
                0x000000000000152c       0x90 app/libapp.a(nrf_cleanup.c.obj)
                0x000000000000152c                nrf_cleanup_peripheral
 .text.nrf_cleanup_ns_ram
                0x00000000000015bc       0x10 app/libapp.a(nrf_cleanup.c.obj)
                0x00000000000015bc                nrf_cleanup_ns_ram
 .text.base64_encode
                0x00000000000015cc       0xfc zephyr/libzephyr.a(base64.c.obj)
                0x00000000000015cc                base64_encode
 .text.base64_decode
                0x00000000000016c8      0x140 zephyr/libzephyr.a(base64.c.obj)
                0x00000000000016c8                base64_decode
 .text.process_event
                0x0000000000001808      0x21c zephyr/libzephyr.a(onoff.c.obj)
 .text.z_cbvprintf_impl
                0x0000000000001a24      0x444 zephyr/libzephyr.a(cbprintf_nano.c.obj)
                0x0000000000001a24                z_cbvprintf_impl
 .text.flash_area_open
                0x0000000000001e68       0x50 zephyr/libzephyr.a(flash_map.c.obj)
                0x0000000000001e68                flash_area_open
 .text.flash_area_get_sectors
                0x0000000000001eb8       0x60 zephyr/libzephyr.a(flash_map_layout.c.obj)
                0x0000000000001eb8                flash_area_get_sectors
 .text.class_handler
                0x0000000000001f18       0x40 zephyr/libzephyr.a(usb_device.c.obj)
 .text.custom_handler
                0x0000000000001f58       0x60 zephyr/libzephyr.a(usb_device.c.obj)
 .text.vendor_handler
                0x0000000000001fb8       0x3c zephyr/libzephyr.a(usb_device.c.obj)
 .text.disable_endpoint
                0x0000000000001ff4       0x2c zephyr/libzephyr.a(usb_device.c.obj)
 .text.usb_reset_alt_setting
                0x0000000000002020       0x10 zephyr/libzephyr.a(usb_device.c.obj)
 .text.is_ep_valid.part.0
                0x0000000000002030       0x38 zephyr/libzephyr.a(usb_device.c.obj)
 .text.usb_handle_request.constprop.0
                0x0000000000002068       0x2c zephyr/libzephyr.a(usb_device.c.obj)
 .text.forward_status_cb
                0x0000000000002094       0xac zephyr/libzephyr.a(usb_device.c.obj)
 .text.usb_halt_endpoint_req.isra.0
                0x0000000000002140       0x50 zephyr/libzephyr.a(usb_device.c.obj)
 .text.set_endpoint
                0x0000000000002190       0x84 zephyr/libzephyr.a(usb_device.c.obj)
 .text.usb_handle_standard_request
                0x0000000000002214      0x29c zephyr/libzephyr.a(usb_device.c.obj)
 .text.usb_disable
                0x00000000000024b0       0x60 zephyr/libzephyr.a(usb_device.c.obj)
                0x00000000000024b0                usb_disable
 .text.usb_data_to_host
                0x0000000000002510       0x60 zephyr/libzephyr.a(usb_device.c.obj)
 .text.usb_handle_control_transfer
                0x0000000000002570       0xdc zephyr/libzephyr.a(usb_device.c.obj)
 .text.usb_set_config
                0x000000000000264c       0x2c zephyr/libzephyr.a(usb_device.c.obj)
                0x000000000000264c                usb_set_config
 .text.usb_device_init
                0x0000000000002678       0x28 zephyr/libzephyr.a(usb_device.c.obj)
 .text.usb_enable
                0x00000000000026a0      0x124 zephyr/libzephyr.a(usb_device.c.obj)
                0x00000000000026a0                usb_enable
 .text.usb_update_sn_string_descriptor
                0x00000000000027c4       0x88 zephyr/libzephyr.a(usb_descriptor.c.obj)
                0x00000000000027c4                usb_update_sn_string_descriptor
 .text.usb_get_device_descriptor
                0x000000000000284c      0x1d8 zephyr/libzephyr.a(usb_descriptor.c.obj)
                0x000000000000284c                usb_get_device_descriptor
 .text.usb_ep_get_transfer
                0x0000000000002a24       0x2c zephyr/libzephyr.a(usb_transfer.c.obj)
 .text.usb_transfer_work
                0x0000000000002a50      0x100 zephyr/libzephyr.a(usb_transfer.c.obj)
 .text.usb_transfer_ep_callback
                0x0000000000002b50       0x5c zephyr/libzephyr.a(usb_transfer.c.obj)
                0x0000000000002b50                usb_transfer_ep_callback
 .text.usb_transfer
                0x0000000000002bac       0xe4 zephyr/libzephyr.a(usb_transfer.c.obj)
                0x0000000000002bac                usb_transfer
 .text.usb_cancel_transfer
                0x0000000000002c90       0x3c zephyr/libzephyr.a(usb_transfer.c.obj)
                0x0000000000002c90                usb_cancel_transfer
 .text.usb_cancel_transfers
                0x0000000000002ccc       0x48 zephyr/libzephyr.a(usb_transfer.c.obj)
                0x0000000000002ccc                usb_cancel_transfers
 .text.usb_transfer_init
                0x0000000000002d14       0x34 zephyr/libzephyr.a(usb_transfer.c.obj)
                0x0000000000002d14                usb_transfer_init
 .text.cdc_acm_class_handle_req
                0x0000000000002d48       0x58 zephyr/libzephyr.a(cdc_acm.c.obj)
                0x0000000000002d48                cdc_acm_class_handle_req
 .text.cdc_acm_int_in
                0x0000000000002da0       0x18 zephyr/libzephyr.a(cdc_acm.c.obj)
 .text.cdc_acm_irq_rx_enable
                0x0000000000002db8       0x20 zephyr/libzephyr.a(cdc_acm.c.obj)
 .text.cdc_acm_irq_tx_enable
                0x0000000000002dd8       0x20 zephyr/libzephyr.a(cdc_acm.c.obj)
 .text.cdc_acm_write_cb
                0x0000000000002df8       0x54 zephyr/libzephyr.a(cdc_acm.c.obj)
 .text.cdc_acm_fifo_fill
                0x0000000000002e4c       0x38 zephyr/libzephyr.a(cdc_acm.c.obj)
 .text.cdc_acm_reset_port
                0x0000000000002e84       0x3c zephyr/libzephyr.a(cdc_acm.c.obj)
 .text.tx_work_handler
                0x0000000000002ec0       0x64 zephyr/libzephyr.a(cdc_acm.c.obj)
 .text.cdc_acm_init
                0x0000000000002f24       0x48 zephyr/libzephyr.a(cdc_acm.c.obj)
 .text.cdc_acm_send_notification.isra.0
                0x0000000000002f6c       0x44 zephyr/libzephyr.a(cdc_acm.c.obj)
 .text.cdc_acm_poll_out
                0x0000000000002fb0       0x4c zephyr/libzephyr.a(cdc_acm.c.obj)
 .text.cdc_acm_read_cb
                0x0000000000002ffc       0x74 zephyr/libzephyr.a(cdc_acm.c.obj)
 .text.cdc_acm_dev_status_cb
                0x0000000000003070       0x84 zephyr/libzephyr.a(cdc_acm.c.obj)
 .text.z_usb_work_q_init
                0x00000000000030f4       0x34 zephyr/libzephyr.a(usb_work_q.c.obj)
 .text.nrf_cc3xx_platform_abort_init
                0x0000000000003128        0xc zephyr/libzephyr.a(nrf_cc3xx_platform_abort_zephyr.c.obj)
                0x0000000000003128                nrf_cc3xx_platform_abort_init
 .text.mutex_free_platform
                0x0000000000003134       0x54 zephyr/libzephyr.a(nrf_cc3xx_platform_mutex_zephyr.c.obj)
 .text.mutex_lock_platform
                0x0000000000003188       0x74 zephyr/libzephyr.a(nrf_cc3xx_platform_mutex_zephyr.c.obj)
 .text.mutex_unlock_platform
                0x00000000000031fc       0x68 zephyr/libzephyr.a(nrf_cc3xx_platform_mutex_zephyr.c.obj)
 .text.mutex_init_platform
                0x0000000000003264       0x94 zephyr/libzephyr.a(nrf_cc3xx_platform_mutex_zephyr.c.obj)
 .text.nrf_cc3xx_platform_mutex_init
                0x00000000000032f8       0x2c zephyr/libzephyr.a(nrf_cc3xx_platform_mutex_zephyr.c.obj)
                0x00000000000032f8                nrf_cc3xx_platform_mutex_init
 .text.boot_uart_fifo_callback
                0x0000000000003324       0xa0 zephyr/libzephyr.a(serial_adapter.c.obj)
 .text.console_out
                0x00000000000033c4       0x18 zephyr/libzephyr.a(serial_adapter.c.obj)
                0x00000000000033c4                console_out
 .text.console_read
                0x00000000000033dc       0x94 zephyr/libzephyr.a(serial_adapter.c.obj)
                0x00000000000033dc                console_read
 .text.boot_console_init
                0x0000000000003470       0xb0 zephyr/libzephyr.a(serial_adapter.c.obj)
                0x0000000000003470                boot_console_init
 .text.boot_serial_output
                0x0000000000003520      0x140 zephyr/libzephyr.a(boot_serial.c.obj)
 .text.bs_upload
                0x0000000000003660      0x2b0 zephyr/libzephyr.a(boot_serial.c.obj)
 .text.bs_rc_rsp
                0x0000000000003910       0x38 zephyr/libzephyr.a(boot_serial.c.obj)
 .text.boot_serial_in_dec.constprop.0
                0x0000000000003948       0x68 zephyr/libzephyr.a(boot_serial.c.obj)
 .text.reset_cbor_state
                0x00000000000039b0       0x24 zephyr/libzephyr.a(boot_serial.c.obj)
                0x00000000000039b0                reset_cbor_state
 .text.boot_serial_input
                0x00000000000039d4      0x2c0 zephyr/libzephyr.a(boot_serial.c.obj)
                0x00000000000039d4                boot_serial_input
 .text.boot_serial_start
                0x0000000000003c94       0xe4 zephyr/libzephyr.a(boot_serial.c.obj)
                0x0000000000003c94                boot_serial_start
 .text.z_SysNmiOnReset
                0x0000000000003d78        0x8 zephyr/arch/arch/arm/core/libarch__arm__core.a(nmi_on_reset.S.obj)
                0x0000000000003d78                z_SysNmiOnReset
 .text._HandlerModeExit
                0x0000000000003d80       0x1c zephyr/arch/arch/arm/core/cortex_m/libarch__arm__core__cortex_m.a(exc_exit.S.obj)
                0x0000000000003d80                z_arm_exc_exit
                0x0000000000003d80                z_arm_int_exit
 .text.usage_fault.constprop.0
                0x0000000000003d9c       0x5c zephyr/arch/arch/arm/core/cortex_m/libarch__arm__core__cortex_m.a(fault.c.obj)
 .text.bus_fault.constprop.0
                0x0000000000003df8       0x68 zephyr/arch/arch/arm/core/cortex_m/libarch__arm__core__cortex_m.a(fault.c.obj)
 .text.mem_manage_fault.constprop.0
                0x0000000000003e60       0x78 zephyr/arch/arch/arm/core/cortex_m/libarch__arm__core__cortex_m.a(fault.c.obj)
 .text.z_arm_fault
                0x0000000000003ed8      0x118 zephyr/arch/arch/arm/core/cortex_m/libarch__arm__core__cortex_m.a(fault.c.obj)
                0x0000000000003ed8                z_arm_fault
 .text.z_arm_fault_init
                0x0000000000003ff0       0x18 zephyr/arch/arch/arm/core/cortex_m/libarch__arm__core__cortex_m.a(fault.c.obj)
                0x0000000000003ff0                z_arm_fault_init
 .text.__fault  0x0000000000004008       0x14 zephyr/arch/arch/arm/core/cortex_m/libarch__arm__core__cortex_m.a(fault_s.S.obj)
                0x0000000000004008                z_arm_bus_fault
                0x0000000000004008                z_arm_usage_fault
                0x0000000000004008                z_arm_mpu_fault
                0x0000000000004008                z_arm_exc_spurious
                0x0000000000004008                z_arm_debug_monitor
                0x0000000000004008                z_arm_hard_fault
 .text._reset_section
                0x000000000000401c       0x60 zephyr/arch/arch/arm/core/cortex_m/libarch__arm__core__cortex_m.a(reset.S.obj)
                0x000000000000401c                z_arm_reset
                0x000000000000401c                __start
 .text.sys_arch_reboot
                0x000000000000407c       0x24 zephyr/arch/arch/arm/core/cortex_m/libarch__arm__core__cortex_m.a(scb.c.obj)
                0x000000000000407c                sys_arch_reboot
 .text.z_arm_init_arch_hw_at_boot
                0x00000000000040a0       0x44 zephyr/arch/arch/arm/core/cortex_m/libarch__arm__core__cortex_m.a(scb.c.obj)
                0x00000000000040a0                z_arm_init_arch_hw_at_boot
 .text.z_impl_k_thread_abort
                0x00000000000040e4       0x2c zephyr/arch/arch/arm/core/cortex_m/libarch__arm__core__cortex_m.a(thread_abort.c.obj)
                0x00000000000040e4                z_impl_k_thread_abort
 .text.arch_swap
                0x0000000000004110       0x30 zephyr/arch/arch/arm/core/cortex_m/libarch__arm__core__cortex_m.a(swap.c.obj)
                0x0000000000004110                arch_swap
 .text.z_arm_pendsv
                0x0000000000004140       0x58 zephyr/arch/arch/arm/core/cortex_m/libarch__arm__core__cortex_m.a(swap_helper.S.obj)
                0x0000000000004140                z_arm_pendsv
 .text.z_arm_svc
                0x0000000000004198       0x20 zephyr/arch/arch/arm/core/cortex_m/libarch__arm__core__cortex_m.a(swap_helper.S.obj)
                0x0000000000004198                z_arm_svc
 .text.arch_irq_enable
                0x00000000000041b8       0x1c zephyr/arch/arch/arm/core/cortex_m/libarch__arm__core__cortex_m.a(irq_manage.c.obj)
                0x00000000000041b8                arch_irq_enable
 .text.arch_irq_disable
                0x00000000000041d4       0x28 zephyr/arch/arch/arm/core/cortex_m/libarch__arm__core__cortex_m.a(irq_manage.c.obj)
                0x00000000000041d4                arch_irq_disable
 .text.arch_irq_is_enabled
                0x00000000000041fc       0x1c zephyr/arch/arch/arm/core/cortex_m/libarch__arm__core__cortex_m.a(irq_manage.c.obj)
                0x00000000000041fc                arch_irq_is_enabled
 .text.z_arm_irq_priority_set
                0x0000000000004218       0x2c zephyr/arch/arch/arm/core/cortex_m/libarch__arm__core__cortex_m.a(irq_manage.c.obj)
                0x0000000000004218                z_arm_irq_priority_set
 .text.z_arm_prep_c
                0x0000000000004244       0x38 zephyr/arch/arch/arm/core/cortex_m/libarch__arm__core__cortex_m.a(prep_c.c.obj)
                0x0000000000004244                z_arm_prep_c
 .text.arch_new_thread
                0x000000000000427c       0x38 zephyr/arch/arch/arm/core/cortex_m/libarch__arm__core__cortex_m.a(thread.c.obj)
                0x000000000000427c                arch_new_thread
 .text.arch_switch_to_main_thread
                0x00000000000042b4       0x28 zephyr/arch/arch/arm/core/cortex_m/libarch__arm__core__cortex_m.a(thread.c.obj)
                0x00000000000042b4                arch_switch_to_main_thread
 .text.z_arm_cpu_idle_init
                0x00000000000042dc        0xc zephyr/arch/arch/arm/core/cortex_m/libarch__arm__core__cortex_m.a(cpu_idle.S.obj)
                0x00000000000042dc                z_arm_cpu_idle_init
 .text.arch_cpu_idle
                0x00000000000042e8       0x38 zephyr/arch/arch/arm/core/cortex_m/libarch__arm__core__cortex_m.a(cpu_idle.S.obj)
                0x00000000000042e8                arch_cpu_idle
 .text.arch_cpu_atomic_idle
                0x0000000000004320       0x34 zephyr/arch/arch/arm/core/cortex_m/libarch__arm__core__cortex_m.a(cpu_idle.S.obj)
                0x0000000000004320                arch_cpu_atomic_idle
 .text.z_arm_interrupt_init
                0x0000000000004354       0x18 zephyr/arch/arch/arm/core/cortex_m/libarch__arm__core__cortex_m.a(irq_init.c.obj)
                0x0000000000004354                z_arm_interrupt_init
 .text._isr_wrapper
                0x000000000000436c       0x28 zephyr/arch/arch/arm/core/cortex_m/libarch__arm__core__cortex_m.a(isr_wrapper.S.obj)
                0x000000000000436c                _isr_wrapper
 .text.snprintf
                0x0000000000004394       0x34 zephyr/lib/libc/minimal/liblib__libc__minimal.a(sprintf.c.obj)
                0x0000000000004394                snprintf
 .text.rtc_pretick_init
                0x00000000000043c8       0x60 zephyr/soc/soc/arm/nordic_nrf/libsoc__arm__nordic_nrf.a(soc.c.obj)
 .text.nrf_gpio_pin_control_select.constprop.0
                0x0000000000004428       0x1c zephyr/soc/soc/arm/nordic_nrf/libsoc__arm__nordic_nrf.a(soc.c.obj)
 .text.nordicsemi_nrf53_init
                0x0000000000004444       0x38 zephyr/soc/soc/arm/nordic_nrf/libsoc__arm__nordic_nrf.a(soc.c.obj)
 .text.z_arm_on_enter_cpu_idle
                0x000000000000447c       0x64 zephyr/soc/soc/arm/nordic_nrf/libsoc__arm__nordic_nrf.a(soc.c.obj)
                0x000000000000447c                z_arm_on_enter_cpu_idle
 .text.arch_busy_wait
                0x00000000000044e0       0x24 zephyr/soc/soc/arm/nordic_nrf/libsoc__arm__nordic_nrf.a(soc.c.obj)
                0x00000000000044e0                arch_busy_wait
 .text.z_arm_platform_init
                0x0000000000004504        0x4 zephyr/soc/soc/arm/nordic_nrf/libsoc__arm__nordic_nrf.a(soc_nrf_common.S.obj)
                0x0000000000004504                z_arm_platform_init
 .text.usbd_evt_put
                0x0000000000004508        0xc zephyr/drivers/usb/device/libdrivers__usb__device.a(usb_dc_nrfx.c.obj)
 .text.usbd_work_schedule
                0x0000000000004514       0x10 zephyr/drivers/usb/device/libdrivers__usb__device.a(usb_dc_nrfx.c.obj)
 .text.endpoint_ctx
                0x0000000000004524       0x60 zephyr/drivers/usb/device/libdrivers__usb__device.a(usb_dc_nrfx.c.obj)
 .text.usbd_evt_get
                0x0000000000004584       0x10 zephyr/drivers/usb/device/libdrivers__usb__device.a(usb_dc_nrfx.c.obj)
 .text.usb_init
                0x0000000000004594       0x80 zephyr/drivers/usb/device/libdrivers__usb__device.a(usb_dc_nrfx.c.obj)
 .text.hfxo_stop.constprop.0.isra.0
                0x0000000000004614       0x38 zephyr/drivers/usb/device/libdrivers__usb__device.a(usb_dc_nrfx.c.obj)
 .text.eps_ctx_init
                0x000000000000464c       0x68 zephyr/drivers/usb/device/libdrivers__usb__device.a(usb_dc_nrfx.c.obj)
 .text.usbd_evt_flush
                0x00000000000046b4       0x1c zephyr/drivers/usb/device/libdrivers__usb__device.a(usb_dc_nrfx.c.obj)
 .text.usbd_evt_alloc
                0x00000000000046d0       0x44 zephyr/drivers/usb/device/libdrivers__usb__device.a(usb_dc_nrfx.c.obj)
 .text.submit_dc_power_event
                0x0000000000004714       0x2c zephyr/drivers/usb/device/libdrivers__usb__device.a(usb_dc_nrfx.c.obj)
 .text.usb_dc_power_event_handler
                0x0000000000004740       0x38 zephyr/drivers/usb/device/libdrivers__usb__device.a(usb_dc_nrfx.c.obj)
 .text.usbd_event_transfer_data
                0x0000000000004778       0xa8 zephyr/drivers/usb/device/libdrivers__usb__device.a(usb_dc_nrfx.c.obj)
 .text.usbd_event_handler
                0x0000000000004820      0x11c zephyr/drivers/usb/device/libdrivers__usb__device.a(usb_dc_nrfx.c.obj)
 .text.usbd_work_handler
                0x000000000000493c      0x2dc zephyr/drivers/usb/device/libdrivers__usb__device.a(usb_dc_nrfx.c.obj)
 .text.usb_dc_attach
                0x0000000000004c18       0x64 zephyr/drivers/usb/device/libdrivers__usb__device.a(usb_dc_nrfx.c.obj)
                0x0000000000004c18                usb_dc_attach
 .text.usb_dc_detach
                0x0000000000004c7c       0x40 zephyr/drivers/usb/device/libdrivers__usb__device.a(usb_dc_nrfx.c.obj)
                0x0000000000004c7c                usb_dc_detach
 .text.usb_dc_set_address
                0x0000000000004cbc       0x24 zephyr/drivers/usb/device/libdrivers__usb__device.a(usb_dc_nrfx.c.obj)
                0x0000000000004cbc                usb_dc_set_address
 .text.usb_dc_ep_configure
                0x0000000000004ce0       0x48 zephyr/drivers/usb/device/libdrivers__usb__device.a(usb_dc_nrfx.c.obj)
                0x0000000000004ce0                usb_dc_ep_configure
 .text.usb_dc_ep_set_stall
                0x0000000000004d28       0x50 zephyr/drivers/usb/device/libdrivers__usb__device.a(usb_dc_nrfx.c.obj)
                0x0000000000004d28                usb_dc_ep_set_stall
 .text.usb_dc_ep_clear_stall
                0x0000000000004d78       0x40 zephyr/drivers/usb/device/libdrivers__usb__device.a(usb_dc_nrfx.c.obj)
                0x0000000000004d78                usb_dc_ep_clear_stall
 .text.usb_dc_ep_is_stalled
                0x0000000000004db8       0x38 zephyr/drivers/usb/device/libdrivers__usb__device.a(usb_dc_nrfx.c.obj)
                0x0000000000004db8                usb_dc_ep_is_stalled
 .text.usb_dc_ep_enable
                0x0000000000004df0       0x54 zephyr/drivers/usb/device/libdrivers__usb__device.a(usb_dc_nrfx.c.obj)
                0x0000000000004df0                usb_dc_ep_enable
 .text.usb_dc_ep_write
                0x0000000000004e44       0xf8 zephyr/drivers/usb/device/libdrivers__usb__device.a(usb_dc_nrfx.c.obj)
                0x0000000000004e44                usb_dc_ep_write
 .text.usb_dc_ep_read_wait
                0x0000000000004f3c       0x90 zephyr/drivers/usb/device/libdrivers__usb__device.a(usb_dc_nrfx.c.obj)
                0x0000000000004f3c                usb_dc_ep_read_wait
 .text.usb_dc_ep_read_continue
                0x0000000000004fcc       0x84 zephyr/drivers/usb/device/libdrivers__usb__device.a(usb_dc_nrfx.c.obj)
                0x0000000000004fcc                usb_dc_ep_read_continue
 .text.usb_dc_ep_set_callback
                0x0000000000005050       0x28 zephyr/drivers/usb/device/libdrivers__usb__device.a(usb_dc_nrfx.c.obj)
                0x0000000000005050                usb_dc_ep_set_callback
 .text.usb_dc_set_status_callback
                0x0000000000005078        0xc zephyr/drivers/usb/device/libdrivers__usb__device.a(usb_dc_nrfx.c.obj)
                0x0000000000005078                usb_dc_set_status_callback
 .text.usb_dc_ep_mps
                0x0000000000005084       0x24 zephyr/drivers/usb/device/libdrivers__usb__device.a(usb_dc_nrfx.c.obj)
                0x0000000000005084                usb_dc_ep_mps
 .text.ep_state_access
                0x00000000000050a8       0x20 zephyr/drivers/usb/common/nrf_usbd_common/libdrivers__usb__common__nrf_usbd_common.a(nrf_usbd_common.c.obj)
 .text.nrf_usbd_common_uninit
                0x00000000000050c8       0x14 zephyr/drivers/usb/common/nrf_usbd_common/libdrivers__usb__common__nrf_usbd_common.a(nrf_usbd_common.c.obj)
                0x00000000000050c8                nrf_usbd_common_uninit
 .text.nrf_usbd_common_enable
                0x00000000000050dc       0x64 zephyr/drivers/usb/common/nrf_usbd_common/libdrivers__usb__common__nrf_usbd_common.a(nrf_usbd_common.c.obj)
                0x00000000000050dc                nrf_usbd_common_enable
 .text.nrf_usbd_common_start
                0x0000000000005140       0x38 zephyr/drivers/usb/common/nrf_usbd_common/libdrivers__usb__common__nrf_usbd_common.a(nrf_usbd_common.c.obj)
                0x0000000000005140                nrf_usbd_common_start
 .text.nrf_usbd_common_is_enabled
                0x0000000000005178       0x14 zephyr/drivers/usb/common/nrf_usbd_common/libdrivers__usb__common__nrf_usbd_common.a(nrf_usbd_common.c.obj)
                0x0000000000005178                nrf_usbd_common_is_enabled
 .text.nrf_usbd_common_suspend
                0x000000000000518c       0x54 zephyr/drivers/usb/common/nrf_usbd_common/libdrivers__usb__common__nrf_usbd_common.a(nrf_usbd_common.c.obj)
                0x000000000000518c                nrf_usbd_common_suspend
 .text.nrf_usbd_common_init
                0x00000000000051e0       0x84 zephyr/drivers/usb/common/nrf_usbd_common/libdrivers__usb__common__nrf_usbd_common.a(nrf_usbd_common.c.obj)
                0x00000000000051e0                nrf_usbd_common_init
 .text.nrf_usbd_common_ep_enable_check
                0x0000000000005264       0x28 zephyr/drivers/usb/common/nrf_usbd_common/libdrivers__usb__common__nrf_usbd_common.a(nrf_usbd_common.c.obj)
                0x0000000000005264                nrf_usbd_common_ep_enable_check
 .text.nrf_usbd_common_ep_transfer
                0x000000000000528c       0x9c zephyr/drivers/usb/common/nrf_usbd_common/libdrivers__usb__common__nrf_usbd_common.a(nrf_usbd_common.c.obj)
                0x000000000000528c                nrf_usbd_common_ep_transfer
 .text.nrf_usbd_common_epout_size_get
                0x0000000000005328       0x28 zephyr/drivers/usb/common/nrf_usbd_common/libdrivers__usb__common__nrf_usbd_common.a(nrf_usbd_common.c.obj)
                0x0000000000005328                nrf_usbd_common_epout_size_get
 .text.nrf_usbd_common_irq_handler
                0x0000000000005350      0x480 zephyr/drivers/usb/common/nrf_usbd_common/libdrivers__usb__common__nrf_usbd_common.a(nrf_usbd_common.c.obj)
                0x0000000000005350                nrf_usbd_common_irq_handler
 .text.nrf_usbd_common_ep_stall
                0x00000000000057d0       0x10 zephyr/drivers/usb/common/nrf_usbd_common/libdrivers__usb__common__nrf_usbd_common.a(nrf_usbd_common.c.obj)
                0x00000000000057d0                nrf_usbd_common_ep_stall
 .text.nrf_usbd_common_ep_stall_check
                0x00000000000057e0       0x34 zephyr/drivers/usb/common/nrf_usbd_common/libdrivers__usb__common__nrf_usbd_common.a(nrf_usbd_common.c.obj)
                0x00000000000057e0                nrf_usbd_common_ep_stall_check
 .text.nrf_usbd_common_ep_dtoggle_clear
                0x0000000000005814       0x14 zephyr/drivers/usb/common/nrf_usbd_common/libdrivers__usb__common__nrf_usbd_common.a(nrf_usbd_common.c.obj)
                0x0000000000005814                nrf_usbd_common_ep_dtoggle_clear
 .text.nrf_usbd_common_setup_get
                0x0000000000005828       0x4c zephyr/drivers/usb/common/nrf_usbd_common/libdrivers__usb__common__nrf_usbd_common.a(nrf_usbd_common.c.obj)
                0x0000000000005828                nrf_usbd_common_setup_get
 .text.nrf_usbd_common_setup_data_clear
                0x0000000000005874        0xc zephyr/drivers/usb/common/nrf_usbd_common/libdrivers__usb__common__nrf_usbd_common.a(nrf_usbd_common.c.obj)
                0x0000000000005874                nrf_usbd_common_setup_data_clear
 .text.nrf_usbd_common_setup_clear
                0x0000000000005880        0xc zephyr/drivers/usb/common/nrf_usbd_common/libdrivers__usb__common__nrf_usbd_common.a(nrf_usbd_common.c.obj)
                0x0000000000005880                nrf_usbd_common_setup_clear
 .text.nrf_usbd_common_setup_stall
                0x000000000000588c        0xc zephyr/drivers/usb/common/nrf_usbd_common/libdrivers__usb__common__nrf_usbd_common.a(nrf_usbd_common.c.obj)
                0x000000000000588c                nrf_usbd_common_setup_stall
 .text.nrf_usbd_common_last_setup_dir_get
                0x0000000000005898        0xc zephyr/drivers/usb/common/nrf_usbd_common/libdrivers__usb__common__nrf_usbd_common.a(nrf_usbd_common.c.obj)
                0x0000000000005898                nrf_usbd_common_last_setup_dir_get
 .text.nrf_usbd_common_transfer_out_drop
                0x00000000000058a4       0x50 zephyr/drivers/usb/common/nrf_usbd_common/libdrivers__usb__common__nrf_usbd_common.a(nrf_usbd_common.c.obj)
                0x00000000000058a4                nrf_usbd_common_transfer_out_drop
 .text.usbd_ep_abort
                0x00000000000058f4       0xf4 zephyr/drivers/usb/common/nrf_usbd_common/libdrivers__usb__common__nrf_usbd_common.a(nrf_usbd_common.c.obj)
 .text.nrf_usbd_common_ep_abort
                0x00000000000059e8       0x34 zephyr/drivers/usb/common/nrf_usbd_common/libdrivers__usb__common__nrf_usbd_common.a(nrf_usbd_common.c.obj)
                0x00000000000059e8                nrf_usbd_common_ep_abort
 .text.nrf_usbd_common_disable
                0x0000000000005a1c       0xd0 zephyr/drivers/usb/common/nrf_usbd_common/libdrivers__usb__common__nrf_usbd_common.a(nrf_usbd_common.c.obj)
                0x0000000000005a1c                nrf_usbd_common_disable
 .text.nrf_usbd_common_ep_disable
                0x0000000000005aec       0x60 zephyr/drivers/usb/common/nrf_usbd_common/libdrivers__usb__common__nrf_usbd_common.a(nrf_usbd_common.c.obj)
                0x0000000000005aec                nrf_usbd_common_ep_disable
 .text.nrf_usbd_common_ep_enable
                0x0000000000005b4c       0x74 zephyr/drivers/usb/common/nrf_usbd_common/libdrivers__usb__common__nrf_usbd_common.a(nrf_usbd_common.c.obj)
                0x0000000000005b4c                nrf_usbd_common_ep_enable
 .text.nrf_usbd_common_ep_stall_clear
                0x0000000000005bc0       0x20 zephyr/drivers/usb/common/nrf_usbd_common/libdrivers__usb__common__nrf_usbd_common.a(nrf_usbd_common.c.obj)
                0x0000000000005bc0                nrf_usbd_common_ep_stall_clear
 .text.onoff_stop
                0x0000000000005be0       0x30 zephyr/drivers/clock_control/libdrivers__clock_control.a(clock_control_nrf.c.obj)
 .text.onoff_start
                0x0000000000005c10       0x44 zephyr/drivers/clock_control/libdrivers__clock_control.a(clock_control_nrf.c.obj)
 .text.clk_init
                0x0000000000005c54       0x64 zephyr/drivers/clock_control/libdrivers__clock_control.a(clock_control_nrf.c.obj)
 .text.clkstarted_handle.constprop.0
                0x0000000000005cb8       0x34 zephyr/drivers/clock_control/libdrivers__clock_control.a(clock_control_nrf.c.obj)
 .text.clock_event_handler
                0x0000000000005cec       0x30 zephyr/drivers/clock_control/libdrivers__clock_control.a(clock_control_nrf.c.obj)
 .text.generic_hfclk_start
                0x0000000000005d1c       0x64 zephyr/drivers/clock_control/libdrivers__clock_control.a(clock_control_nrf.c.obj)
 .text.api_blocking_start
                0x0000000000005d80       0x34 zephyr/drivers/clock_control/libdrivers__clock_control.a(clock_control_nrf.c.obj)
 .text.generic_hfclk_stop
                0x0000000000005db4       0x34 zephyr/drivers/clock_control/libdrivers__clock_control.a(clock_control_nrf.c.obj)
 .text.z_nrf_clock_control_get_onoff
                0x0000000000005de8       0x10 zephyr/drivers/clock_control/libdrivers__clock_control.a(clock_control_nrf.c.obj)
                0x0000000000005de8                z_nrf_clock_control_get_onoff
 .text.z_nrf_clock_control_lf_on
                0x0000000000005df8       0xfc zephyr/drivers/clock_control/libdrivers__clock_control.a(clock_control_nrf.c.obj)
                0x0000000000005df8                z_nrf_clock_control_lf_on
 .text.qspi_get_zephyr_ret_code
                0x0000000000005ef4       0x1c zephyr/drivers/flash/libdrivers__flash.a(nrf_qspi_nor.c.obj)
 .text.qspi_nor_pages_layout
                0x0000000000005f10       0x10 zephyr/drivers/flash/libdrivers__flash.a(nrf_qspi_nor.c.obj)
 .text.qspi_flash_get_parameters
                0x0000000000005f20        0x8 zephyr/drivers/flash/libdrivers__flash.a(nrf_qspi_nor.c.obj)
 .text.nrf_qspi_pins_set.constprop.0
                0x0000000000005f28       0x5c zephyr/drivers/flash/libdrivers__flash.a(nrf_qspi_nor.c.obj)
 .text.qspi_nor_init
                0x0000000000005f84      0x1b4 zephyr/drivers/flash/libdrivers__flash.a(nrf_qspi_nor.c.obj)
 .text.qspi_wait_for_completion.isra.0
                0x0000000000006138       0x1c zephyr/drivers/flash/libdrivers__flash.a(nrf_qspi_nor.c.obj)
 .text.qspi_nor_erase
                0x0000000000006154       0xd8 zephyr/drivers/flash/libdrivers__flash.a(nrf_qspi_nor.c.obj)
 .text.qspi_nor_write
                0x000000000000622c      0x10c zephyr/drivers/flash/libdrivers__flash.a(nrf_qspi_nor.c.obj)
 .text.qspi_nor_read
                0x0000000000006338      0x13c zephyr/drivers/flash/libdrivers__flash.a(nrf_qspi_nor.c.obj)
 .text.flash_sim_page_layout
                0x0000000000006474       0x10 zephyr/drivers/flash/libdrivers__flash.a(flash_simulator.c.obj)
 .text.flash_sim_get_parameters
                0x0000000000006484        0x8 zephyr/drivers/flash/libdrivers__flash.a(flash_simulator.c.obj)
 .text.flash_sim_write
                0x000000000000648c       0x78 zephyr/drivers/flash/libdrivers__flash.a(flash_simulator.c.obj)
 .text.flash_sim_read
                0x0000000000006504       0x28 zephyr/drivers/flash/libdrivers__flash.a(flash_simulator.c.obj)
 .text.flash_sim_erase
                0x000000000000652c       0x4c zephyr/drivers/flash/libdrivers__flash.a(flash_simulator.c.obj)
 .text.flash_init
                0x0000000000006578       0x18 zephyr/drivers/flash/libdrivers__flash.a(flash_simulator.c.obj)
 .text.z_impl_flash_simulator_get_memory
                0x0000000000006590       0x10 zephyr/drivers/flash/libdrivers__flash.a(flash_simulator.c.obj)
                0x0000000000006590                z_impl_flash_simulator_get_memory
 .text.flash_nrf_pages_layout
                0x00000000000065a0       0x10 zephyr/drivers/flash/libdrivers__flash.a(soc_flash_nrf.c.obj)
 .text.flash_nrf_get_parameters
                0x00000000000065b0        0x8 zephyr/drivers/flash/libdrivers__flash.a(soc_flash_nrf.c.obj)
 .text.nrf_flash_init
                0x00000000000065b8       0x28 zephyr/drivers/flash/libdrivers__flash.a(soc_flash_nrf.c.obj)
 .text.flash_nrf_erase
                0x00000000000065e0       0x64 zephyr/drivers/flash/libdrivers__flash.a(soc_flash_nrf.c.obj)
 .text.flash_nrf_write
                0x0000000000006644       0x98 zephyr/drivers/flash/libdrivers__flash.a(soc_flash_nrf.c.obj)
 .text.gpio_nrfx_init
                0x00000000000066dc       0x30 zephyr/drivers/gpio/libdrivers__gpio.a(gpio_nrfx.c.obj)
 .text.gpio_nrfx_pin_configure
                0x000000000000670c      0x13c zephyr/drivers/gpio/libdrivers__gpio.a(gpio_nrfx.c.obj)
 .text.nrf_gpio_pin_port_decode
                0x0000000000006848       0x24 zephyr/drivers/pinctrl/libdrivers__pinctrl.a(pinctrl_nrf.c.obj)
 .text.pinctrl_configure_pins
                0x000000000000686c      0x18c zephyr/drivers/pinctrl/libdrivers__pinctrl.a(pinctrl_nrf.c.obj)
                0x000000000000686c                pinctrl_configure_pins
 .text.regulator_delay
                0x00000000000069f8       0x2c zephyr/drivers/regulator/libdrivers__regulator.a(regulator_common.c.obj)
 .text.compare_int_lock
                0x0000000000006a24       0x40 zephyr/drivers/timer/libdrivers__timer.a(nrf_rtc_timer.c.obj)
 .text.sys_clock_timeout_handler
                0x0000000000006a64       0x48 zephyr/drivers/timer/libdrivers__timer.a(nrf_rtc_timer.c.obj)
 .text.compare_int_unlock
                0x0000000000006aac       0x4c zephyr/drivers/timer/libdrivers__timer.a(nrf_rtc_timer.c.obj)
 .text.z_nrf_rtc_timer_read
                0x0000000000006af8       0x44 zephyr/drivers/timer/libdrivers__timer.a(nrf_rtc_timer.c.obj)
                0x0000000000006af8                z_nrf_rtc_timer_read
 .text.compare_set
                0x0000000000006b3c      0x124 zephyr/drivers/timer/libdrivers__timer.a(nrf_rtc_timer.c.obj)
 .text.sys_clock_driver_init
                0x0000000000006c60       0x90 zephyr/drivers/timer/libdrivers__timer.a(nrf_rtc_timer.c.obj)
 .text.rtc_nrf_isr
                0x0000000000006cf0       0xd0 zephyr/drivers/timer/libdrivers__timer.a(nrf_rtc_timer.c.obj)
                0x0000000000006cf0                rtc_nrf_isr
 .text.sys_clock_set_timeout
                0x0000000000006dc0       0x5c zephyr/drivers/timer/libdrivers__timer.a(nrf_rtc_timer.c.obj)
                0x0000000000006dc0                sys_clock_set_timeout
 .text.sys_clock_elapsed
                0x0000000000006e1c       0x14 zephyr/drivers/timer/libdrivers__timer.a(nrf_rtc_timer.c.obj)
                0x0000000000006e1c                sys_clock_elapsed
 .text.sys_clock_disable
                0x0000000000006e30       0x30 zephyr/drivers/timer/libdrivers__timer.a(nrf_rtc_timer.c.obj)
                0x0000000000006e30                sys_clock_disable
 .text.fprotect_area
                0x0000000000006e60       0x3c modules/nrf/lib/fprotect/lib..__nrf__lib__fprotect.a(fprotect_spu.c.obj)
                0x0000000000006e60                fprotect_area
 .text.pcd_fw_copy_status_get
                0x0000000000006e9c       0x38 modules/nrf/subsys/pcd/lib..__nrf__subsys__pcd.a(pcd.c.obj)
                0x0000000000006e9c                pcd_fw_copy_status_get
 .text.network_core_finished_check_handler
                0x0000000000006ed4       0x20 modules/nrf/subsys/pcd/lib..__nrf__subsys__pcd.a(pcd.c.obj)
 .text.network_core_pcd_cmdset.constprop.0
                0x0000000000006ef4       0xd8 modules/nrf/subsys/pcd/lib..__nrf__subsys__pcd.a(pcd.c.obj)
 .text.pcd_network_core_update_initiate
                0x0000000000006fcc       0x3c modules/nrf/subsys/pcd/lib..__nrf__subsys__pcd.a(pcd.c.obj)
                0x0000000000006fcc                pcd_network_core_update_initiate
 .text.pcd_network_core_update
                0x0000000000007008       0x14 modules/nrf/subsys/pcd/lib..__nrf__subsys__pcd.a(pcd.c.obj)
                0x0000000000007008                pcd_network_core_update
 .text.pcd_lock_ram
                0x000000000000701c       0x10 modules/nrf/subsys/pcd/lib..__nrf__subsys__pcd.a(pcd.c.obj)
                0x000000000000701c                pcd_lock_ram
 .text.boot_image_check_hook
                0x000000000000702c       0x24 modules/nrf/modules/mcuboot/hooks/lib..__nrf__modules__mcuboot__hooks.a(nrf53_hooks.c.obj)
                0x000000000000702c                boot_image_check_hook
 .text.network_core_update
                0x0000000000007050       0x50 modules/nrf/modules/mcuboot/hooks/lib..__nrf__modules__mcuboot__hooks.a(nrf53_hooks.c.obj)
                0x0000000000007050                network_core_update
 .text.boot_write_magic
                0x00000000000070a0       0x40 modules/mcuboot/boot/bootutil/zephyr/libmcuboot_util.a(bootutil_public.c.obj)
                0x00000000000070a0                boot_write_magic
 .text.boot_read_swap_state
                0x00000000000070e0       0xac modules/mcuboot/boot/bootutil/zephyr/libmcuboot_util.a(bootutil_public.c.obj)
                0x00000000000070e0                boot_read_swap_state
 .text.boot_swap_type_multi
                0x000000000000718c       0xb0 modules/mcuboot/boot/bootutil/zephyr/libmcuboot_util.a(bootutil_public.c.obj)
                0x000000000000718c                boot_swap_type_multi
 .text.mbedtls_ct_bool
                0x000000000000723c       0x18 modules/mbedtls/libmbedTLSBase.a(bignum_core.c.obj)
 .text.mbedtls_mpi_core_cond_assign
                0x0000000000007254       0x30 modules/mbedtls/libmbedTLSBase.a(bignum_core.c.obj)
                0x0000000000007254                mbedtls_mpi_core_cond_assign
 .text.mbedtls_ct_bool
                0x0000000000007284       0x18 modules/mbedtls/libmbedTLSBase.a(bignum.c.obj)
 .text.mbedtls_mpi_safe_cond_assign
                0x000000000000729c       0x60 modules/mbedtls/libmbedTLSBase.a(bignum.c.obj)
                0x000000000000729c                mbedtls_mpi_safe_cond_assign
 .text.mpi_select
                0x00000000000072fc       0x48 modules/mbedtls/libmbedTLSBase.a(bignum.c.obj)
 .text.mbedtls_mpi_div_mpi
                0x0000000000007344      0x334 modules/mbedtls/libmbedTLSBase.a(bignum.c.obj)
                0x0000000000007344                mbedtls_mpi_div_mpi
 .text.mbedtls_ct_memcpy_if
                0x0000000000007678       0x70 modules/mbedtls/libmbedTLSBase.a(constant_time.c.obj)
                0x0000000000007678                mbedtls_ct_memcpy_if
 .text.mbedtls_md_info_from_type
                0x00000000000076e8       0x1c modules/mbedtls/libmbedTLSBase.a(md.c.obj)
                0x00000000000076e8                mbedtls_md_info_from_type
 .text.verify_header
                0x0000000000007704       0x40 modules/mbedtls/libmbedTLSBase.a(memory_buffer_alloc.c.obj)
 .text.verify_chain
                0x0000000000007744       0x3c modules/mbedtls/libmbedTLSBase.a(memory_buffer_alloc.c.obj)
 .text.buffer_alloc_calloc
                0x0000000000007780      0x114 modules/mbedtls/libmbedTLSBase.a(memory_buffer_alloc.c.obj)
 .text.buffer_alloc_free
                0x0000000000007894      0x124 modules/mbedtls/libmbedTLSBase.a(memory_buffer_alloc.c.obj)
 .text.mbedtls_memory_buffer_alloc_init
                0x00000000000079b8       0x68 modules/mbedtls/libmbedTLSBase.a(memory_buffer_alloc.c.obj)
                0x00000000000079b8                mbedtls_memory_buffer_alloc_init
 .text.mbedtls_platform_zeroize
                0x0000000000007a20       0x18 modules/mbedtls/libmbedTLSBase.a(platform_util.c.obj)
                0x0000000000007a20                mbedtls_platform_zeroize
 .text.mbedtls_calloc
                0x0000000000007a38        0xc modules/mbedtls/libmbedTLSBase.a(platform.c.obj)
                0x0000000000007a38                mbedtls_calloc
 .text.mbedtls_free
                0x0000000000007a44        0xc modules/mbedtls/libmbedTLSBase.a(platform.c.obj)
                0x0000000000007a44                mbedtls_free
 .text.mbedtls_platform_set_calloc_free
                0x0000000000007a50       0x14 modules/mbedtls/libmbedTLSBase.a(platform.c.obj)
                0x0000000000007a50                mbedtls_platform_set_calloc_free
 .text.rsa_check_context.constprop.0
                0x0000000000007a64       0xb8 modules/mbedtls/libmbedTLSBase.a(rsa.c.obj)
 .text.mbedtls_rsa_set_padding
                0x0000000000007b1c       0x2c modules/mbedtls/libmbedTLSBase.a(rsa.c.obj)
                0x0000000000007b1c                mbedtls_rsa_set_padding
 .text.mbedtls_rsa_check_pubkey
                0x0000000000007b48       0x4c modules/mbedtls/libmbedTLSBase.a(rsa.c.obj)
                0x0000000000007b48                mbedtls_rsa_check_pubkey
 .text.mbedtls_rsa_public
                0x0000000000007b94       0x90 modules/mbedtls/libmbedTLSBase.a(rsa.c.obj)
                0x0000000000007b94                mbedtls_rsa_public
 .text.mbedtls_sha256_starts
                0x0000000000007c24       0xcc modules/mbedtls/libmbedTLSBase.a(sha256.c.obj)
                0x0000000000007c24                mbedtls_sha256_starts
 .text.mbedtls_internal_sha256_process
                0x0000000000007cf0      0x130 modules/mbedtls/libmbedTLSBase.a(sha256.c.obj)
                0x0000000000007cf0                mbedtls_internal_sha256_process
 .text.nrf53_errata_42
                0x0000000000007e20       0x24 modules/hal_nordic/nrfx/libmodules__hal_nordic__nrfx.a(system_nrf5340_application.c.obj)
 .text.SystemInit
                0x0000000000007e44      0x1c4 modules/hal_nordic/nrfx/libmodules__hal_nordic__nrfx.a(system_nrf5340_application.c.obj)
                0x0000000000007e44                SystemInit
 .text.nrfx_flag32_alloc
                0x0000000000008008       0x40 modules/hal_nordic/nrfx/libmodules__hal_nordic__nrfx.a(nrfx_flag32_allocator.c.obj)
                0x0000000000008008                nrfx_flag32_alloc
 .text.nrfx_flag32_free
                0x0000000000008048       0x38 modules/hal_nordic/nrfx/libmodules__hal_nordic__nrfx.a(nrfx_flag32_allocator.c.obj)
                0x0000000000008048                nrfx_flag32_free
 .text.nrfx_gppi_channels_enable
                0x0000000000008080        0xc modules/hal_nordic/nrfx/libmodules__hal_nordic__nrfx.a(nrfx_gppi_dppi.c.obj)
                0x0000000000008080                nrfx_gppi_channels_enable
 .text.nrfx_clock_init
                0x000000000000808c       0x20 modules/hal_nordic/nrfx/libmodules__hal_nordic__nrfx.a(nrfx_clock.c.obj)
                0x000000000000808c                nrfx_clock_init
 .text.nrfx_clock_enable
                0x00000000000080ac       0x38 modules/hal_nordic/nrfx/libmodules__hal_nordic__nrfx.a(nrfx_clock.c.obj)
                0x00000000000080ac                nrfx_clock_enable
 .text.nrfx_clock_start
                0x00000000000080e4       0xd0 modules/hal_nordic/nrfx/libmodules__hal_nordic__nrfx.a(nrfx_clock.c.obj)
                0x00000000000080e4                nrfx_clock_start
 .text.nrfx_clock_irq_handler
                0x00000000000081b4       0xb0 modules/hal_nordic/nrfx/libmodules__hal_nordic__nrfx.a(nrfx_clock.c.obj)
                0x00000000000081b4                nrfx_clock_irq_handler
 .text.nrfx_dppi_channel_alloc
                0x0000000000008264        0xc modules/hal_nordic/nrfx/libmodules__hal_nordic__nrfx.a(nrfx_dppi.c.obj)
                0x0000000000008264                nrfx_dppi_channel_alloc
 .text.nrf_gpio_pin_port_decode
                0x0000000000008270       0x24 modules/hal_nordic/nrfx/libmodules__hal_nordic__nrfx.a(nrfx_gpiote.c.obj)
 .text.get_pin_idx
                0x0000000000008294       0x14 modules/hal_nordic/nrfx/libmodules__hal_nordic__nrfx.a(nrfx_gpiote.c.obj)
 .text.pin_te_get.constprop.0
                0x00000000000082a8       0x18 modules/hal_nordic/nrfx/libmodules__hal_nordic__nrfx.a(nrfx_gpiote.c.obj)
 .text.pin_is_output.constprop.0
                0x00000000000082c0       0x18 modules/hal_nordic/nrfx/libmodules__hal_nordic__nrfx.a(nrfx_gpiote.c.obj)
 .text.pin_in_use_by_te.constprop.0
                0x00000000000082d8       0x18 modules/hal_nordic/nrfx/libmodules__hal_nordic__nrfx.a(nrfx_gpiote.c.obj)
 .text.release_handler.isra.0
                0x00000000000082f0       0x58 modules/hal_nordic/nrfx/libmodules__hal_nordic__nrfx.a(nrfx_gpiote.c.obj)
 .text.pin_uninit
                0x0000000000008348       0x84 modules/hal_nordic/nrfx/libmodules__hal_nordic__nrfx.a(nrfx_gpiote.c.obj)
 .text.nrfx_gpiote_input_configure
                0x00000000000083cc      0x178 modules/hal_nordic/nrfx/libmodules__hal_nordic__nrfx.a(nrfx_gpiote.c.obj)
                0x00000000000083cc                nrfx_gpiote_input_configure
 .text.nrfx_gpiote_output_configure
                0x0000000000008544      0x104 modules/hal_nordic/nrfx/libmodules__hal_nordic__nrfx.a(nrfx_gpiote.c.obj)
                0x0000000000008544                nrfx_gpiote_output_configure
 .text.nrfx_gpiote_init
                0x0000000000008648       0x6c modules/hal_nordic/nrfx/libmodules__hal_nordic__nrfx.a(nrfx_gpiote.c.obj)
                0x0000000000008648                nrfx_gpiote_init
 .text.nrfx_gpiote_init_check
                0x00000000000086b4       0x14 modules/hal_nordic/nrfx/libmodules__hal_nordic__nrfx.a(nrfx_gpiote.c.obj)
                0x00000000000086b4                nrfx_gpiote_init_check
 .text.nvmc_readonly_mode_set
                0x00000000000086c8       0x14 modules/hal_nordic/nrfx/libmodules__hal_nordic__nrfx.a(nrfx_nvmc.c.obj)
 .text.nvmc_word_write
                0x00000000000086dc       0x18 modules/hal_nordic/nrfx/libmodules__hal_nordic__nrfx.a(nrfx_nvmc.c.obj)
 .text.nrfx_nvmc_page_erase
                0x00000000000086f4       0x3c modules/hal_nordic/nrfx/libmodules__hal_nordic__nrfx.a(nrfx_nvmc.c.obj)
                0x00000000000086f4                nrfx_nvmc_page_erase
 .text.nrfx_nvmc_word_write
                0x0000000000008730       0x20 modules/hal_nordic/nrfx/libmodules__hal_nordic__nrfx.a(nrfx_nvmc.c.obj)
                0x0000000000008730                nrfx_nvmc_word_write
 .text.nrfx_nvmc_bytes_write
                0x0000000000008750       0x84 modules/hal_nordic/nrfx/libmodules__hal_nordic__nrfx.a(nrfx_nvmc.c.obj)
                0x0000000000008750                nrfx_nvmc_bytes_write
 .text.nrfx_power_init
                0x00000000000087d4       0x74 modules/hal_nordic/nrfx/libmodules__hal_nordic__nrfx.a(nrfx_power.c.obj)
                0x00000000000087d4                nrfx_power_init
 .text.nrfx_power_irq_handler
                0x0000000000008848       0x70 modules/hal_nordic/nrfx/libmodules__hal_nordic__nrfx.a(nrfx_power.c.obj)
                0x0000000000008848                nrfx_power_irq_handler
 .text.qspi_deactivate
                0x00000000000088b8       0x24 modules/hal_nordic/nrfx/libmodules__hal_nordic__nrfx.a(nrfx_qspi.c.obj)
 .text.qspi_ready_wait
                0x00000000000088dc       0x54 modules/hal_nordic/nrfx/libmodules__hal_nordic__nrfx.a(nrfx_qspi.c.obj)
 .text.qspi_activate
                0x0000000000008930       0x34 modules/hal_nordic/nrfx/libmodules__hal_nordic__nrfx.a(nrfx_qspi.c.obj)
 .text.qspi_xfer
                0x0000000000008964       0xe8 modules/hal_nordic/nrfx/libmodules__hal_nordic__nrfx.a(nrfx_qspi.c.obj)
 .text.qspi_event_xfer_handle.constprop.0
                0x0000000000008a4c       0x28 modules/hal_nordic/nrfx/libmodules__hal_nordic__nrfx.a(nrfx_qspi.c.obj)
 .text.nrf_gpio_cfg.constprop.0
                0x0000000000008a74       0x44 modules/hal_nordic/nrfx/libmodules__hal_nordic__nrfx.a(nrfx_qspi.c.obj)
 .text.nrf_qspi_cinstrdata_get.constprop.0
                0x0000000000008ab8       0x40 modules/hal_nordic/nrfx/libmodules__hal_nordic__nrfx.a(nrfx_qspi.c.obj)
 .text.nrf_qspi_cinstrdata_set.constprop.0
                0x0000000000008af8       0x64 modules/hal_nordic/nrfx/libmodules__hal_nordic__nrfx.a(nrfx_qspi.c.obj)
 .text.nrf_qspi_pins_set.constprop.0
                0x0000000000008b5c       0x5c modules/hal_nordic/nrfx/libmodules__hal_nordic__nrfx.a(nrfx_qspi.c.obj)
 .text.qspi_workaround_apply
                0x0000000000008bb8       0x70 modules/hal_nordic/nrfx/libmodules__hal_nordic__nrfx.a(nrfx_qspi.c.obj)
 .text.qspi_configure
                0x0000000000008c28      0x138 modules/hal_nordic/nrfx/libmodules__hal_nordic__nrfx.a(nrfx_qspi.c.obj)
 .text.nrfx_qspi_init
                0x0000000000008d60       0x40 modules/hal_nordic/nrfx/libmodules__hal_nordic__nrfx.a(nrfx_qspi.c.obj)
                0x0000000000008d60                nrfx_qspi_init
 .text.nrfx_qspi_cinstr_xfer
                0x0000000000008da0       0xac modules/hal_nordic/nrfx/libmodules__hal_nordic__nrfx.a(nrfx_qspi.c.obj)
                0x0000000000008da0                nrfx_qspi_cinstr_xfer
 .text.nrfx_qspi_activate
                0x0000000000008e4c       0x18 modules/hal_nordic/nrfx/libmodules__hal_nordic__nrfx.a(nrfx_qspi.c.obj)
                0x0000000000008e4c                nrfx_qspi_activate
 .text.nrfx_qspi_deactivate
                0x0000000000008e64       0x24 modules/hal_nordic/nrfx/libmodules__hal_nordic__nrfx.a(nrfx_qspi.c.obj)
                0x0000000000008e64                nrfx_qspi_deactivate
 .text.nrfx_qspi_init_check
                0x0000000000008e88       0x14 modules/hal_nordic/nrfx/libmodules__hal_nordic__nrfx.a(nrfx_qspi.c.obj)
                0x0000000000008e88                nrfx_qspi_init_check
 .text.nrfx_qspi_erase
                0x0000000000008e9c       0x9c modules/hal_nordic/nrfx/libmodules__hal_nordic__nrfx.a(nrfx_qspi.c.obj)
                0x0000000000008e9c                nrfx_qspi_erase
 .text.nrfx_qspi_irq_handler
                0x0000000000008f38       0x94 modules/hal_nordic/nrfx/libmodules__hal_nordic__nrfx.a(nrfx_qspi.c.obj)
                0x0000000000008f38                nrfx_qspi_irq_handler
 .text.nrfx_usbreg_enable
                0x0000000000008fcc       0x10 modules/hal_nordic/nrfx/libmodules__hal_nordic__nrfx.a(nrfx_usbreg.c.obj)
                0x0000000000008fcc                nrfx_usbreg_enable
 .text.nrfx_usbreg_disable
                0x0000000000008fdc       0x10 modules/hal_nordic/nrfx/libmodules__hal_nordic__nrfx.a(nrfx_usbreg.c.obj)
                0x0000000000008fdc                nrfx_usbreg_disable
 .text.nrfx_usbreg_uninit
                0x0000000000008fec       0x20 modules/hal_nordic/nrfx/libmodules__hal_nordic__nrfx.a(nrfx_usbreg.c.obj)
                0x0000000000008fec                nrfx_usbreg_uninit
 .text.nrfx_usbreg_init
                0x000000000000900c       0x30 modules/hal_nordic/nrfx/libmodules__hal_nordic__nrfx.a(nrfx_usbreg.c.obj)
                0x000000000000900c                nrfx_usbreg_init
 .text.nrfx_usbreg_irq_handler
                0x000000000000903c       0x50 modules/hal_nordic/nrfx/libmodules__hal_nordic__nrfx.a(nrfx_usbreg.c.obj)
                0x000000000000903c                nrfx_usbreg_irq_handler
 .text.value_encode_len
                0x000000000000908c       0x60 modules/zcbor/libmodules__zcbor.a(zcbor_encode.c.obj)
 .text.z_fatal_error
                0x00000000000090ec       0x30 zephyr/kernel/libkernel.a(fatal.c.obj)
                0x00000000000090ec                z_fatal_error
 .text.z_sys_init_run_level
                0x000000000000911c       0x48 zephyr/kernel/libkernel.a(init.c.obj)
 .text.bg_thread_main
                0x0000000000009164       0x34 zephyr/kernel/libkernel.a(init.c.obj)
 .text.z_bss_zero
                0x0000000000009198       0x18 zephyr/kernel/libkernel.a(init.c.obj)
                0x0000000000009198                z_bss_zero
 .text.z_init_cpu
                0x00000000000091b0       0x7c zephyr/kernel/libkernel.a(init.c.obj)
                0x00000000000091b0                z_init_cpu
 .text.z_cstart
                0x000000000000922c       0xd4 zephyr/kernel/libkernel.a(init.c.obj)
                0x000000000000922c                z_cstart
 .text.init_mem_slab_obj_core_list
                0x0000000000009300       0x24 zephyr/kernel/libkernel.a(mem_slab.c.obj)
 .text.k_mem_slab_alloc
                0x0000000000009324       0x5c zephyr/kernel/libkernel.a(mem_slab.c.obj)
                0x0000000000009324                k_mem_slab_alloc
 .text.z_setup_new_thread
                0x0000000000009380       0x60 zephyr/kernel/libkernel.a(thread.c.obj)
                0x0000000000009380                z_setup_new_thread
 .text.z_impl_k_thread_create
                0x00000000000093e0       0x58 zephyr/kernel/libkernel.a(thread.c.obj)
                0x00000000000093e0                z_impl_k_thread_create
 .text.z_init_static_threads
                0x0000000000009438       0x98 zephyr/kernel/libkernel.a(thread.c.obj)
                0x0000000000009438                z_init_static_threads
 .text.z_impl_k_mutex_unlock
                0x00000000000094d0       0x78 zephyr/kernel/libkernel.a(mutex.c.obj)
                0x00000000000094d0                z_impl_k_mutex_unlock
 .text.z_impl_k_mutex_lock
                0x0000000000009548       0xf4 zephyr/kernel/libkernel.a(mutex.c.obj)
                0x0000000000009548                z_impl_k_mutex_lock
 .text.z_impl_k_queue_get
                0x000000000000963c       0x68 zephyr/kernel/libkernel.a(queue.c.obj)
                0x000000000000963c                z_impl_k_queue_get
 .text.z_impl_k_sem_give
                0x00000000000096a4       0x48 zephyr/kernel/libkernel.a(sem.c.obj)
                0x00000000000096a4                z_impl_k_sem_give
 .text.z_impl_k_sem_take
                0x00000000000096ec       0x50 zephyr/kernel/libkernel.a(sem.c.obj)
                0x00000000000096ec                z_impl_k_sem_take
 .text.work_queue_main
                0x000000000000973c      0x130 zephyr/kernel/libkernel.a(work.c.obj)
 .text.submit_to_queue_locked
                0x000000000000986c       0xb0 zephyr/kernel/libkernel.a(work.c.obj)
 .text.k_work_queue_start
                0x000000000000991c       0x70 zephyr/kernel/libkernel.a(work.c.obj)
                0x000000000000991c                k_work_queue_start
 .text.k_work_schedule_for_queue
                0x000000000000998c       0x54 zephyr/kernel/libkernel.a(work.c.obj)
                0x000000000000998c                k_work_schedule_for_queue
 .text.update_cache
                0x00000000000099e0       0x30 zephyr/kernel/libkernel.a(sched.c.obj)
 .text.unready_thread
                0x0000000000009a10       0x30 zephyr/kernel/libkernel.a(sched.c.obj)
 .text.pend_locked
                0x0000000000009a40       0x30 zephyr/kernel/libkernel.a(sched.c.obj)
 .text.ready_thread
                0x0000000000009a70       0x68 zephyr/kernel/libkernel.a(sched.c.obj)
 .text.z_thread_halt
                0x0000000000009ad8       0xa0 zephyr/kernel/libkernel.a(sched.c.obj)
 .text.z_pend_curr
                0x0000000000009b78       0x30 zephyr/kernel/libkernel.a(sched.c.obj)
                0x0000000000009b78                z_pend_curr
 .text.z_set_prio
                0x0000000000009ba8       0x8c zephyr/kernel/libkernel.a(sched.c.obj)
                0x0000000000009ba8                z_set_prio
 .text.z_reschedule
                0x0000000000009c34       0x24 zephyr/kernel/libkernel.a(sched.c.obj)
                0x0000000000009c34                z_reschedule
 .text.z_sched_start
                0x0000000000009c58       0x3c zephyr/kernel/libkernel.a(sched.c.obj)
                0x0000000000009c58                z_sched_start
 .text.k_sched_lock
                0x0000000000009c94       0x28 zephyr/kernel/libkernel.a(sched.c.obj)
                0x0000000000009c94                k_sched_lock
 .text.k_sched_unlock
                0x0000000000009cbc       0x38 zephyr/kernel/libkernel.a(sched.c.obj)
                0x0000000000009cbc                k_sched_unlock
 .text.z_sched_init
                0x0000000000009cf4       0x10 zephyr/kernel/libkernel.a(sched.c.obj)
                0x0000000000009cf4                z_sched_init
 .text.z_impl_k_yield
                0x0000000000009d04       0x7c zephyr/kernel/libkernel.a(sched.c.obj)
                0x0000000000009d04                z_impl_k_yield
 .text.z_tick_sleep
                0x0000000000009d80       0x80 zephyr/kernel/libkernel.a(sched.c.obj)
 .text.z_impl_k_sleep
                0x0000000000009e00       0x34 zephyr/kernel/libkernel.a(sched.c.obj)
                0x0000000000009e00                z_impl_k_sleep
 .text.z_impl_k_usleep
                0x0000000000009e34       0x34 zephyr/kernel/libkernel.a(sched.c.obj)
                0x0000000000009e34                z_impl_k_usleep
 .text.z_impl_k_sched_current_thread_query
                0x0000000000009e68        0xc zephyr/kernel/libkernel.a(sched.c.obj)
                0x0000000000009e68                z_impl_k_sched_current_thread_query
 .text.z_sched_wait
                0x0000000000009e74       0x24 zephyr/kernel/libkernel.a(sched.c.obj)
                0x0000000000009e74                z_sched_wait
 .text.z_data_copy
                0x0000000000009e98       0x34 zephyr/kernel/libkernel.a(xip.c.obj)
                0x0000000000009e98                z_data_copy
 .text.elapsed  0x0000000000009ecc       0x14 zephyr/kernel/libkernel.a(timeout.c.obj)
 .text.next_timeout
                0x0000000000009ee0       0x40 zephyr/kernel/libkernel.a(timeout.c.obj)
 .text.remove_timeout
                0x0000000000009f20       0x38 zephyr/kernel/libkernel.a(timeout.c.obj)
 .text.z_add_timeout
                0x0000000000009f58       0xec zephyr/kernel/libkernel.a(timeout.c.obj)
                0x0000000000009f58                z_add_timeout
 .text.sys_clock_announce
                0x000000000000a044       0xd0 zephyr/kernel/libkernel.a(timeout.c.obj)
                0x000000000000a044                sys_clock_announce
 .text.sys_clock_tick_get
                0x000000000000a114       0x34 zephyr/kernel/libkernel.a(timeout.c.obj)
                0x000000000000a114                sys_clock_tick_get
 .text.z_timer_expiration_handler
                0x000000000000a148       0xe4 zephyr/kernel/libkernel.a(timer.c.obj)
                0x000000000000a148                z_timer_expiration_handler
 .text.z_impl_k_timer_start
                0x000000000000a22c       0x74 zephyr/kernel/libkernel.a(timer.c.obj)
                0x000000000000a22c                z_impl_k_timer_start
 .text.z_thread_aligned_alloc
                0x000000000000a2a0       0x40 zephyr/kernel/libkernel.a(mempool.c.obj)
                0x000000000000a2a0                z_thread_aligned_alloc
 .text.statics_init
                0x000000000000a2e0       0x24 zephyr/kernel/libkernel.a(kheap.c.obj)
 .text.k_sys_work_q_init
                0x000000000000a304       0x34 zephyr/kernel/libkernel.a(system_work_q.c.obj)
 .text.nrf_cc3xx_platform_init_no_rng
                0x000000000000a338       0x38 /opt/nordic/ncs/v2.6.1/nrfxlib/crypto/nrf_cc312_platform/lib/cortex-m33/soft-float/no-interrupts/libnrf_cc312_platform_0.9.19.a(nrf_cc3xx_platform.c.obj)
                0x000000000000a338                nrf_cc3xx_platform_init_no_rng
 .text.nrf_cc3xx_platform_abort
                0x000000000000a370       0x24 /opt/nordic/ncs/v2.6.1/nrfxlib/crypto/nrf_cc312_platform/lib/cortex-m33/soft-float/no-interrupts/libnrf_cc312_platform_0.9.19.a(nrf_cc3xx_platform_abort.c.obj)
 .text.CC_PalAbort
                0x000000000000a394       0x44 /opt/nordic/ncs/v2.6.1/nrfxlib/crypto/nrf_cc312_platform/lib/cortex-m33/soft-float/no-interrupts/libnrf_cc312_platform_0.9.19.a(nrf_cc3xx_platform_abort.c.obj)
                0x000000000000a394                CC_PalAbort
 .text.nrf_cc3xx_platform_set_abort
                0x000000000000a3d8       0x10 /opt/nordic/ncs/v2.6.1/nrfxlib/crypto/nrf_cc312_platform/lib/cortex-m33/soft-float/no-interrupts/libnrf_cc312_platform_0.9.19.a(nrf_cc3xx_platform_abort.c.obj)
                0x000000000000a3d8                nrf_cc3xx_platform_set_abort
 .text.mutex_free
                0x000000000000a3e8       0x34 /opt/nordic/ncs/v2.6.1/nrfxlib/crypto/nrf_cc312_platform/lib/cortex-m33/soft-float/no-interrupts/libnrf_cc312_platform_0.9.19.a(nrf_cc3xx_platform_mutex.c.obj)
 .text.mutex_lock
                0x000000000000a41c       0x48 /opt/nordic/ncs/v2.6.1/nrfxlib/crypto/nrf_cc312_platform/lib/cortex-m33/soft-float/no-interrupts/libnrf_cc312_platform_0.9.19.a(nrf_cc3xx_platform_mutex.c.obj)
 .text.mutex_unlock
                0x000000000000a464       0x38 /opt/nordic/ncs/v2.6.1/nrfxlib/crypto/nrf_cc312_platform/lib/cortex-m33/soft-float/no-interrupts/libnrf_cc312_platform_0.9.19.a(nrf_cc3xx_platform_mutex.c.obj)
 .text.mutex_init
                0x000000000000a49c       0x20 /opt/nordic/ncs/v2.6.1/nrfxlib/crypto/nrf_cc312_platform/lib/cortex-m33/soft-float/no-interrupts/libnrf_cc312_platform_0.9.19.a(nrf_cc3xx_platform_mutex.c.obj)
 .text.nrf_cc3xx_platform_set_mutexes
                0x000000000000a4bc       0x78 /opt/nordic/ncs/v2.6.1/nrfxlib/crypto/nrf_cc312_platform/lib/cortex-m33/soft-float/no-interrupts/libnrf_cc312_platform_0.9.19.a(nrf_cc3xx_platform_mutex.c.obj)
                0x000000000000a4bc                nrf_cc3xx_platform_set_mutexes
 .text.CC_LibInitNoRng
                0x000000000000a534       0x28 /opt/nordic/ncs/v2.6.1/nrfxlib/crypto/nrf_cc312_platform/lib/cortex-m33/soft-float/no-interrupts/libnrf_cc312_platform_0.9.19.a(cc_lib.c.obj)
                0x000000000000a534                CC_LibInitNoRng
 .text.CC_HalInit
                0x000000000000a55c        0x4 /opt/nordic/ncs/v2.6.1/nrfxlib/crypto/nrf_cc312_platform/lib/cortex-m33/soft-float/no-interrupts/libnrf_cc312_platform_0.9.19.a(cc_hal.c.obj)
                0x000000000000a55c                CC_HalInit
 .text.CC_PalInit
                0x000000000000a560       0x5c /opt/nordic/ncs/v2.6.1/nrfxlib/crypto/nrf_cc312_platform/lib/cortex-m33/soft-float/no-interrupts/libnrf_cc312_platform_0.9.19.a(cc_pal.c.obj)
                0x000000000000a560                CC_PalInit
 .text.CC_PalTerminate
                0x000000000000a5bc       0x34 /opt/nordic/ncs/v2.6.1/nrfxlib/crypto/nrf_cc312_platform/lib/cortex-m33/soft-float/no-interrupts/libnrf_cc312_platform_0.9.19.a(cc_pal.c.obj)
                0x000000000000a5bc                CC_PalTerminate
 .text.CC_PalDmaInit
                0x000000000000a5f0        0x4 /opt/nordic/ncs/v2.6.1/nrfxlib/crypto/nrf_cc312_platform/lib/cortex-m33/soft-float/no-interrupts/libnrf_cc312_platform_0.9.19.a(cc_pal_dma.c.obj)
                0x000000000000a5f0                CC_PalDmaInit
 .text.CC_PalDmaTerminate
                0x000000000000a5f4        0x4 /opt/nordic/ncs/v2.6.1/nrfxlib/crypto/nrf_cc312_platform/lib/cortex-m33/soft-float/no-interrupts/libnrf_cc312_platform_0.9.19.a(cc_pal_dma.c.obj)
                0x000000000000a5f4                CC_PalDmaTerminate
 .text.CC_PalMutexCreate
                0x000000000000a5f8       0x14 /opt/nordic/ncs/v2.6.1/nrfxlib/crypto/nrf_cc312_platform/lib/cortex-m33/soft-float/no-interrupts/libnrf_cc312_platform_0.9.19.a(cc_pal_mutex.c.obj)
                0x000000000000a5f8                CC_PalMutexCreate
 .text.CC_PalMutexDestroy
                0x000000000000a60c       0x14 /opt/nordic/ncs/v2.6.1/nrfxlib/crypto/nrf_cc312_platform/lib/cortex-m33/soft-float/no-interrupts/libnrf_cc312_platform_0.9.19.a(cc_pal_mutex.c.obj)
                0x000000000000a60c                CC_PalMutexDestroy
 .text.CC_PalPowerSaveModeInit
                0x000000000000a620       0x3c /opt/nordic/ncs/v2.6.1/nrfxlib/crypto/nrf_cc312_platform/lib/cortex-m33/soft-float/no-interrupts/libnrf_cc312_platform_0.9.19.a(cc_pal_pm.c.obj)
                0x000000000000a620                CC_PalPowerSaveModeInit
 .text._OffsetAbsSyms
                0x000000000000a65c        0x2 zephyr/CMakeFiles/offsets.dir/./arch/arm/core/offsets/offsets.c.obj
                0x000000000000a65c                _OffsetAbsSyms
 .text.flash_device_base
                0x000000000000a65e        0xc app/libapp.a(flash_map_extended.c.obj)
                0x000000000000a65e                flash_device_base
 .text.flash_area_get_device_id
                0x000000000000a66a        0x4 app/libapp.a(flash_map_extended.c.obj)
                0x000000000000a66a                flash_area_get_device_id
 .text.flash_area_get_sector
                0x000000000000a66e       0x32 app/libapp.a(flash_map_extended.c.obj)
                0x000000000000a66e                flash_area_get_sector
 .text.bootutil_tlv_iter_begin
                0x000000000000a6a0       0x9c app/libapp.a(tlv.c.obj)
                0x000000000000a6a0                bootutil_tlv_iter_begin
 .text.bootutil_tlv_iter_next
                0x000000000000a73c       0x98 app/libapp.a(tlv.c.obj)
                0x000000000000a73c                bootutil_tlv_iter_next
 .text.boot_trailer_sz
                0x000000000000a7d4        0xa app/libapp.a(bootutil_misc.c.obj)
                0x000000000000a7d4                boot_trailer_sz
 .text.boot_status_off
                0x000000000000a7de       0x16 app/libapp.a(bootutil_misc.c.obj)
                0x000000000000a7de                boot_status_off
 .text.bootutil_max_image_size
                0x000000000000a7f4        0x4 app/libapp.a(bootutil_misc.c.obj)
                0x000000000000a7f4                bootutil_max_image_size
 .text.fih_panic_loop
                0x000000000000a7f8       0x26 app/libapp.a(fault_injection_hardening.c.obj)
                0x000000000000a7f8                fih_panic_loop
 .text.boot_read_image_headers
                0x000000000000a81e       0x5e app/libapp.a(loader.c.obj)
 .text.boot_status_reset
                0x000000000000a87c       0x12 app/libapp.a(loader.c.obj)
                0x000000000000a87c                boot_status_reset
 .text.boot_status_is_reset
                0x000000000000a88e       0x1a app/libapp.a(loader.c.obj)
                0x000000000000a88e                boot_status_is_reset
 .text.boot_read_image_header
                0x000000000000a8a8       0x38 app/libapp.a(swap_scratch.c.obj)
                0x000000000000a8a8                boot_read_image_header
 .text.boot_slots_compatible
                0x000000000000a8e0       0x88 app/libapp.a(swap_scratch.c.obj)
                0x000000000000a8e0                boot_slots_compatible
 .text.crc16_itu_t
                0x000000000000a968       0x28 zephyr/libzephyr.a(crc16_sw.c.obj)
                0x000000000000a968                crc16_itu_t
 .text.z_thread_entry
                0x000000000000a990       0x14 zephyr/libzephyr.a(thread_entry.c.obj)
                0x000000000000a990                z_thread_entry
 .text.chunk_field
                0x000000000000a9a4       0x16 zephyr/libzephyr.a(heap.c.obj)
 .text.chunk_set
                0x000000000000a9ba       0x16 zephyr/libzephyr.a(heap.c.obj)
 .text.chunk_size
                0x000000000000a9d0        0xc zephyr/libzephyr.a(heap.c.obj)
 .text.set_chunk_used
                0x000000000000a9dc       0x30 zephyr/libzephyr.a(heap.c.obj)
 .text.set_chunk_size
                0x000000000000aa0c        0x8 zephyr/libzephyr.a(heap.c.obj)
 .text.mem_to_chunkid
                0x000000000000aa14       0x14 zephyr/libzephyr.a(heap.c.obj)
 .text.bucket_idx.isra.0
                0x000000000000aa28       0x1c zephyr/libzephyr.a(heap.c.obj)
 .text.free_list_remove_bidx
                0x000000000000aa44       0x5c zephyr/libzephyr.a(heap.c.obj)
 .text.free_list_remove
                0x000000000000aaa0       0x2e zephyr/libzephyr.a(heap.c.obj)
 .text.alloc_chunk
                0x000000000000aace       0x74 zephyr/libzephyr.a(heap.c.obj)
 .text.split_chunks
                0x000000000000ab42       0x4e zephyr/libzephyr.a(heap.c.obj)
 .text.merge_chunks
                0x000000000000ab90       0x3c zephyr/libzephyr.a(heap.c.obj)
 .text.free_list_add
                0x000000000000abcc       0x84 zephyr/libzephyr.a(heap.c.obj)
 .text.free_chunk
                0x000000000000ac50       0x84 zephyr/libzephyr.a(heap.c.obj)
 .text.sys_heap_free
                0x000000000000acd4       0x24 zephyr/libzephyr.a(heap.c.obj)
                0x000000000000acd4                sys_heap_free
 .text.sys_heap_alloc
                0x000000000000acf8       0x6e zephyr/libzephyr.a(heap.c.obj)
                0x000000000000acf8                sys_heap_alloc
 .text.sys_heap_aligned_alloc
                0x000000000000ad66       0xe8 zephyr/libzephyr.a(heap.c.obj)
                0x000000000000ad66                sys_heap_aligned_alloc
 .text.sys_heap_init
                0x000000000000ae4e       0xa4 zephyr/libzephyr.a(heap.c.obj)
                0x000000000000ae4e                sys_heap_init
 .text.sys_slist_find_and_remove
                0x000000000000aef2       0x36 zephyr/libzephyr.a(onoff.c.obj)
 .text.process_recheck
                0x000000000000af28       0x38 zephyr/libzephyr.a(onoff.c.obj)
 .text.validate_args
                0x000000000000af60       0x20 zephyr/libzephyr.a(onoff.c.obj)
 .text.notify_one
                0x000000000000af80       0x2c zephyr/libzephyr.a(onoff.c.obj)
 .text.transition_complete
                0x000000000000afac       0x1c zephyr/libzephyr.a(onoff.c.obj)
 .text.onoff_manager_init
                0x000000000000afc8       0x26 zephyr/libzephyr.a(onoff.c.obj)
                0x000000000000afc8                onoff_manager_init
 .text.onoff_request
                0x000000000000afee       0xb0 zephyr/libzephyr.a(onoff.c.obj)
                0x000000000000afee                onoff_request
 .text.onoff_release
                0x000000000000b09e       0x4a zephyr/libzephyr.a(onoff.c.obj)
                0x000000000000b09e                onoff_release
 .text.onoff_cancel
                0x000000000000b0e8       0x38 zephyr/libzephyr.a(onoff.c.obj)
                0x000000000000b0e8                onoff_cancel
 .text.sys_notify_validate
                0x000000000000b120       0x22 zephyr/libzephyr.a(notify.c.obj)
                0x000000000000b120                sys_notify_validate
 .text.sys_notify_finalize
                0x000000000000b142       0x1a zephyr/libzephyr.a(notify.c.obj)
                0x000000000000b142                sys_notify_finalize
 .text.ring_buf_put_claim
                0x000000000000b15c       0x3a zephyr/libzephyr.a(ring_buffer.c.obj)
                0x000000000000b15c                ring_buf_put_claim
 .text.ring_buf_put_finish
                0x000000000000b196       0x2a zephyr/libzephyr.a(ring_buffer.c.obj)
                0x000000000000b196                ring_buf_put_finish
 .text.ring_buf_put
                0x000000000000b1c0       0x3e zephyr/libzephyr.a(ring_buffer.c.obj)
                0x000000000000b1c0                ring_buf_put
 .text.ring_buf_get_claim
                0x000000000000b1fe       0x38 zephyr/libzephyr.a(ring_buffer.c.obj)
                0x000000000000b1fe                ring_buf_get_claim
 .text.ring_buf_get_finish
                0x000000000000b236       0x2a zephyr/libzephyr.a(ring_buffer.c.obj)
                0x000000000000b236                ring_buf_get_finish
 .text.ring_buf_get
                0x000000000000b260       0x40 zephyr/libzephyr.a(ring_buffer.c.obj)
                0x000000000000b260                ring_buf_get
 .text.sys_reboot
                0x000000000000b2a0       0x24 zephyr/libzephyr.a(reboot.c.obj)
                0x000000000000b2a0                sys_reboot
 .text._ConfigAbsSyms
                0x000000000000b2c4        0x2 zephyr/libzephyr.a(configs.c.obj)
                0x000000000000b2c4                _ConfigAbsSyms
 .text.flash_area_close
                0x000000000000b2c6        0x2 zephyr/libzephyr.a(flash_map.c.obj)
                0x000000000000b2c6                flash_area_close
 .text.flash_area_read
                0x000000000000b2c8       0x2a zephyr/libzephyr.a(flash_map.c.obj)
                0x000000000000b2c8                flash_area_read
 .text.flash_area_write
                0x000000000000b2f2       0x2a zephyr/libzephyr.a(flash_map.c.obj)
                0x000000000000b2f2                flash_area_write
 .text.flash_area_erase
                0x000000000000b31c       0x28 zephyr/libzephyr.a(flash_map.c.obj)
                0x000000000000b31c                flash_area_erase
 .text.flash_area_align
                0x000000000000b344        0xe zephyr/libzephyr.a(flash_map.c.obj)
                0x000000000000b344                flash_area_align
 .text.flash_area_erased_val
                0x000000000000b352        0xe zephyr/libzephyr.a(flash_map.c.obj)
                0x000000000000b352                flash_area_erased_val
 .text.get_sectors_cb
                0x000000000000b360       0x44 zephyr/libzephyr.a(flash_map_layout.c.obj)
 .text.get_ep_bm_from_addr
                0x000000000000b3a4       0x1e zephyr/libzephyr.a(usb_device.c.obj)
 .text.usb_write
                0x000000000000b3c2       0x30 zephyr/libzephyr.a(usb_device.c.obj)
                0x000000000000b3c2                usb_write
 .text.usb_get_dev_data_by_cfg
                0x000000000000b3f2       0x16 zephyr/libzephyr.a(usb_descriptor.c.obj)
                0x000000000000b3f2                usb_get_dev_data_by_cfg
 .text.usb_get_dev_data_by_iface
                0x000000000000b408       0x1a zephyr/libzephyr.a(usb_descriptor.c.obj)
                0x000000000000b408                usb_get_dev_data_by_iface
 .text.usb_get_dev_data_by_ep
                0x000000000000b422       0x2c zephyr/libzephyr.a(usb_descriptor.c.obj)
                0x000000000000b422                usb_get_dev_data_by_ep
 .text.usb_transfer_is_busy
                0x000000000000b44e       0x16 zephyr/libzephyr.a(usb_transfer.c.obj)
                0x000000000000b44e                usb_transfer_is_busy
 .text.cdc_interface_config
                0x000000000000b464       0x14 zephyr/libzephyr.a(cdc_acm.c.obj)
 .text.cdc_acm_irq_callback_work_handler
                0x000000000000b478        0xa zephyr/libzephyr.a(cdc_acm.c.obj)
 .text.cdc_acm_irq_tx_disable
                0x000000000000b482        0xa zephyr/libzephyr.a(cdc_acm.c.obj)
 .text.cdc_acm_irq_tx_ready
                0x000000000000b48c        0xe zephyr/libzephyr.a(cdc_acm.c.obj)
 .text.cdc_acm_irq_rx_disable
                0x000000000000b49a        0xa zephyr/libzephyr.a(cdc_acm.c.obj)
 .text.cdc_acm_irq_rx_ready
                0x000000000000b4a4        0x8 zephyr/libzephyr.a(cdc_acm.c.obj)
 .text.cdc_acm_irq_is_pending
                0x000000000000b4ac       0x1e zephyr/libzephyr.a(cdc_acm.c.obj)
 .text.cdc_acm_irq_update
                0x000000000000b4ca        0x4 zephyr/libzephyr.a(cdc_acm.c.obj)
 .text.cdc_acm_irq_callback_set
                0x000000000000b4ce        0x8 zephyr/libzephyr.a(cdc_acm.c.obj)
 .text.cdc_acm_line_ctrl_get
                0x000000000000b4d6       0x32 zephyr/libzephyr.a(cdc_acm.c.obj)
 .text.cdc_acm_line_ctrl_set
                0x000000000000b508       0xbe zephyr/libzephyr.a(cdc_acm.c.obj)
 .text.cdc_acm_fifo_read
                0x000000000000b5c6       0x54 zephyr/libzephyr.a(cdc_acm.c.obj)
 .text.cdc_acm_poll_in
                0x000000000000b61a       0x12 zephyr/libzephyr.a(cdc_acm.c.obj)
 .text.abort_function
                0x000000000000b62c        0x8 zephyr/libzephyr.a(nrf_cc3xx_platform_abort_zephyr.c.obj)
 .text.console_write
                0x000000000000b634       0x1c zephyr/libzephyr.a(serial_adapter.c.obj)
                0x000000000000b634                console_write
 .text.erase_range
                0x000000000000b650       0x3e zephyr/libzephyr.a(boot_serial.c.obj)
 .text.zcbor_map_decode_bulk
                0x000000000000b68e       0xa4 zephyr/libzephyr.a(zcbor_bulk.c.obj)
                0x000000000000b68e                zcbor_map_decode_bulk
 .text.z_arm_fatal_error
                0x000000000000b732        0x4 zephyr/arch/arch/arm/core/libarch__arm__core.a(fatal.c.obj)
                0x000000000000b732                z_arm_fatal_error
 .text.z_do_kernel_oops
                0x000000000000b736        0x8 zephyr/arch/arch/arm/core/libarch__arm__core.a(fatal.c.obj)
                0x000000000000b736                z_do_kernel_oops
 .text.z_arm_nmi
                0x000000000000b73e        0xe zephyr/arch/arch/arm/core/libarch__arm__core.a(nmi.c.obj)
                0x000000000000b73e                z_arm_nmi
 .text.z_irq_spurious
                0x000000000000b74c        0x8 zephyr/arch/arch/arm/core/cortex_m/libarch__arm__core__cortex_m.a(irq_manage.c.obj)
                0x000000000000b74c                z_irq_spurious
 .text.configure_builtin_stack_guard
                0x000000000000b754        0x8 zephyr/arch/arch/arm/core/cortex_m/libarch__arm__core__cortex_m.a(thread.c.obj)
                0x000000000000b754                configure_builtin_stack_guard
 .text.strlen   0x000000000000b75c        0xe zephyr/lib/libc/minimal/liblib__libc__minimal.a(string.c.obj)
                0x000000000000b75c                strlen
 .text.memcmp   0x000000000000b76a       0x20 zephyr/lib/libc/minimal/liblib__libc__minimal.a(string.c.obj)
                0x000000000000b76a                memcmp
 .text.memmove  0x000000000000b78a       0x2e zephyr/lib/libc/minimal/liblib__libc__minimal.a(string.c.obj)
                0x000000000000b78a                memmove
 .text.memcpy   0x000000000000b7b8       0x16 zephyr/lib/libc/minimal/liblib__libc__minimal.a(string.c.obj)
                0x000000000000b7b8                memcpy
 .text.memset   0x000000000000b7ce       0x12 zephyr/lib/libc/minimal/liblib__libc__minimal.a(string.c.obj)
                0x000000000000b7ce                memset
 .text.sprintf_out
                0x000000000000b7e0       0x1a zephyr/lib/libc/minimal/liblib__libc__minimal.a(sprintf.c.obj)
 .text.setup    0x000000000000b7fa        0x4 zephyr/boards/boards/arm/thingy53_nrf5340_cpuapp/libboards__arm__thingy53_nrf5340.a(board.c.obj)
 .text.ep_ctx_reset
                0x000000000000b7fe       0x26 zephyr/drivers/usb/device/libdrivers__usb__device.a(usb_dc_nrfx.c.obj)
 .text.k_mutex_lock.constprop.0.isra.0
                0x000000000000b824        0x4 zephyr/drivers/usb/device/libdrivers__usb__device.a(usb_dc_nrfx.c.obj)
 .text.k_mutex_unlock.isra.0
                0x000000000000b828        0x4 zephyr/drivers/usb/device/libdrivers__usb__device.a(usb_dc_nrfx.c.obj)
 .text.attached_evt_delay_handler
                0x000000000000b82c        0x6 zephyr/drivers/usb/device/libdrivers__usb__device.a(usb_dc_nrfx.c.obj)
 .text.usb_dc_ep_check_cap
                0x000000000000b832       0x2a zephyr/drivers/usb/device/libdrivers__usb__device.a(usb_dc_nrfx.c.obj)
                0x000000000000b832                usb_dc_ep_check_cap
 .text.usb_dc_ep_disable
                0x000000000000b85c       0x32 zephyr/drivers/usb/device/libdrivers__usb__device.a(usb_dc_nrfx.c.obj)
                0x000000000000b85c                usb_dc_ep_disable
 .text.usb_dc_ep_read
                0x000000000000b88e       0x1e zephyr/drivers/usb/device/libdrivers__usb__device.a(usb_dc_nrfx.c.obj)
                0x000000000000b88e                usb_dc_ep_read
 .text.ep2bit   0x000000000000b8ac       0x10 zephyr/drivers/usb/common/nrf_usbd_common/libdrivers__usb__common__nrf_usbd_common.a(nrf_usbd_common.c.obj)
 .text.nrf_usbd_common_ep_max_packet_size_set
                0x000000000000b8bc        0xa zephyr/drivers/usb/common/nrf_usbd_common/libdrivers__usb__common__nrf_usbd_common.a(nrf_usbd_common.c.obj)
                0x000000000000b8bc                nrf_usbd_common_ep_max_packet_size_set
 .text.nrf_usbd_common_ep_status_get
                0x000000000000b8c6       0x2e zephyr/drivers/usb/common/nrf_usbd_common/libdrivers__usb__common__nrf_usbd_common.a(nrf_usbd_common.c.obj)
                0x000000000000b8c6                nrf_usbd_common_ep_status_get
 .text.get_status
                0x000000000000b8f4       0x12 zephyr/drivers/clock_control/libdrivers__clock_control.a(clock_control_nrf.c.obj)
 .text.set_on_state
                0x000000000000b906       0x26 zephyr/drivers/clock_control/libdrivers__clock_control.a(clock_control_nrf.c.obj)
 .text.stop     0x000000000000b92c       0x54 zephyr/drivers/clock_control/libdrivers__clock_control.a(clock_control_nrf.c.obj)
 .text.api_stop
                0x000000000000b980        0x6 zephyr/drivers/clock_control/libdrivers__clock_control.a(clock_control_nrf.c.obj)
 .text.async_start
                0x000000000000b986       0x5e zephyr/drivers/clock_control/libdrivers__clock_control.a(clock_control_nrf.c.obj)
 .text.api_start
                0x000000000000b9e4        0xe zephyr/drivers/clock_control/libdrivers__clock_control.a(clock_control_nrf.c.obj)
 .text.onoff_started_callback
                0x000000000000b9f2       0x12 zephyr/drivers/clock_control/libdrivers__clock_control.a(clock_control_nrf.c.obj)
 .text.hfclkaudio_start
                0x000000000000ba04        0x6 zephyr/drivers/clock_control/libdrivers__clock_control.a(clock_control_nrf.c.obj)
 .text.hfclk192m_start
                0x000000000000ba0a        0x6 zephyr/drivers/clock_control/libdrivers__clock_control.a(clock_control_nrf.c.obj)
 .text.lfclk_start
                0x000000000000ba10        0x6 zephyr/drivers/clock_control/libdrivers__clock_control.a(clock_control_nrf.c.obj)
 .text.hfclkaudio_stop
                0x000000000000ba16        0x6 zephyr/drivers/clock_control/libdrivers__clock_control.a(clock_control_nrf.c.obj)
 .text.hfclk192m_stop
                0x000000000000ba1c        0x6 zephyr/drivers/clock_control/libdrivers__clock_control.a(clock_control_nrf.c.obj)
 .text.lfclk_stop
                0x000000000000ba22        0x6 zephyr/drivers/clock_control/libdrivers__clock_control.a(clock_control_nrf.c.obj)
 .text.blocking_start_callback
                0x000000000000ba28        0x6 zephyr/drivers/clock_control/libdrivers__clock_control.a(clock_control_nrf.c.obj)
 .text.qspi_handler
                0x000000000000ba2e        0xc zephyr/drivers/flash/libdrivers__flash.a(nrf_qspi_nor.c.obj)
 .text.qspi_send_cmd.constprop.0
                0x000000000000ba3a       0x62 zephyr/drivers/flash/libdrivers__flash.a(nrf_qspi_nor.c.obj)
 .text.qspi_rdsr.constprop.0.isra.0
                0x000000000000ba9c       0x36 zephyr/drivers/flash/libdrivers__flash.a(nrf_qspi_nor.c.obj)
 .text.qspi_nor_write_protection_set.isra.0
                0x000000000000bad2       0x2a zephyr/drivers/flash/libdrivers__flash.a(nrf_qspi_nor.c.obj)
 .text.qspi_release
                0x000000000000bafc       0x34 zephyr/drivers/flash/libdrivers__flash.a(nrf_qspi_nor.c.obj)
 .text.qspi_acquire
                0x000000000000bb30       0x2e zephyr/drivers/flash/libdrivers__flash.a(nrf_qspi_nor.c.obj)
 .text.is_regular_addr_valid
                0x000000000000bb5e       0x22 zephyr/drivers/flash/libdrivers__flash.a(soc_flash_nrf.c.obj)
 .text.flash_nrf_read
                0x000000000000bb80       0x28 zephyr/drivers/flash/libdrivers__flash.a(soc_flash_nrf.c.obj)
 .text.flash_get_page_info
                0x000000000000bba8       0x62 zephyr/drivers/flash/libdrivers__flash.a(flash_page_layout.c.obj)
 .text.z_impl_flash_get_page_info_by_offs
                0x000000000000bc0a        0x8 zephyr/drivers/flash/libdrivers__flash.a(flash_page_layout.c.obj)
                0x000000000000bc0a                z_impl_flash_get_page_info_by_offs
 .text.flash_page_foreach
                0x000000000000bc12       0x58 zephyr/drivers/flash/libdrivers__flash.a(flash_page_layout.c.obj)
                0x000000000000bc12                flash_page_foreach
 .text.gpio_nrfx_port_get_raw
                0x000000000000bc6a        0xc zephyr/drivers/gpio/libdrivers__gpio.a(gpio_nrfx.c.obj)
 .text.gpio_nrfx_port_set_masked_raw
                0x000000000000bc76       0x14 zephyr/drivers/gpio/libdrivers__gpio.a(gpio_nrfx.c.obj)
 .text.gpio_nrfx_port_set_bits_raw
                0x000000000000bc8a        0xa zephyr/drivers/gpio/libdrivers__gpio.a(gpio_nrfx.c.obj)
 .text.gpio_nrfx_port_clear_bits_raw
                0x000000000000bc94        0xa zephyr/drivers/gpio/libdrivers__gpio.a(gpio_nrfx.c.obj)
 .text.gpio_nrfx_port_toggle_bits
                0x000000000000bc9e       0x14 zephyr/drivers/gpio/libdrivers__gpio.a(gpio_nrfx.c.obj)
 .text.z_impl_hwinfo_get_device_id
                0x000000000000bcb2       0x2c zephyr/drivers/hwinfo/libdrivers__hwinfo.a(hwinfo_nrf.c.obj)
                0x000000000000bcb2                z_impl_hwinfo_get_device_id
 .text.pinctrl_lookup_state
                0x000000000000bcde       0x26 zephyr/drivers/pinctrl/libdrivers__pinctrl.a(common.c.obj)
                0x000000000000bcde                pinctrl_lookup_state
 .text.regulator_common_data_init
                0x000000000000bd04       0x10 zephyr/drivers/regulator/libdrivers__regulator.a(regulator_common.c.obj)
                0x000000000000bd04                regulator_common_data_init
 .text.regulator_set_voltage
                0x000000000000bd14       0x28 zephyr/drivers/regulator/libdrivers__regulator.a(regulator_common.c.obj)
                0x000000000000bd14                regulator_set_voltage
 .text.regulator_set_mode
                0x000000000000bd3c       0x3e zephyr/drivers/regulator/libdrivers__regulator.a(regulator_common.c.obj)
                0x000000000000bd3c                regulator_set_mode
 .text.regulator_common_init