Archive member included to satisfy reference by file (symbol)

app/libapp.a(app_battery.c.obj)
                              (--whole-archive)
app/libapp.a(main.c.obj)      (--whole-archive)
zephyr/libzephyr.a(cbprintf_packaged.c.obj)
                              (--whole-archive)
zephyr/libzephyr.a(dec.c.obj)
                              (--whole-archive)
zephyr/libzephyr.a(hex.c.obj)
                              (--whole-archive)
zephyr/libzephyr.a(printk.c.obj)
                              (--whole-archive)
zephyr/libzephyr.a(rb.c.obj)  (--whole-archive)
zephyr/libzephyr.a(sem.c.obj)
                              (--whole-archive)
zephyr/libzephyr.a(thread_entry.c.obj)
                              (--whole-archive)
zephyr/libzephyr.a(timeutil.c.obj)
                              (--whole-archive)
zephyr/libzephyr.a(heap.c.obj)
                              (--whole-archive)
zephyr/libzephyr.a(heap-validate.c.obj)
                              (--whole-archive)
zephyr/libzephyr.a(bitarray.c.obj)
                              (--whole-archive)
zephyr/libzephyr.a(multi_heap.c.obj)
                              (--whole-archive)
zephyr/libzephyr.a(onoff.c.obj)
                              (--whole-archive)
zephyr/libzephyr.a(notify.c.obj)
                              (--whole-archive)
zephyr/libzephyr.a(cbprintf_complete.c.obj)
                              (--whole-archive)
zephyr/libzephyr.a(ring_buffer.c.obj)
                              (--whole-archive)
zephyr/libzephyr.a(assert.c.obj)
                              (--whole-archive)
zephyr/libzephyr.a(reboot.c.obj)
                              (--whole-archive)
zephyr/libzephyr.a(configs.c.obj)
                              (--whole-archive)
zephyr/libzephyr.a(mem_attr.c.obj)
                              (--whole-archive)
zephyr/libzephyr.a(tracing_none.c.obj)
                              (--whole-archive)
zephyr/libzephyr.a(usb_device.c.obj)
                              (--whole-archive)
zephyr/libzephyr.a(usb_descriptor.c.obj)
                              (--whole-archive)
zephyr/libzephyr.a(usb_transfer.c.obj)
                              (--whole-archive)
zephyr/libzephyr.a(cdc_acm.c.obj)
                              (--whole-archive)
zephyr/libzephyr.a(usb_work_q.c.obj)
                              (--whole-archive)
zephyr/libzephyr.a(flash_map_partition_manager.c.obj)
                              (--whole-archive)
zephyr/arch/common/libarch__common.a(sw_isr_common.c.obj)
                              (--whole-archive)
zephyr/arch/arch/arm/core/libarch__arm__core.a(fatal.c.obj)
                              (--whole-archive)
zephyr/arch/arch/arm/core/libarch__arm__core.a(nmi.c.obj)
                              (--whole-archive)
zephyr/arch/arch/arm/core/libarch__arm__core.a(nmi_on_reset.S.obj)
                              (--whole-archive)
zephyr/arch/arch/arm/core/libarch__arm__core.a(tls.c.obj)
                              (--whole-archive)
zephyr/arch/arch/arm/core/cortex_m/libarch__arm__core__cortex_m.a(exc_exit.S.obj)
                              (--whole-archive)
zephyr/arch/arch/arm/core/cortex_m/libarch__arm__core__cortex_m.a(fault.c.obj)
                              (--whole-archive)
zephyr/arch/arch/arm/core/cortex_m/libarch__arm__core__cortex_m.a(fault_s.S.obj)
                              (--whole-archive)
zephyr/arch/arch/arm/core/cortex_m/libarch__arm__core__cortex_m.a(fpu.c.obj)
                              (--whole-archive)
zephyr/arch/arch/arm/core/cortex_m/libarch__arm__core__cortex_m.a(reset.S.obj)
                              (--whole-archive)
zephyr/arch/arch/arm/core/cortex_m/libarch__arm__core__cortex_m.a(scb.c.obj)
                              (--whole-archive)
zephyr/arch/arch/arm/core/cortex_m/libarch__arm__core__cortex_m.a(thread_abort.c.obj)
                              (--whole-archive)
zephyr/arch/arch/arm/core/cortex_m/libarch__arm__core__cortex_m.a(vector_table.S.obj)
                              (--whole-archive)
zephyr/arch/arch/arm/core/cortex_m/libarch__arm__core__cortex_m.a(swap.c.obj)
                              (--whole-archive)
zephyr/arch/arch/arm/core/cortex_m/libarch__arm__core__cortex_m.a(swap_helper.S.obj)
                              (--whole-archive)
zephyr/arch/arch/arm/core/cortex_m/libarch__arm__core__cortex_m.a(irq_manage.c.obj)
                              (--whole-archive)
zephyr/arch/arch/arm/core/cortex_m/libarch__arm__core__cortex_m.a(prep_c.c.obj)
                              (--whole-archive)
zephyr/arch/arch/arm/core/cortex_m/libarch__arm__core__cortex_m.a(thread.c.obj)
                              (--whole-archive)
zephyr/arch/arch/arm/core/cortex_m/libarch__arm__core__cortex_m.a(cpu_idle.S.obj)
                              (--whole-archive)
zephyr/arch/arch/arm/core/cortex_m/libarch__arm__core__cortex_m.a(irq_init.c.obj)
                              (--whole-archive)
zephyr/arch/arch/arm/core/cortex_m/libarch__arm__core__cortex_m.a(isr_wrapper.S.obj)
[...]
Memory Configuration

Name             Origin             Length             Attributes
FLASH            0x000000000001c000 0x00000000000d4000 xr
RAM              0x000000002000a000 0x0000000000066000 xw
IDT_LIST         0x00000000ffff7fff 0x0000000000008000 xw
*default*        0x0000000000000000 0xffffffffffffffff

Linker script and memory map

                0x0000000000024dc0                vfprintf = __l_vfprintf
                0x0000000000000000                vfscanf = __l_vfscanf
LOAD zephyr/CMakeFiles/zephyr_pre0.dir/misc/empty_file.c.obj
LOAD zephyr/CMakeFiles/offsets.dir/./arch/arm/core/offsets/offsets.c.obj
LOAD tfm/api_ns/interface/lib/s_veneers.o
LOAD app/libapp.a
LOAD zephyr/libzephyr.a
LOAD zephyr/arch/common/libarch__common.a
LOAD zephyr/arch/arch/arm/core/libarch__arm__core.a
LOAD zephyr/arch/arch/arm/core/cortex_m/libarch__arm__core__cortex_m.a
LOAD zephyr/arch/arch/arm/core/cortex_m/cmse/libarch__arm__core__cortex_m__cmse.a
LOAD zephyr/arch/arch/arm/core/mpu/libarch__arm__core__mpu.a
LOAD zephyr/lib/libc/picolibc/liblib__libc__picolibc.a
LOAD zephyr/lib/libc/common/liblib__libc__common.a
LOAD zephyr/soc/soc/arm/nordic_nrf/libsoc__arm__nordic_nrf.a
LOAD zephyr/boards/arm/thingy53_nrf5340/libboards__arm__thingy53_nrf5340.a
LOAD zephyr/drivers/usb/device/libdrivers__usb__device.a
LOAD zephyr/drivers/usb/common/nrf_usbd_common/libdrivers__usb__common__nrf_usbd_common.a
LOAD zephyr/drivers/adc/libdrivers__adc.a
LOAD zephyr/drivers/clock_control/libdrivers__clock_control.a
LOAD zephyr/drivers/console/libdrivers__console.a
LOAD zephyr/drivers/gpio/libdrivers__gpio.a
LOAD zephyr/drivers/hwinfo/libdrivers__hwinfo.a
LOAD zephyr/drivers/i2c/libdrivers__i2c.a
LOAD zephyr/drivers/pinctrl/libdrivers__pinctrl.a
LOAD zephyr/drivers/pwm/libdrivers__pwm.a
LOAD zephyr/drivers/regulator/libdrivers__regulator.a
LOAD zephyr/drivers/serial/libdrivers__serial.a
LOAD zephyr/drivers/spi/libdrivers__spi.a
LOAD zephyr/drivers/timer/libdrivers__timer.a
LOAD modules/nrf/lib/fatal_error/lib..__nrf__lib__fatal_error.a
LOAD modules/nrf/subsys/nrf_security/src/zephyr/libmbedtls_zephyr.a
LOAD modules/nrf/modules/trusted-firmware-m/lib..__nrf__modules__trusted-firmware-m.a
LOAD modules/nrf/modules/trusted-firmware-m/libtfm_api_nrf.a
LOAD modules/trusted-firmware-m/libtfm_api.a
LOAD modules/hal_nordic/nrfx/libmodules__hal_nordic__nrfx.a
LOAD zephyr/kernel/libkernel.a
LOAD /opt/nordic/ncs/toolchains/580e4ef81c/opt/zephyr-sdk/arm-zephyr-eabi/bin/../lib/gcc/arm-zephyr-eabi/12.2.0/thumb/v8-m.main/nofp/libgcc.a
LOAD zephyr/arch/common/libisr_tables.a
LOAD modules/nrf/subsys/nrf_security/src/libmbedcrypto.a
LOAD /opt/nordic/ncs/v2.6.1/nrfxlib/crypto/nrf_oberon/lib/cortex-m33/soft-float/liboberon_mbedtls_3.0.14.a
LOAD modules/nrf/subsys/nrf_security/src/libmbedcrypto_base.a
LOAD /opt/nordic/ncs/v2.6.1/nrfxlib/crypto/nrf_oberon/lib/cortex-m33/soft-float/liboberon_3.0.14.a
LOAD /opt/nordic/ncs/toolchains/580e4ef81c/opt/zephyr-sdk/arm-zephyr-eabi/bin/../lib/gcc/../../picolibc/arm-zephyr-eabi/lib/thumb/v8-m.main/nofp/libc.a
LOAD /opt/nordic/ncs/toolchains/580e4ef81c/opt/zephyr-sdk/arm-zephyr-eabi/bin/../lib/gcc/arm-zephyr-eabi/12.2.0/thumb/v8-m.main/nofp/libgcc.a
                0x0000000000000020                _region_min_align = 0x20

.rel.plt        0x000000000001c000        0x0
 *(SORT_BY_ALIGNMENT(.rel.plt))
                [!provide]                        PROVIDE (__rel_iplt_start = .)
 *(SORT_BY_ALIGNMENT(.rel.iplt))
 .rel.iplt      0x000000000001c000        0x0 app/libapp.a(app_battery.c.obj)
                [!provide]                        PROVIDE (__rel_iplt_end = .)

.rela.plt       0x0000000000000000        0x0
 *(SORT_BY_ALIGNMENT(.rela.plt))
                [!provide]                        PROVIDE (__rela_iplt_start = .)
 *(SORT_BY_ALIGNMENT(.rela.iplt))
                [!provide]                        PROVIDE (__rela_iplt_end = .)

.rel.dyn
 *(SORT_BY_ALIGNMENT(.rel.*))

.rela.dyn
 *(SORT_BY_ALIGNMENT(.rela.*))

/DISCARD/
 *(SORT_BY_ALIGNMENT(.plt))

/DISCARD/
 *(SORT_BY_ALIGNMENT(.iplt))
                0x000000000001c000                __rom_region_start = 0x1c000

rom_start       0x000000000001c000      0x154
                0x000000000001c000                __rom_start_address = .
 FILL mask 0x00
                0x000000000001c000                . = (. + (0x0 - (. - __rom_start_address)))
                0x000000000001c000                . = ALIGN (0x4)
                0x000000000001c000                . = ALIGN (0x80)
                0x000000000001c000                . = ALIGN (0x200)
                0x000000000001c000                _vector_start = .
 *(SORT_BY_ALIGNMENT(.exc_vector_table))
 *(SORT_BY_ALIGNMENT(.exc_vector_table.*))
 .exc_vector_table._vector_table_section
                0x000000000001c000       0x40 zephyr/arch/arch/arm/core/cortex_m/libarch__arm__core__cortex_m.a(vector_table.S.obj)
                0x000000000001c000                _vector_table
 *(SORT_BY_ALIGNMENT(.vectors))
                0x000000000001c154                _vector_end = .
                0x000000000001c040                . = ALIGN (0x4)
 *(SORT_BY_ALIGNMENT(.gnu.linkonce.irq_vector_table*))
 .gnu.linkonce.irq_vector_table
                0x000000000001c040      0x114 zephyr/arch/common/libisr_tables.a(isr_tables.c.obj)
                0x000000000001c040                _irq_vector_table
                0x000000000001c154                _vector_end = .

text            0x000000000001c154     0xb740
                0x000000000001c154                __text_region_start = .
 *(SORT_BY_ALIGNMENT(.text))
 .text          0x000000000001c154       0xa0 /opt/nordic/ncs/toolchains/580e4ef81c/opt/zephyr-sdk/arm-zephyr-eabi/bin/../lib/gcc/arm-zephyr-eabi/12.2.0/thumb/v8-m.main/nofp/libgcc.a(_aeabi_ldivmod.o)
                0x000000000001c154                __aeabi_ldivmod
 .text          0x000000000001c1f4       0x30 /opt/nordic/ncs/toolchains/580e4ef81c/opt/zephyr-sdk/arm-zephyr-eabi/bin/../lib/gcc/arm-zephyr-eabi/12.2.0/thumb/v8-m.main/nofp/libgcc.a(_aeabi_uldivmod.o)
                0x000000000001c1f4                __aeabi_uldivmod
 .text          0x000000000001c224        0x4 /opt/nordic/ncs/toolchains/580e4ef81c/opt/zephyr-sdk/arm-zephyr-eabi/bin/../lib/gcc/arm-zephyr-eabi/12.2.0/thumb/v8-m.main/nofp/libgcc.a(_dvmd_tls.o)
                0x000000000001c224                __aeabi_ldiv0
                0x000000000001c224                __aeabi_idiv0
 .text          0x000000000001c228      0x29c /opt/nordic/ncs/toolchains/580e4ef81c/opt/zephyr-sdk/arm-zephyr-eabi/bin/../lib/gcc/arm-zephyr-eabi/12.2.0/thumb/v8-m.main/nofp/libgcc.a(_udivmoddi4.o)
                0x000000000001c228                __udivmoddi4
 .text          0x000000000001c4c4       0x10 /opt/nordic/ncs/toolchains/580e4ef81c/opt/zephyr-sdk/arm-zephyr-eabi/bin/../lib/gcc/../../picolibc/arm-zephyr-eabi/lib/thumb/v8-m.main/nofp/libc.a(strlen.S.o)
                0x000000000001c4c4                strlen
 *(SORT_BY_ALIGNMENT(.text.*))
 .text.app_battery_init
                0x000000000001c4d4       0x94 app/libapp.a(app_battery.c.obj)
                0x000000000001c4d4                app_battery_init
 .text.app_battery_voltage_mv
                0x000000000001c568       0x54 app/libapp.a(app_battery.c.obj)
                0x000000000001c568                app_battery_voltage_mv
 .text.app_battery_charging
                0x000000000001c5bc       0x28 app/libapp.a(app_battery.c.obj)
                0x000000000001c5bc                app_battery_charging
 .text.main     0x000000000001c5e4       0x5c app/libapp.a(main.c.obj)
                0x000000000001c5e4                main
 .text.char_out
                0x000000000001c640        0xc zephyr/libzephyr.a(printk.c.obj)
 .text.__printk_hook_install
                0x000000000001c64c        0xc zephyr/libzephyr.a(printk.c.obj)
                0x000000000001c64c                __printk_hook_install
 .text.vprintk  0x000000000001c658       0x30 zephyr/libzephyr.a(printk.c.obj)
                0x000000000001c658                vprintk
 .text.z_thread_entry
                0x000000000001c688       0x34 zephyr/libzephyr.a(thread_entry.c.obj)
                0x000000000001c688                z_thread_entry
 .text.process_event
                0x000000000001c6bc      0x21c zephyr/libzephyr.a(onoff.c.obj)
 .text.mem_attr_get_regions
                0x000000000001c8d8        0xc zephyr/libzephyr.a(mem_attr.c.obj)
                0x000000000001c8d8                mem_attr_get_regions
 .text.class_handler
                0x000000000001c8e4       0x40 zephyr/libzephyr.a(usb_device.c.obj)
 .text.custom_handler
                0x000000000001c924       0x60 zephyr/libzephyr.a(usb_device.c.obj)
 .text.vendor_handler
                0x000000000001c984       0x3c zephyr/libzephyr.a(usb_device.c.obj)
 .text.disable_endpoint
                0x000000000001c9c0       0x2c zephyr/libzephyr.a(usb_device.c.obj)
 .text.usb_reset_alt_setting
                0x000000000001c9ec       0x10 zephyr/libzephyr.a(usb_device.c.obj)
 .text.is_ep_valid.part.0
                0x000000000001c9fc       0x38 zephyr/libzephyr.a(usb_device.c.obj)
 .text.usb_handle_request.constprop.0
                0x000000000001ca34       0x2c zephyr/libzephyr.a(usb_device.c.obj)
 .text.forward_status_cb
                0x000000000001ca60       0xac zephyr/libzephyr.a(usb_device.c.obj)
 .text.usb_halt_endpoint_req.isra.0
                0x000000000001cb0c       0x50 zephyr/libzephyr.a(usb_device.c.obj)
 .text.set_endpoint
                0x000000000001cb5c       0x84 zephyr/libzephyr.a(usb_device.c.obj)
 .text.usb_handle_standard_request
                0x000000000001cbe0      0x29c zephyr/libzephyr.a(usb_device.c.obj)
 .text.usb_data_to_host
                0x000000000001ce7c       0x60 zephyr/libzephyr.a(usb_device.c.obj)
 .text.usb_handle_control_transfer
                0x000000000001cedc       0xdc zephyr/libzephyr.a(usb_device.c.obj)
 .text.usb_set_config
                0x000000000001cfb8       0x2c zephyr/libzephyr.a(usb_device.c.obj)
                0x000000000001cfb8                usb_set_config
 .text.usb_enable
                0x000000000001cfe4      0x124 zephyr/libzephyr.a(usb_device.c.obj)
                0x000000000001cfe4                usb_enable
 .text.usb_device_init
                0x000000000001d108       0x30 zephyr/libzephyr.a(usb_device.c.obj)
 .text.usb_update_sn_string_descriptor
                0x000000000001d138       0x88 zephyr/libzephyr.a(usb_descriptor.c.obj)
                0x000000000001d138                usb_update_sn_string_descriptor
 .text.usb_get_device_descriptor
                0x000000000001d1c0      0x1d4 zephyr/libzephyr.a(usb_descriptor.c.obj)
                0x000000000001d1c0                usb_get_device_descriptor
 .text.usb_ep_get_transfer
                0x000000000001d394       0x2c zephyr/libzephyr.a(usb_transfer.c.obj)
 .text.usb_transfer_work
                0x000000000001d3c0      0x100 zephyr/libzephyr.a(usb_transfer.c.obj)
 .text.usb_transfer_ep_callback
                0x000000000001d4c0       0x5c zephyr/libzephyr.a(usb_transfer.c.obj)
                0x000000000001d4c0                usb_transfer_ep_callback
 .text.usb_transfer
                0x000000000001d51c       0xe4 zephyr/libzephyr.a(usb_transfer.c.obj)
                0x000000000001d51c                usb_transfer
 .text.usb_cancel_transfer
                0x000000000001d600       0x3c zephyr/libzephyr.a(usb_transfer.c.obj)
                0x000000000001d600                usb_cancel_transfer
 .text.usb_cancel_transfers
                0x000000000001d63c       0x48 zephyr/libzephyr.a(usb_transfer.c.obj)
                0x000000000001d63c                usb_cancel_transfers
 .text.usb_transfer_init
                0x000000000001d684       0x34 zephyr/libzephyr.a(usb_transfer.c.obj)
                0x000000000001d684                usb_transfer_init
 .text.cdc_acm_int_in
                0x000000000001d6b8       0x18 zephyr/libzephyr.a(cdc_acm.c.obj)
 .text.cdc_acm_irq_rx_enable
                0x000000000001d6d0       0x20 zephyr/libzephyr.a(cdc_acm.c.obj)
 .text.cdc_acm_irq_tx_enable
                0x000000000001d6f0       0x20 zephyr/libzephyr.a(cdc_acm.c.obj)
 .text.cdc_acm_write_cb
                0x000000000001d710       0x54 zephyr/libzephyr.a(cdc_acm.c.obj)
 .text.cdc_acm_fifo_fill
                0x000000000001d764       0x38 zephyr/libzephyr.a(cdc_acm.c.obj)
 .text.tx_work_handler
                0x000000000001d79c       0x64 zephyr/libzephyr.a(cdc_acm.c.obj)
 .text.cdc_acm_class_handle_req
                0x000000000001d800       0x64 zephyr/libzephyr.a(cdc_acm.c.obj)
                0x000000000001d800                cdc_acm_class_handle_req
 .text.cdc_acm_reset_port
                0x000000000001d864       0x3c zephyr/libzephyr.a(cdc_acm.c.obj)
 .text.cdc_acm_init
                0x000000000001d8a0       0x48 zephyr/libzephyr.a(cdc_acm.c.obj)
 .text.cdc_acm_poll_out
                0x000000000001d8e8       0x4c zephyr/libzephyr.a(cdc_acm.c.obj)
 .text.cdc_acm_read_cb
                0x000000000001d934       0x74 zephyr/libzephyr.a(cdc_acm.c.obj)
 .text.cdc_acm_dev_status_cb
                0x000000000001d9a8       0x84 zephyr/libzephyr.a(cdc_acm.c.obj)
 .text.z_usb_work_q_init
                0x000000000001da2c       0x34 zephyr/libzephyr.a(usb_work_q.c.obj)
 .text.z_SysNmiOnReset
                0x000000000001da60        0x8 zephyr/arch/arch/arm/core/libarch__arm__core.a(nmi_on_reset.S.obj)
                0x000000000001da60                z_SysNmiOnReset
 .text.arch_tls_stack_setup
                0x000000000001da68       0x5c zephyr/arch/arch/arm/core/libarch__arm__core.a(tls.c.obj)
                0x000000000001da68                arch_tls_stack_setup
 .text._HandlerModeExit
                0x000000000001dac4       0x1c zephyr/arch/arch/arm/core/cortex_m/libarch__arm__core__cortex_m.a(exc_exit.S.obj)
                0x000000000001dac4                z_arm_exc_exit
                0x000000000001dac4                z_arm_int_exit
 .text.usage_fault.constprop.0
                0x000000000001dae0       0x5c zephyr/arch/arch/arm/core/cortex_m/libarch__arm__core__cortex_m.a(fault.c.obj)
 .text.bus_fault.constprop.0
                0x000000000001db3c       0x6c zephyr/arch/arch/arm/core/cortex_m/libarch__arm__core__cortex_m.a(fault.c.obj)
 .text.mem_manage_fault.constprop.0
                0x000000000001dba8       0x78 zephyr/arch/arch/arm/core/cortex_m/libarch__arm__core__cortex_m.a(fault.c.obj)
 .text.z_arm_fault
                0x000000000001dc20      0x130 zephyr/arch/arch/arm/core/cortex_m/libarch__arm__core__cortex_m.a(fault.c.obj)
                0x000000000001dc20                z_arm_fault
 .text.z_arm_fault_init
                0x000000000001dd50       0x18 zephyr/arch/arch/arm/core/cortex_m/libarch__arm__core__cortex_m.a(fault.c.obj)
                0x000000000001dd50                z_arm_fault_init
 .text.__fault  0x000000000001dd68       0x14 zephyr/arch/arch/arm/core/cortex_m/libarch__arm__core__cortex_m.a(fault_s.S.obj)
                0x000000000001dd68                z_arm_bus_fault
                0x000000000001dd68                z_arm_usage_fault
                0x000000000001dd68                z_arm_mpu_fault
                0x000000000001dd68                z_arm_exc_spurious
                0x000000000001dd68                z_arm_debug_monitor
                0x000000000001dd68                z_arm_hard_fault
 .text._reset_section
                0x000000000001dd7c       0x60 zephyr/arch/arch/arm/core/cortex_m/libarch__arm__core__cortex_m.a(reset.S.obj)
                0x000000000001dd7c                z_arm_reset
                0x000000000001dd7c                __start
 .text.sys_arch_reboot
                0x000000000001dddc       0x24 zephyr/arch/arch/arm/core/cortex_m/libarch__arm__core__cortex_m.a(scb.c.obj)
                0x000000000001dddc                sys_arch_reboot
 .text.z_arm_clear_arm_mpu_config
                0x000000000001de00       0x24 zephyr/arch/arch/arm/core/cortex_m/libarch__arm__core__cortex_m.a(scb.c.obj)
                0x000000000001de00                z_arm_clear_arm_mpu_config
 .text.z_arm_init_arch_hw_at_boot
                0x000000000001de24       0x4c zephyr/arch/arch/arm/core/cortex_m/libarch__arm__core__cortex_m.a(scb.c.obj)
                0x000000000001de24                z_arm_init_arch_hw_at_boot
 .text.z_impl_k_thread_abort
                0x000000000001de70       0x2c zephyr/arch/arch/arm/core/cortex_m/libarch__arm__core__cortex_m.a(thread_abort.c.obj)
                0x000000000001de70                z_impl_k_thread_abort
 .text.arch_swap
                0x000000000001de9c       0x30 zephyr/arch/arch/arm/core/cortex_m/libarch__arm__core__cortex_m.a(swap.c.obj)
                0x000000000001de9c                arch_swap
 .text.z_arm_pendsv
                0x000000000001decc       0x70 zephyr/arch/arch/arm/core/cortex_m/libarch__arm__core__cortex_m.a(swap_helper.S.obj)
                0x000000000001decc                z_arm_pendsv
 .text.z_arm_svc
                0x000000000001df3c       0x20 zephyr/arch/arch/arm/core/cortex_m/libarch__arm__core__cortex_m.a(swap_helper.S.obj)
                0x000000000001df3c                z_arm_svc
 .text.arch_irq_enable
                0x000000000001df5c       0x1c zephyr/arch/arch/arm/core/cortex_m/libarch__arm__core__cortex_m.a(irq_manage.c.obj)
                0x000000000001df5c                arch_irq_enable
 .text.arch_irq_disable
                0x000000000001df78       0x28 zephyr/arch/arch/arm/core/cortex_m/libarch__arm__core__cortex_m.a(irq_manage.c.obj)
                0x000000000001df78                arch_irq_disable
 .text.arch_irq_is_enabled
                0x000000000001dfa0       0x1c zephyr/arch/arch/arm/core/cortex_m/libarch__arm__core__cortex_m.a(irq_manage.c.obj)
                0x000000000001dfa0                arch_irq_is_enabled
 .text.z_arm_irq_priority_set
                0x000000000001dfbc       0x2c zephyr/arch/arch/arm/core/cortex_m/libarch__arm__core__cortex_m.a(irq_manage.c.obj)
                0x000000000001dfbc                z_arm_irq_priority_set
 .text.z_arm_prep_c
                0x000000000001dfe8       0x38 zephyr/arch/arch/arm/core/cortex_m/libarch__arm__core__cortex_m.a(prep_c.c.obj)
                0x000000000001dfe8                z_arm_prep_c
 .text.arch_new_thread
                0x000000000001e020       0x3c zephyr/arch/arch/arm/core/cortex_m/libarch__arm__core__cortex_m.a(thread.c.obj)
                0x000000000001e020                arch_new_thread
 .text.arch_switch_to_main_thread
                0x000000000001e05c       0x34 zephyr/arch/arch/arm/core/cortex_m/libarch__arm__core__cortex_m.a(thread.c.obj)
                0x000000000001e05c                arch_switch_to_main_thread
 .text.z_arm_cpu_idle_init
                0x000000000001e090        0xc zephyr/arch/arch/arm/core/cortex_m/libarch__arm__core__cortex_m.a(cpu_idle.S.obj)
                0x000000000001e090                z_arm_cpu_idle_init
 .text.arch_cpu_idle
                0x000000000001e09c       0x38 zephyr/arch/arch/arm/core/cortex_m/libarch__arm__core__cortex_m.a(cpu_idle.S.obj)
                0x000000000001e09c                arch_cpu_idle
 .text.arch_cpu_atomic_idle
                0x000000000001e0d4       0x34 zephyr/arch/arch/arm/core/cortex_m/libarch__arm__core__cortex_m.a(cpu_idle.S.obj)
                0x000000000001e0d4                arch_cpu_atomic_idle
 .text.z_arm_interrupt_init
                0x000000000001e108       0x18 zephyr/arch/arch/arm/core/cortex_m/libarch__arm__core__cortex_m.a(irq_init.c.obj)
                0x000000000001e108                z_arm_interrupt_init
 .text._isr_wrapper
                0x000000000001e120       0x28 zephyr/arch/arch/arm/core/cortex_m/libarch__arm__core__cortex_m.a(isr_wrapper.S.obj)
                0x000000000001e120                _isr_wrapper
 .text.z_arm_configure_static_mpu_regions
                0x000000000001e148       0x38 zephyr/arch/arch/arm/core/mpu/libarch__arm__core__mpu.a(arm_core_mpu.c.obj)
                0x000000000001e148                z_arm_configure_static_mpu_regions
 .text.region_init
                0x000000000001e180       0x34 zephyr/arch/arch/arm/core/mpu/libarch__arm__core__mpu.a(arm_mpu.c.obj)
 .text.mpu_configure_regions_and_partition.constprop.0
                0x000000000001e1b4      0x14c zephyr/arch/arch/arm/core/mpu/libarch__arm__core__mpu.a(arm_mpu.c.obj)
 .text.arm_core_mpu_enable
                0x000000000001e300       0x18 zephyr/arch/arch/arm/core/mpu/libarch__arm__core__mpu.a(arm_mpu.c.obj)
                0x000000000001e300                arm_core_mpu_enable
 .text.arm_core_mpu_disable
                0x000000000001e318       0x14 zephyr/arch/arch/arm/core/mpu/libarch__arm__core__mpu.a(arm_mpu.c.obj)
                0x000000000001e318                arm_core_mpu_disable
 .text.arm_core_mpu_configure_static_mpu_regions
                0x000000000001e32c       0x14 zephyr/arch/arch/arm/core/mpu/libarch__arm__core__mpu.a(arm_mpu.c.obj)
                0x000000000001e32c                arm_core_mpu_configure_static_mpu_regions
 .text.arm_core_mpu_mark_areas_for_dynamic_regions
                0x000000000001e340       0xb8 zephyr/arch/arch/arm/core/mpu/libarch__arm__core__mpu.a(arm_mpu.c.obj)
                0x000000000001e340                arm_core_mpu_mark_areas_for_dynamic_regions
 .text.z_arm_mpu_init
                0x000000000001e3f8       0xf8 zephyr/arch/arch/arm/core/mpu/libarch__arm__core__mpu.a(arm_mpu.c.obj)
                0x000000000001e3f8                z_arm_mpu_init
 .text.z_impl_zephyr_fputc
                0x000000000001e4f0       0x10 zephyr/lib/libc/picolibc/liblib__libc__picolibc.a(libc-hooks.c.obj)
                0x000000000001e4f0                z_impl_zephyr_fputc
 .text.__stdout_hook_install
                0x000000000001e500       0x18 zephyr/lib/libc/picolibc/liblib__libc__picolibc.a(libc-hooks.c.obj)
                0x000000000001e500                __stdout_hook_install
 .text.__chk_fail
                0x000000000001e518       0x18 zephyr/lib/libc/picolibc/liblib__libc__picolibc.a(libc-hooks.c.obj)
                0x000000000001e518                __chk_fail
 .text.malloc_prepare
                0x000000000001e530       0x24 zephyr/lib/libc/common/liblib__libc__common.a(malloc.c.obj)
 .text.rtc_pretick_init
                0x000000000001e554       0x60 zephyr/soc/soc/arm/nordic_nrf/libsoc__arm__nordic_nrf.a(soc.c.obj)
 .text.z_arm_on_enter_cpu_idle
                0x000000000001e5b4       0x68 zephyr/soc/soc/arm/nordic_nrf/libsoc__arm__nordic_nrf.a(soc.c.obj)
                0x000000000001e5b4                z_arm_on_enter_cpu_idle
 .text.arch_busy_wait
                0x000000000001e61c       0x24 zephyr/soc/soc/arm/nordic_nrf/libsoc__arm__nordic_nrf.a(soc.c.obj)
                0x000000000001e61c                arch_busy_wait
 .text.z_arm_platform_init
                0x000000000001e640        0x4 zephyr/soc/soc/arm/nordic_nrf/libsoc__arm__nordic_nrf.a(soc_nrf_common.S.obj)
                0x000000000001e640                z_arm_platform_init
 .text.setup    0x000000000001e644       0x60 zephyr/boards/arm/thingy53_nrf5340/libboards__arm__thingy53_nrf5340.a(board.c.obj)
 .text.usbd_evt_put
                0x000000000001e6a4        0xc zephyr/drivers/usb/device/libdrivers__usb__device.a(usb_dc_nrfx.c.obj)
 .text.usbd_work_schedule
                0x000000000001e6b0       0x10 zephyr/drivers/usb/device/libdrivers__usb__device.a(usb_dc_nrfx.c.obj)
 .text.endpoint_ctx
                0x000000000001e6c0       0x60 zephyr/drivers/usb/device/libdrivers__usb__device.a(usb_dc_nrfx.c.obj)
 .text.usbd_evt_get
                0x000000000001e720       0x10 zephyr/drivers/usb/device/libdrivers__usb__device.a(usb_dc_nrfx.c.obj)
 .text.usb_init
                0x000000000001e730       0x80 zephyr/drivers/usb/device/libdrivers__usb__device.a(usb_dc_nrfx.c.obj)
 .text.hfxo_stop.constprop.0.isra.0
                0x000000000001e7b0       0x38 zephyr/drivers/usb/device/libdrivers__usb__device.a(usb_dc_nrfx.c.obj)
 .text.eps_ctx_init
                0x000000000001e7e8       0x68 zephyr/drivers/usb/device/libdrivers__usb__device.a(usb_dc_nrfx.c.obj)
 .text.usbd_evt_flush
                0x000000000001e850       0x1c zephyr/drivers/usb/device/libdrivers__usb__device.a(usb_dc_nrfx.c.obj)
 .text.usbd_evt_alloc
                0x000000000001e86c       0x44 zephyr/drivers/usb/device/libdrivers__usb__device.a(usb_dc_nrfx.c.obj)
 .text.submit_dc_power_event
                0x000000000001e8b0       0x2c zephyr/drivers/usb/device/libdrivers__usb__device.a(usb_dc_nrfx.c.obj)
 .text.usb_dc_power_event_handler
                0x000000000001e8dc       0x38 zephyr/drivers/usb/device/libdrivers__usb__device.a(usb_dc_nrfx.c.obj)
 .text.usbd_event_transfer_data
                0x000000000001e914       0xa8 zephyr/drivers/usb/device/libdrivers__usb__device.a(usb_dc_nrfx.c.obj)
 .text.usbd_event_handler
                0x000000000001e9bc      0x11c zephyr/drivers/usb/device/libdrivers__usb__device.a(usb_dc_nrfx.c.obj)
 .text.usbd_work_handler
                0x000000000001ead8      0x2d8 zephyr/drivers/usb/device/libdrivers__usb__device.a(usb_dc_nrfx.c.obj)
 .text.usb_dc_attach
                0x000000000001edb0       0x64 zephyr/drivers/usb/device/libdrivers__usb__device.a(usb_dc_nrfx.c.obj)
                0x000000000001edb0                usb_dc_attach
 .text.usb_dc_set_address
                0x000000000001ee14       0x24 zephyr/drivers/usb/device/libdrivers__usb__device.a(usb_dc_nrfx.c.obj)
                0x000000000001ee14                usb_dc_set_address
 .text.usb_dc_ep_configure
                0x000000000001ee38       0x48 zephyr/drivers/usb/device/libdrivers__usb__device.a(usb_dc_nrfx.c.obj)
                0x000000000001ee38                usb_dc_ep_configure
 .text.usb_dc_ep_set_stall
                0x000000000001ee80       0x50 zephyr/drivers/usb/device/libdrivers__usb__device.a(usb_dc_nrfx.c.obj)
                0x000000000001ee80                usb_dc_ep_set_stall
 .text.usb_dc_ep_clear_stall
                0x000000000001eed0       0x40 zephyr/drivers/usb/device/libdrivers__usb__device.a(usb_dc_nrfx.c.obj)
                0x000000000001eed0                usb_dc_ep_clear_stall
 .text.usb_dc_ep_is_stalled
                0x000000000001ef10       0x38 zephyr/drivers/usb/device/libdrivers__usb__device.a(usb_dc_nrfx.c.obj)
                0x000000000001ef10                usb_dc_ep_is_stalled
 .text.usb_dc_ep_enable
                0x000000000001ef48       0x54 zephyr/drivers/usb/device/libdrivers__usb__device.a(usb_dc_nrfx.c.obj)
                0x000000000001ef48                usb_dc_ep_enable
 .text.usb_dc_ep_write
                0x000000000001ef9c       0xf8 zephyr/drivers/usb/device/libdrivers__usb__device.a(usb_dc_nrfx.c.obj)
                0x000000000001ef9c                usb_dc_ep_write
 .text.usb_dc_ep_read_wait
                0x000000000001f094       0x90 zephyr/drivers/usb/device/libdrivers__usb__device.a(usb_dc_nrfx.c.obj)
                0x000000000001f094                usb_dc_ep_read_wait
 .text.usb_dc_ep_read_continue
                0x000000000001f124       0x84 zephyr/drivers/usb/device/libdrivers__usb__device.a(usb_dc_nrfx.c.obj)
                0x000000000001f124                usb_dc_ep_read_continue
 .text.usb_dc_ep_set_callback
                0x000000000001f1a8       0x28 zephyr/drivers/usb/device/libdrivers__usb__device.a(usb_dc_nrfx.c.obj)
                0x000000000001f1a8                usb_dc_ep_set_callback
 .text.usb_dc_set_status_callback
                0x000000000001f1d0        0xc zephyr/drivers/usb/device/libdrivers__usb__device.a(usb_dc_nrfx.c.obj)
                0x000000000001f1d0                usb_dc_set_status_callback
 .text.usb_dc_ep_mps
                0x000000000001f1dc       0x24 zephyr/drivers/usb/device/libdrivers__usb__device.a(usb_dc_nrfx.c.obj)
                0x000000000001f1dc                usb_dc_ep_mps
 .text.ep_state_access
                0x000000000001f200       0x20 zephyr/drivers/usb/common/nrf_usbd_common/libdrivers__usb__common__nrf_usbd_common.a(nrf_usbd_common.c.obj)
 .text.nrf_usbd_common_uninit
                0x000000000001f220       0x14 zephyr/drivers/usb/common/nrf_usbd_common/libdrivers__usb__common__nrf_usbd_common.a(nrf_usbd_common.c.obj)
                0x000000000001f220                nrf_usbd_common_uninit
 .text.nrf_usbd_common_enable
                0x000000000001f234       0x64 zephyr/drivers/usb/common/nrf_usbd_common/libdrivers__usb__common__nrf_usbd_common.a(nrf_usbd_common.c.obj)
                0x000000000001f234                nrf_usbd_common_enable
 .text.nrf_usbd_common_start
                0x000000000001f298       0x38 zephyr/drivers/usb/common/nrf_usbd_common/libdrivers__usb__common__nrf_usbd_common.a(nrf_usbd_common.c.obj)
                0x000000000001f298                nrf_usbd_common_start
 .text.nrf_usbd_common_is_enabled
                0x000000000001f2d0       0x14 zephyr/drivers/usb/common/nrf_usbd_common/libdrivers__usb__common__nrf_usbd_common.a(nrf_usbd_common.c.obj)
                0x000000000001f2d0                nrf_usbd_common_is_enabled
 .text.nrf_usbd_common_suspend
                0x000000000001f2e4       0x54 zephyr/drivers/usb/common/nrf_usbd_common/libdrivers__usb__common__nrf_usbd_common.a(nrf_usbd_common.c.obj)
                0x000000000001f2e4                nrf_usbd_common_suspend
 .text.nrf_usbd_common_init
                0x000000000001f338       0x84 zephyr/drivers/usb/common/nrf_usbd_common/libdrivers__usb__common__nrf_usbd_common.a(nrf_usbd_common.c.obj)
                0x000000000001f338                nrf_usbd_common_init
 .text.nrf_usbd_common_ep_enable_check
                0x000000000001f3bc       0x28 zephyr/drivers/usb/common/nrf_usbd_common/libdrivers__usb__common__nrf_usbd_common.a(nrf_usbd_common.c.obj)
                0x000000000001f3bc                nrf_usbd_common_ep_enable_check
 .text.nrf_usbd_common_ep_transfer
                0x000000000001f3e4       0x9c zephyr/drivers/usb/common/nrf_usbd_common/libdrivers__usb__common__nrf_usbd_common.a(nrf_usbd_common.c.obj)
                0x000000000001f3e4                nrf_usbd_common_ep_transfer
 .text.nrf_usbd_common_epout_size_get
                0x000000000001f480       0x28 zephyr/drivers/usb/common/nrf_usbd_common/libdrivers__usb__common__nrf_usbd_common.a(nrf_usbd_common.c.obj)
                0x000000000001f480                nrf_usbd_common_epout_size_get
 .text.nrf_usbd_common_irq_handler
                0x000000000001f4a8      0x488 zephyr/drivers/usb/common/nrf_usbd_common/libdrivers__usb__common__nrf_usbd_common.a(nrf_usbd_common.c.obj)
                0x000000000001f4a8                nrf_usbd_common_irq_handler
 .text.nrf_usbd_common_ep_stall
                0x000000000001f930       0x10 zephyr/drivers/usb/common/nrf_usbd_common/libdrivers__usb__common__nrf_usbd_common.a(nrf_usbd_common.c.obj)
                0x000000000001f930                nrf_usbd_common_ep_stall
 .text.nrf_usbd_common_ep_stall_check
                0x000000000001f940       0x34 zephyr/drivers/usb/common/nrf_usbd_common/libdrivers__usb__common__nrf_usbd_common.a(nrf_usbd_common.c.obj)
                0x000000000001f940                nrf_usbd_common_ep_stall_check
 .text.nrf_usbd_common_ep_dtoggle_clear
                0x000000000001f974       0x14 zephyr/drivers/usb/common/nrf_usbd_common/libdrivers__usb__common__nrf_usbd_common.a(nrf_usbd_common.c.obj)
                0x000000000001f974                nrf_usbd_common_ep_dtoggle_clear
 .text.nrf_usbd_common_setup_get
                0x000000000001f988       0x44 zephyr/drivers/usb/common/nrf_usbd_common/libdrivers__usb__common__nrf_usbd_common.a(nrf_usbd_common.c.obj)
                0x000000000001f988                nrf_usbd_common_setup_get
 .text.nrf_usbd_common_setup_data_clear
                0x000000000001f9cc        0xc zephyr/drivers/usb/common/nrf_usbd_common/libdrivers__usb__common__nrf_usbd_common.a(nrf_usbd_common.c.obj)
                0x000000000001f9cc                nrf_usbd_common_setup_data_clear
 .text.nrf_usbd_common_setup_clear
                0x000000000001f9d8        0xc zephyr/drivers/usb/common/nrf_usbd_common/libdrivers__usb__common__nrf_usbd_common.a(nrf_usbd_common.c.obj)
                0x000000000001f9d8                nrf_usbd_common_setup_clear
 .text.nrf_usbd_common_setup_stall
                0x000000000001f9e4        0xc zephyr/drivers/usb/common/nrf_usbd_common/libdrivers__usb__common__nrf_usbd_common.a(nrf_usbd_common.c.obj)
                0x000000000001f9e4                nrf_usbd_common_setup_stall
 .text.nrf_usbd_common_last_setup_dir_get
                0x000000000001f9f0        0xc zephyr/drivers/usb/common/nrf_usbd_common/libdrivers__usb__common__nrf_usbd_common.a(nrf_usbd_common.c.obj)
                0x000000000001f9f0                nrf_usbd_common_last_setup_dir_get
 .text.nrf_usbd_common_transfer_out_drop
                0x000000000001f9fc       0x50 zephyr/drivers/usb/common/nrf_usbd_common/libdrivers__usb__common__nrf_usbd_common.a(nrf_usbd_common.c.obj)
                0x000000000001f9fc                nrf_usbd_common_transfer_out_drop
 .text.usbd_ep_abort
                0x000000000001fa4c       0xf4 zephyr/drivers/usb/common/nrf_usbd_common/libdrivers__usb__common__nrf_usbd_common.a(nrf_usbd_common.c.obj)
 .text.nrf_usbd_common_ep_abort
                0x000000000001fb40       0x34 zephyr/drivers/usb/common/nrf_usbd_common/libdrivers__usb__common__nrf_usbd_common.a(nrf_usbd_common.c.obj)
                0x000000000001fb40                nrf_usbd_common_ep_abort
 .text.nrf_usbd_common_disable
                0x000000000001fb74       0xd0 zephyr/drivers/usb/common/nrf_usbd_common/libdrivers__usb__common__nrf_usbd_common.a(nrf_usbd_common.c.obj)
                0x000000000001fb74                nrf_usbd_common_disable
 .text.nrf_usbd_common_ep_disable
                0x000000000001fc44       0x60 zephyr/drivers/usb/common/nrf_usbd_common/libdrivers__usb__common__nrf_usbd_common.a(nrf_usbd_common.c.obj)
                0x000000000001fc44                nrf_usbd_common_ep_disable
 .text.nrf_usbd_common_ep_enable
                0x000000000001fca4       0x74 zephyr/drivers/usb/common/nrf_usbd_common/libdrivers__usb__common__nrf_usbd_common.a(nrf_usbd_common.c.obj)
                0x000000000001fca4                nrf_usbd_common_ep_enable
 .text.nrf_usbd_common_ep_stall_clear
                0x000000000001fd18       0x20 zephyr/drivers/usb/common/nrf_usbd_common/libdrivers__usb__common__nrf_usbd_common.a(nrf_usbd_common.c.obj)
                0x000000000001fd18                nrf_usbd_common_ep_stall_clear
 .text.adc_gain_invert
                0x000000000001fd38       0x2c zephyr/drivers/adc/libdrivers__adc.a(adc_common.c.obj)
                0x000000000001fd38                adc_gain_invert
 .text.adc_context_start_sampling
                0x000000000001fd64       0x1c zephyr/drivers/adc/libdrivers__adc.a(adc_nrfx_saadc.c.obj)
 .text.adc_nrfx_channel_setup
                0x000000000001fd80       0xd8 zephyr/drivers/adc/libdrivers__adc.a(adc_nrfx_saadc.c.obj)
 .text.adc_nrfx_read
                0x000000000001fe58      0x178 zephyr/drivers/adc/libdrivers__adc.a(adc_nrfx_saadc.c.obj)
 .text.init_saadc
                0x000000000001ffd0       0x44 zephyr/drivers/adc/libdrivers__adc.a(adc_nrfx_saadc.c.obj)
 .text.saadc_irq_handler
                0x0000000000020014       0xc4 zephyr/drivers/adc/libdrivers__adc.a(adc_nrfx_saadc.c.obj)
 .text.onoff_stop
                0x00000000000200d8       0x30 zephyr/drivers/clock_control/libdrivers__clock_control.a(clock_control_nrf.c.obj)
 .text.onoff_start
                0x0000000000020108       0x44 zephyr/drivers/clock_control/libdrivers__clock_control.a(clock_control_nrf.c.obj)
 .text.clk_init
                0x000000000002014c       0x64 zephyr/drivers/clock_control/libdrivers__clock_control.a(clock_control_nrf.c.obj)
 .text.clkstarted_handle.constprop.0
                0x00000000000201b0       0x34 zephyr/drivers/clock_control/libdrivers__clock_control.a(clock_control_nrf.c.obj)
 .text.clock_event_handler
                0x00000000000201e4       0x30 zephyr/drivers/clock_control/libdrivers__clock_control.a(clock_control_nrf.c.obj)
 .text.generic_hfclk_start
                0x0000000000020214       0x64 zephyr/drivers/clock_control/libdrivers__clock_control.a(clock_control_nrf.c.obj)
 .text.api_blocking_start
                0x0000000000020278       0x34 zephyr/drivers/clock_control/libdrivers__clock_control.a(clock_control_nrf.c.obj)
 .text.generic_hfclk_stop
                0x00000000000202ac       0x34 zephyr/drivers/clock_control/libdrivers__clock_control.a(clock_control_nrf.c.obj)
 .text.z_nrf_clock_control_get_onoff
                0x00000000000202e0       0x10 zephyr/drivers/clock_control/libdrivers__clock_control.a(clock_control_nrf.c.obj)
                0x00000000000202e0                z_nrf_clock_control_get_onoff
 .text.z_nrf_clock_control_lf_on
                0x00000000000202f0       0xf8 zephyr/drivers/clock_control/libdrivers__clock_control.a(clock_control_nrf.c.obj)
                0x00000000000202f0                z_nrf_clock_control_lf_on
 .text.uart_console_init
                0x00000000000203e8       0x28 zephyr/drivers/console/libdrivers__console.a(uart_console.c.obj)
 .text.console_out
                0x0000000000020410       0x28 zephyr/drivers/console/libdrivers__console.a(uart_console.c.obj)
 .text.gpio_nrfx_pin_interrupt_configure
                0x0000000000020438      0x100 zephyr/drivers/gpio/libdrivers__gpio.a(gpio_nrfx.c.obj)
 .text.gpio_nrfx_init
                0x0000000000020538       0x48 zephyr/drivers/gpio/libdrivers__gpio.a(gpio_nrfx.c.obj)
 .text.nrfx_gpio_handler
                0x0000000000020580       0x4c zephyr/drivers/gpio/libdrivers__gpio.a(gpio_nrfx.c.obj)
 .text.gpio_nrfx_pin_configure
                0x00000000000205cc      0x18c zephyr/drivers/gpio/libdrivers__gpio.a(gpio_nrfx.c.obj)
 .text.z_impl_hwinfo_get_device_id
                0x0000000000020758       0x3c zephyr/drivers/hwinfo/libdrivers__hwinfo.a(hwinfo_nrf.c.obj)
                0x0000000000020758                z_impl_hwinfo_get_device_id
 .text.i2c_nrfx_twim_init
                0x0000000000020794       0x40 zephyr/drivers/i2c/libdrivers__i2c.a(i2c_nrfx_twim.c.obj)
 .text.i2c_nrfx_twim_recover_bus
                0x00000000000207d4       0x3c zephyr/drivers/i2c/libdrivers__i2c.a(i2c_nrfx_twim.c.obj)
 .text.event_handler
                0x0000000000020810       0x34 zephyr/drivers/i2c/libdrivers__i2c.a(i2c_nrfx_twim.c.obj)
 .text.i2c_nrfx_twim_transfer
                0x0000000000020844      0x17c zephyr/drivers/i2c/libdrivers__i2c.a(i2c_nrfx_twim.c.obj)
 .text.nrf_gpio_pin_port_decode
                0x00000000000209c0       0x24 zephyr/drivers/pinctrl/libdrivers__pinctrl.a(pinctrl_nrf.c.obj)
 .text.pinctrl_configure_pins
                0x00000000000209e4      0x1a0 zephyr/drivers/pinctrl/libdrivers__pinctrl.a(pinctrl_nrf.c.obj)
                0x00000000000209e4                pinctrl_configure_pins
 .text.nrf_gpio_pin_port_decode
                0x0000000000020b84       0x24 zephyr/drivers/pwm/libdrivers__pwm.a(pwm_nrfx.c.obj)
 .text.pwm_nrfx_get_cycles_per_sec
                0x0000000000020ba8       0x10 zephyr/drivers/pwm/libdrivers__pwm.a(pwm_nrfx.c.obj)
 .text.pwm_nrfx_init
                0x0000000000020bb8       0x9c zephyr/drivers/pwm/libdrivers__pwm.a(pwm_nrfx.c.obj)
 .text.regulator_delay
                0x0000000000020c54       0x2c zephyr/drivers/regulator/libdrivers__regulator.a(regulator_common.c.obj)
 .text.uarte_0_init
                0x0000000000020c80      0x274 zephyr/drivers/serial/libdrivers__serial.a(uart_nrfx_uarte.c.obj)
 .text.uarte_nrfx_poll_out
                0x0000000000020ef4       0x98 zephyr/drivers/serial/libdrivers__serial.a(uart_nrfx_uarte.c.obj)
 .text.transfer_next_chunk
                0x0000000000020f8c       0xd0 zephyr/drivers/spi/libdrivers__spi.a(spi_nrfx_spim.c.obj)
 .text.spi_nrfx_transceive
                0x000000000002105c      0x3a4 zephyr/drivers/spi/libdrivers__spi.a(spi_nrfx_spim.c.obj)
 .text.nrf_gpio_cfg_input
                0x0000000000021400       0x40 zephyr/drivers/spi/libdrivers__spi.a(spi_nrfx_common.c.obj)
 .text.spi_nrfx_wake_init
                0x0000000000021440       0x60 zephyr/drivers/spi/libdrivers__spi.a(spi_nrfx_common.c.obj)
                0x0000000000021440                spi_nrfx_wake_init
 .text.compare_int_lock
                0x00000000000214a0       0x40 zephyr/drivers/timer/libdrivers__timer.a(nrf_rtc_timer.c.obj)
 .text.sys_clock_timeout_handler
                0x00000000000214e0       0x48 zephyr/drivers/timer/libdrivers__timer.a(nrf_rtc_timer.c.obj)
 .text.compare_int_unlock
                0x0000000000021528       0x4c zephyr/drivers/timer/libdrivers__timer.a(nrf_rtc_timer.c.obj)
 .text.z_nrf_rtc_timer_read
                0x0000000000021574       0x44 zephyr/drivers/timer/libdrivers__timer.a(nrf_rtc_timer.c.obj)
                0x0000000000021574                z_nrf_rtc_timer_read
 .text.compare_set
                0x00000000000215b8      0x124 zephyr/drivers/timer/libdrivers__timer.a(nrf_rtc_timer.c.obj)
 .text.sys_clock_driver_init
                0x00000000000216dc       0x90 zephyr/drivers/timer/libdrivers__timer.a(nrf_rtc_timer.c.obj)
 .text.rtc_nrf_isr
                0x000000000002176c       0xd0 zephyr/drivers/timer/libdrivers__timer.a(nrf_rtc_timer.c.obj)
                0x000000000002176c                rtc_nrf_isr
 .text.sys_clock_set_timeout
                0x000000000002183c       0x5c zephyr/drivers/timer/libdrivers__timer.a(nrf_rtc_timer.c.obj)
                0x000000000002183c                sys_clock_set_timeout
 .text.sys_clock_elapsed
                0x0000000000021898       0x14 zephyr/drivers/timer/libdrivers__timer.a(nrf_rtc_timer.c.obj)
                0x0000000000021898                sys_clock_elapsed
 .text.ns_fault_init
                0x00000000000218ac       0x10 modules/nrf/modules/trusted-firmware-m/lib..__nrf__modules__trusted-firmware-m.a(fault.c.obj)
 .text.arm_fault
                0x00000000000218bc       0xbc modules/nrf/modules/trusted-firmware-m/lib..__nrf__modules__trusted-firmware-m.a(fault.c.obj)
                0x00000000000218bc                arm_fault
 .text.tfm_ns_fault_handler_callback
                0x0000000000021978       0x48 modules/nrf/modules/trusted-firmware-m/lib..__nrf__modules__trusted-firmware-m.a(fault.c.obj)
                0x0000000000021978                tfm_ns_fault_handler_callback
 .text.tfm_ns_interface_dispatch
                0x00000000000219c0       0x68 modules/trusted-firmware-m/libtfm_api.a(interface.c.obj)
                0x00000000000219c0                tfm_ns_interface_dispatch
 .text.tfm_platform_ioctl
                0x0000000000021a28       0x4c modules/trusted-firmware-m/libtfm_api.a(tfm_platform_api.c.obj)
                0x0000000000021a28                tfm_platform_ioctl
 .text.psa_call
                0x0000000000021a74       0x34 modules/trusted-firmware-m/libtfm_api.a(tfm_tz_psa_ns_api.c.obj)
                0x0000000000021a74                psa_call
 .text.nrfx_flag32_alloc
                0x0000000000021aa8       0x40 modules/hal_nordic/nrfx/libmodules__hal_nordic__nrfx.a(nrfx_flag32_allocator.c.obj)
                0x0000000000021aa8                nrfx_flag32_alloc
 .text.nrfx_flag32_free
                0x0000000000021ae8       0x38 modules/hal_nordic/nrfx/libmodules__hal_nordic__nrfx.a(nrfx_flag32_allocator.c.obj)
                0x0000000000021ae8                nrfx_flag32_free
 .text.nrfx_gppi_channels_enable
                0x0000000000021b20        0xc modules/hal_nordic/nrfx/libmodules__hal_nordic__nrfx.a(nrfx_gppi_dppi.c.obj)
                0x0000000000021b20                nrfx_gppi_channels_enable
 .text.clock_stop
                0x0000000000021b2c      0x158 modules/hal_nordic/nrfx/libmodules__hal_nordic__nrfx.a(nrfx_clock.c.obj)
 .text.nrfx_clock_init
                0x0000000000021c84       0x20 modules/hal_nordic/nrfx/libmodules__hal_nordic__nrfx.a(nrfx_clock.c.obj)
                0x0000000000021c84                nrfx_clock_init
 .text.nrfx_clock_enable
                0x0000000000021ca4       0x38 modules/hal_nordic/nrfx/libmodules__hal_nordic__nrfx.a(nrfx_clock.c.obj)
                0x0000000000021ca4                nrfx_clock_enable
 .text.nrfx_clock_start
                0x0000000000021cdc       0xd8 modules/hal_nordic/nrfx/libmodules__hal_nordic__nrfx.a(nrfx_clock.c.obj)
                0x0000000000021cdc                nrfx_clock_start
 .text.nrfx_clock_irq_handler
                0x0000000000021db4       0xac modules/hal_nordic/nrfx/libmodules__hal_nordic__nrfx.a(nrfx_clock.c.obj)
                0x0000000000021db4                nrfx_clock_irq_handler
 .text.nrfx_dppi_channel_alloc
                0x0000000000021e60        0xc modules/hal_nordic/nrfx/libmodules__hal_nordic__nrfx.a(nrfx_dppi.c.obj)
                0x0000000000021e60                nrfx_dppi_channel_alloc
 .text.nrf_gpio_pin_port_decode
                0x0000000000021e6c       0x24 modules/hal_nordic/nrfx/libmodules__hal_nordic__nrfx.a(nrfx_gpiote.c.obj)
 .text.get_pin_idx
                0x0000000000021e90       0x14 modules/hal_nordic/nrfx/libmodules__hal_nordic__nrfx.a(nrfx_gpiote.c.obj)
 .text.release_handler
                0x0000000000021ea4       0x70 modules/hal_nordic/nrfx/libmodules__hal_nordic__nrfx.a(nrfx_gpiote.c.obj)
 .text.latch_pending_read_and_check
                0x0000000000021f14       0x3c modules/hal_nordic/nrfx/libmodules__hal_nordic__nrfx.a(nrfx_gpiote.c.obj)
 .text.pin_te_get.isra.0
                0x0000000000021f50       0x20 modules/hal_nordic/nrfx/libmodules__hal_nordic__nrfx.a(nrfx_gpiote.c.obj)
 .text.pin_is_output.isra.0
                0x0000000000021f70       0x24 modules/hal_nordic/nrfx/libmodules__hal_nordic__nrfx.a(nrfx_gpiote.c.obj)
 .text.pin_in_use_by_te.isra.0
                0x0000000000021f94       0x24 modules/hal_nordic/nrfx/libmodules__hal_nordic__nrfx.a(nrfx_gpiote.c.obj)
 .text.__nrfy_internal_gpiote_events_process.constprop.0
                0x0000000000021fb8       0x5c modules/hal_nordic/nrfx/libmodules__hal_nordic__nrfx.a(nrfx_gpiote.c.obj)
 .text.irq_handler.constprop.0
                0x0000000000022014      0x1a8 modules/hal_nordic/nrfx/libmodules__hal_nordic__nrfx.a(nrfx_gpiote.c.obj)
 .text.pin_uninit
                0x00000000000221bc       0xa4 modules/hal_nordic/nrfx/libmodules__hal_nordic__nrfx.a(nrfx_gpiote.c.obj)
 .text.nrfx_gpiote_input_configure
                0x0000000000022260      0x1ec modules/hal_nordic/nrfx/libmodules__hal_nordic__nrfx.a(nrfx_gpiote.c.obj)
                0x0000000000022260                nrfx_gpiote_input_configure
 .text.nrfx_gpiote_output_configure
                0x000000000002244c      0x138 modules/hal_nordic/nrfx/libmodules__hal_nordic__nrfx.a(nrfx_gpiote.c.obj)
                0x000000000002244c                nrfx_gpiote_output_configure
 .text.nrfx_gpiote_global_callback_set
                0x0000000000022584       0x1c modules/hal_nordic/nrfx/libmodules__hal_nordic__nrfx.a(nrfx_gpiote.c.obj)
                0x0000000000022584                nrfx_gpiote_global_callback_set
 .text.nrfx_gpiote_channel_get
                0x00000000000225a0       0x3c modules/hal_nordic/nrfx/libmodules__hal_nordic__nrfx.a(nrfx_gpiote.c.obj)
                0x00000000000225a0                nrfx_gpiote_channel_get
 .text.nrfx_gpiote_init
                0x00000000000225dc       0x80 modules/hal_nordic/nrfx/libmodules__hal_nordic__nrfx.a(nrfx_gpiote.c.obj)
                0x00000000000225dc                nrfx_gpiote_init
 .text.nrfx_gpiote_init_check
                0x000000000002265c       0x1c modules/hal_nordic/nrfx/libmodules__hal_nordic__nrfx.a(nrfx_gpiote.c.obj)
                0x000000000002265c                nrfx_gpiote_init_check
 .text.nrfx_gpiote_channel_free
                0x0000000000022678       0x18 modules/hal_nordic/nrfx/libmodules__hal_nordic__nrfx.a(nrfx_gpiote.c.obj)
                0x0000000000022678                nrfx_gpiote_channel_free
 .text.nrfx_gpiote_channel_alloc
                0x0000000000022690       0x18 modules/hal_nordic/nrfx/libmodules__hal_nordic__nrfx.a(nrfx_gpiote.c.obj)
                0x0000000000022690                nrfx_gpiote_channel_alloc
 .text.nrfx_gpiote_trigger_enable
                0x00000000000226a8       0xa4 modules/hal_nordic/nrfx/libmodules__hal_nordic__nrfx.a(nrfx_gpiote.c.obj)
                0x00000000000226a8                nrfx_gpiote_trigger_enable
 .text.nrfx_gpiote_1_irq_handler
                0x000000000002274c        0xc modules/hal_nordic/nrfx/libmodules__hal_nordic__nrfx.a(nrfx_gpiote.c.obj)
                0x000000000002274c                nrfx_gpiote_1_irq_handler
 .text.nrfx_power_init
                0x0000000000022758       0x48 modules/hal_nordic/nrfx/libmodules__hal_nordic__nrfx.a(nrfx_power.c.obj)
                0x0000000000022758                nrfx_power_init
 .text.nrfx_power_irq_handler
                0x00000000000227a0       0x70 modules/hal_nordic/nrfx/libmodules__hal_nordic__nrfx.a(nrfx_power.c.obj)
                0x00000000000227a0                nrfx_power_irq_handler
 .text.nrf_gpio_pin_port_decode
                0x0000000000022810       0x24 modules/hal_nordic/nrfx/libmodules__hal_nordic__nrfx.a(nrfx_pwm.c.obj)
 .text.pwm_stopped_check
                0x0000000000022834       0x34 modules/hal_nordic/nrfx/libmodules__hal_nordic__nrfx.a(nrfx_pwm.c.obj)
 .text.pwm_configure
                0x0000000000022868       0xe4 modules/hal_nordic/nrfx/libmodules__hal_nordic__nrfx.a(nrfx_pwm.c.obj)
 .text.nrfx_pwm_init
                0x000000000002294c       0x4c modules/hal_nordic/nrfx/libmodules__hal_nordic__nrfx.a(nrfx_pwm.c.obj)
                0x000000000002294c                nrfx_pwm_init
 .text.nrfx_pwm_simple_playback
                0x0000000000022998       0x7c modules/hal_nordic/nrfx/libmodules__hal_nordic__nrfx.a(nrfx_pwm.c.obj)
                0x0000000000022998                nrfx_pwm_simple_playback
 .text.nrfx_pwm_stop
                0x0000000000022a14       0x44 modules/hal_nordic/nrfx/libmodules__hal_nordic__nrfx.a(nrfx_pwm.c.obj)
                0x0000000000022a14                nrfx_pwm_stop
 .text.nrf_gpio_pin_port_decode
                0x0000000000022a58       0x24 modules/hal_nordic/nrfx/libmodules__hal_nordic__nrfx.a(nrfx_spim.c.obj)
 .text.spim_configuration_verify
                0x0000000000022a7c       0xf8 modules/hal_nordic/nrfx/libmodules__hal_nordic__nrfx.a(nrfx_spim.c.obj)
 .text.pin_init
                0x0000000000022b74       0x50 modules/hal_nordic/nrfx/libmodules__hal_nordic__nrfx.a(nrfx_spim.c.obj)
 .text.spim_configure
                0x0000000000022bc4      0x25c modules/hal_nordic/nrfx/libmodules__hal_nordic__nrfx.a(nrfx_spim.c.obj)
 .text.spim_pin_uninit
                0x0000000000022e20       0x30 modules/hal_nordic/nrfx/libmodules__hal_nordic__nrfx.a(nrfx_spim.c.obj)
 .text.nrfx_spim_init
                0x0000000000022e50       0x68 modules/hal_nordic/nrfx/libmodules__hal_nordic__nrfx.a(nrfx_spim.c.obj)
                0x0000000000022e50                nrfx_spim_init
 .text.nrfx_spim_uninit
                0x0000000000022eb8       0x90 modules/hal_nordic/nrfx/libmodules__hal_nordic__nrfx.a(nrfx_spim.c.obj)
                0x0000000000022eb8                nrfx_spim_uninit
 .text.nrfx_spim_xfer
                0x0000000000022f48      0x164 modules/hal_nordic/nrfx/libmodules__hal_nordic__nrfx.a(nrfx_spim.c.obj)
                0x0000000000022f48                nrfx_spim_xfer
 .text.nrfx_spim_3_irq_handler
                0x00000000000230ac       0x10 modules/hal_nordic/nrfx/libmodules__hal_nordic__nrfx.a(nrfx_spim.c.obj)
                0x00000000000230ac                nrfx_spim_3_irq_handler
 .text.nrfx_spim_4_irq_handler
                0x00000000000230bc       0x10 modules/hal_nordic/nrfx/libmodules__hal_nordic__nrfx.a(nrfx_spim.c.obj)
                0x00000000000230bc                nrfx_spim_4_irq_handler
 .text.nrf_gpio_cfg.constprop.0
                0x00000000000230cc       0x48 modules/hal_nordic/nrfx/libmodules__hal_nordic__nrfx.a(nrfx_twim.c.obj)
 .text.twim_configure
                0x0000000000023114       0x3c modules/hal_nordic/nrfx/libmodules__hal_nordic__nrfx.a(nrfx_twim.c.obj)
 .text.nrfx_twim_init
                0x0000000000023150       0xb8 modules/hal_nordic/nrfx/libmodules__hal_nordic__nrfx.a(nrfx_twim.c.obj)
                0x0000000000023150                nrfx_twim_init
 .text.nrfx_twim_enable
                0x0000000000023208       0x20 modules/hal_nordic/nrfx/libmodules__hal_nordic__nrfx.a(nrfx_twim.c.obj)
                0x0000000000023208                nrfx_twim_enable
 .text.nrfx_twim_disable
                0x0000000000023228       0x3c modules/hal_nordic/nrfx/libmodules__hal_nordic__nrfx.a(nrfx_twim.c.obj)
                0x0000000000023228                nrfx_twim_disable
 .text.nrfx_twim_xfer
                0x0000000000023264      0x350 modules/hal_nordic/nrfx/libmodules__hal_nordic__nrfx.a(nrfx_twim.c.obj)
                0x0000000000023264                nrfx_twim_xfer
 .text.nrfx_twim_1_irq_handler
                0x00000000000235b4      0x188 modules/hal_nordic/nrfx/libmodules__hal_nordic__nrfx.a(nrfx_twim.c.obj)
                0x00000000000235b4                nrfx_twim_1_irq_handler
 .text.nrfx_usbreg_enable
                0x000000000002373c       0x10 modules/hal_nordic/nrfx/libmodules__hal_nordic__nrfx.a(nrfx_usbreg.c.obj)
                0x000000000002373c                nrfx_usbreg_enable
 .text.nrfx_usbreg_disable
                0x000000000002374c       0x10 modules/hal_nordic/nrfx/libmodules__hal_nordic__nrfx.a(nrfx_usbreg.c.obj)
                0x000000000002374c                nrfx_usbreg_disable
 .text.nrfx_usbreg_uninit
                0x000000000002375c       0x20 modules/hal_nordic/nrfx/libmodules__hal_nordic__nrfx.a(nrfx_usbreg.c.obj)
                0x000000000002375c                nrfx_usbreg_uninit
 .text.nrfx_usbreg_init
                0x000000000002377c       0x30 modules/hal_nordic/nrfx/libmodules__hal_nordic__nrfx.a(nrfx_usbreg.c.obj)
                0x000000000002377c                nrfx_usbreg_init
 .text.nrfx_usbreg_irq_handler
                0x00000000000237ac       0x50 modules/hal_nordic/nrfx/libmodules__hal_nordic__nrfx.a(nrfx_usbreg.c.obj)
                0x00000000000237ac                nrfx_usbreg_irq_handler
 .text.nrf_gpio_pin_port_decode
                0x00000000000237fc       0x24 modules/hal_nordic/nrfx/libmodules__hal_nordic__nrfx.a(nrfx_twi_twim.c.obj)
 .text.nrfx_twi_twim_bus_recover
                0x0000000000023820       0xd4 modules/hal_nordic/nrfx/libmodules__hal_nordic__nrfx.a(nrfx_twi_twim.c.obj)
                0x0000000000023820                nrfx_twi_twim_bus_recover
 .text.z_fatal_error
                0x00000000000238f4       0x30 zephyr/kernel/libkernel.a(fatal.c.obj)
                0x00000000000238f4                z_fatal_error
 .text.z_sys_init_run_level
                0x0000000000023924       0x48 zephyr/kernel/libkernel.a(init.c.obj)
 .text.bg_thread_main
                0x000000000002396c       0x34 zephyr/kernel/libkernel.a(init.c.obj)
 .text.z_bss_zero
                0x00000000000239a0       0x18 zephyr/kernel/libkernel.a(init.c.obj)
                0x00000000000239a0                z_bss_zero
 .text.z_init_cpu
                0x00000000000239b8       0x7c zephyr/kernel/libkernel.a(init.c.obj)
                0x00000000000239b8                z_init_cpu
 .text.z_cstart
                0x0000000000023a34       0xdc zephyr/kernel/libkernel.a(init.c.obj)
                0x0000000000023a34                z_cstart
 .text.init_mem_slab_obj_core_list
                0x0000000000023b10       0x24 zephyr/kernel/libkernel.a(mem_slab.c.obj)
 .text.k_mem_slab_alloc
                0x0000000000023b34       0x5c zephyr/kernel/libkernel.a(mem_slab.c.obj)
                0x0000000000023b34                k_mem_slab_alloc
 .text.z_setup_new_thread
                0x0000000000023b90       0x7c zephyr/kernel/libkernel.a(thread.c.obj)
                0x0000000000023b90                z_setup_new_thread
 .text.z_impl_k_thread_create
                0x0000000000023c0c       0x58 zephyr/kernel/libkernel.a(thread.c.obj)
                0x0000000000023c0c                z_impl_k_thread_create
 .text.z_init_static_threads
                0x0000000000023c64       0x98 zephyr/kernel/libkernel.a(thread.c.obj)
                0x0000000000023c64                z_init_static_threads
 .text.z_impl_k_mutex_unlock
                0x0000000000023cfc       0x78 zephyr/kernel/libkernel.a(mutex.c.obj)
                0x0000000000023cfc                z_impl_k_mutex_unlock
 .text.z_impl_k_mutex_lock
                0x0000000000023d74       0xf4 zephyr/kernel/libkernel.a(mutex.c.obj)
                0x0000000000023d74                z_impl_k_mutex_lock
 .text.z_impl_k_queue_get
                0x0000000000023e68       0x68 zephyr/kernel/libkernel.a(queue.c.obj)
                0x0000000000023e68                z_impl_k_queue_get
 .text.z_impl_k_sem_give
                0x0000000000023ed0       0x48 zephyr/kernel/libkernel.a(sem.c.obj)
                0x0000000000023ed0                z_impl_k_sem_give
 .text.z_impl_k_sem_take
                0x0000000000023f18       0x50 zephyr/kernel/libkernel.a(sem.c.obj)
                0x0000000000023f18                z_impl_k_sem_take
 .text.z_impl_k_sem_reset
                0x0000000000023f68       0x3c zephyr/kernel/libkernel.a(sem.c.obj)
                0x0000000000023f68                z_impl_k_sem_reset
 .text.work_queue_main
                0x0000000000023fa4      0x138 zephyr/kernel/libkernel.a(work.c.obj)
 .text.submit_to_queue_locked
                0x00000000000240dc       0xb4 zephyr/kernel/libkernel.a(work.c.obj)
 .text.k_work_queue_start
                0x0000000000024190       0x70 zephyr/kernel/libkernel.a(work.c.obj)
                0x0000000000024190                k_work_queue_start
 .text.k_work_schedule_for_queue
                0x0000000000024200       0x54 zephyr/kernel/libkernel.a(work.c.obj)
                0x0000000000024200                k_work_schedule_for_queue
 .text.sliceable
                0x0000000000024254       0x3c zephyr/kernel/libkernel.a(sched.c.obj)
 .text.slice_timeout
                0x0000000000024290       0x20 zephyr/kernel/libkernel.a(sched.c.obj)
 .text.z_reset_time_slice
                0x00000000000242b0       0x50 zephyr/kernel/libkernel.a(sched.c.obj)
                0x00000000000242b0                z_reset_time_slice
 .text.update_cache
                0x0000000000024300       0x3c zephyr/kernel/libkernel.a(sched.c.obj)
 .text.move_thread_to_end_of_prio_q
                0x000000000002433c       0x74 zephyr/kernel/libkernel.a(sched.c.obj)
 .text.ready_thread
                0x00000000000243b0       0x68 zephyr/kernel/libkernel.a(sched.c.obj)
 .text.unready_thread
                0x0000000000024418       0x30 zephyr/kernel/libkernel.a(sched.c.obj)
 .text.pend_locked
                0x0000000000024448       0x30 zephyr/kernel/libkernel.a(sched.c.obj)
 .text.z_thread_halt
                0x0000000000024478       0xa0 zephyr/kernel/libkernel.a(sched.c.obj)
 .text.z_time_slice
                0x0000000000024518       0x60 zephyr/kernel/libkernel.a(sched.c.obj)
                0x0000000000024518                z_time_slice
 .text.z_pend_curr
                0x0000000000024578       0x3c zephyr/kernel/libkernel.a(sched.c.obj)
                0x0000000000024578                z_pend_curr
 .text.z_set_prio
                0x00000000000245b4       0x8c zephyr/kernel/libkernel.a(sched.c.obj)
                0x00000000000245b4                z_set_prio
 .text.z_reschedule
                0x0000000000024640       0x24 zephyr/kernel/libkernel.a(sched.c.obj)
                0x0000000000024640                z_reschedule
 .text.z_sched_start
                0x0000000000024664       0x3c zephyr/kernel/libkernel.a(sched.c.obj)
                0x0000000000024664                z_sched_start
 .text.k_sched_lock
                0x00000000000246a0       0x28 zephyr/kernel/libkernel.a(sched.c.obj)
                0x00000000000246a0                k_sched_lock
 .text.k_sched_unlock
                0x00000000000246c8       0x38 zephyr/kernel/libkernel.a(sched.c.obj)
                0x00000000000246c8                k_sched_unlock
 .text.z_sched_init
                0x0000000000024700       0x10 zephyr/kernel/libkernel.a(sched.c.obj)
                0x0000000000024700                z_sched_init
 .text.z_impl_k_yield
                0x0000000000024710       0x7c zephyr/kernel/libkernel.a(sched.c.obj)
                0x0000000000024710                z_impl_k_yield
 .text.z_tick_sleep
                0x000000000002478c       0x88 zephyr/kernel/libkernel.a(sched.c.obj)
 .text.z_impl_k_sleep
                0x0000000000024814       0x34 zephyr/kernel/libkernel.a(sched.c.obj)
                0x0000000000024814                z_impl_k_sleep
 .text.z_impl_k_usleep
                0x0000000000024848       0x34 zephyr/kernel/libkernel.a(sched.c.obj)
                0x0000000000024848                z_impl_k_usleep
 .text.z_impl_k_sched_current_thread_query
                0x000000000002487c        0xc zephyr/kernel/libkernel.a(sched.c.obj)
                0x000000000002487c                z_impl_k_sched_current_thread_query
 .text.z_sched_wait
                0x0000000000024888       0x24 zephyr/kernel/libkernel.a(sched.c.obj)
                0x0000000000024888                z_sched_wait
 .text.z_data_copy
                0x00000000000248ac       0x34 zephyr/kernel/libkernel.a(xip.c.obj)
                0x00000000000248ac                z_data_copy
 .text.elapsed  0x00000000000248e0       0x14 zephyr/kernel/libkernel.a(timeout.c.obj)
 .text.next_timeout
                0x00000000000248f4       0x40 zephyr/kernel/libkernel.a(timeout.c.obj)
 .text.remove_timeout
                0x0000000000024934       0x38 zephyr/kernel/libkernel.a(timeout.c.obj)
 .text.z_add_timeout
                0x000000000002496c       0xec zephyr/kernel/libkernel.a(timeout.c.obj)
                0x000000000002496c                z_add_timeout
 .text.sys_clock_announce
                0x0000000000024a58       0xd4 zephyr/kernel/libkernel.a(timeout.c.obj)
                0x0000000000024a58                sys_clock_announce
 .text.sys_clock_tick_get
                0x0000000000024b2c       0x34 zephyr/kernel/libkernel.a(timeout.c.obj)
                0x0000000000024b2c                sys_clock_tick_get
 .text.z_timer_expiration_handler
                0x0000000000024b60       0xe4 zephyr/kernel/libkernel.a(timer.c.obj)
                0x0000000000024b60                z_timer_expiration_handler
 .text.z_impl_k_timer_start
                0x0000000000024c44       0x74 zephyr/kernel/libkernel.a(timer.c.obj)
                0x0000000000024c44                z_impl_k_timer_start
 .text.z_thread_aligned_alloc
                0x0000000000024cb8       0x40 zephyr/kernel/libkernel.a(mempool.c.obj)
                0x0000000000024cb8                z_thread_aligned_alloc
 .text.boot_banner
                0x0000000000024cf8        0xc zephyr/kernel/libkernel.a(banner.c.obj)
                0x0000000000024cf8                boot_banner
 .text.statics_init
                0x0000000000024d04       0x24 zephyr/kernel/libkernel.a(kheap.c.obj)
 .text.k_sys_work_q_init
                0x0000000000024d28       0x34 zephyr/kernel/libkernel.a(system_work_q.c.obj)
 .text.printf   0x0000000000024d5c       0x24 /opt/nordic/ncs/toolchains/580e4ef81c/opt/zephyr-sdk/arm-zephyr-eabi/bin/../lib/gcc/../../picolibc/arm-zephyr-eabi/lib/thumb/v8-m.main/nofp/libc.a(libc_tinystdio_printf.c.o)
                0x0000000000024d5c                printf
 .text.puts     0x0000000000024d80       0x40 /opt/nordic/ncs/toolchains/580e4ef81c/opt/zephyr-sdk/arm-zephyr-eabi/bin/../lib/gcc/../../picolibc/arm-zephyr-eabi/lib/thumb/v8-m.main/nofp/libc.a(libc_tinystdio_puts.c.o)
                0x0000000000024d80                puts
 .text.__l_vfprintf
                0x0000000000024dc0      0x4b4 /opt/nordic/ncs/toolchains/580e4ef81c/opt/zephyr-sdk/arm-zephyr-eabi/bin/../lib/gcc/../../picolibc/arm-zephyr-eabi/lib/thumb/v8-m.main/nofp/libc.a(libc_tinystdio_vflprintf.c.o)
                0x0000000000024dc0                __l_vfprintf
 .text._OffsetAbsSyms
                0x0000000000025274        0x2 zephyr/CMakeFiles/offsets.dir/./arch/arm/core/offsets/offsets.c.obj
                0x0000000000025274                _OffsetAbsSyms
 .text.gpio_pin_configure_dt
                0x0000000000025276       0x3e app/libapp.a(app_battery.c.obj)
 .text.arch_printk_char_out
                0x00000000000252b4        0x4 zephyr/libzephyr.a(printk.c.obj)
                0x00000000000252b4                arch_printk_char_out
 .text.printk   0x00000000000252b8       0x1a zephyr/libzephyr.a(printk.c.obj)
                0x00000000000252b8                printk
 .text.chunk_field
                0x00000000000252d2       0x16 zephyr/libzephyr.a(heap.c.obj)
 .text.chunk_set
                0x00000000000252e8       0x16 zephyr/libzephyr.a(heap.c.obj)
 .text.chunk_size
                0x00000000000252fe        0xc zephyr/libzephyr.a(heap.c.obj)
 .text.set_chunk_used
                0x000000000002530a       0x30 zephyr/libzephyr.a(heap.c.obj)
 .text.set_chunk_size
                0x000000000002533a        0x8 zephyr/libzephyr.a(heap.c.obj)
 .text.mem_to_chunkid
                0x0000000000025342       0x14 zephyr/libzephyr.a(heap.c.obj)
 .text.bucket_idx.isra.0
                0x0000000000025356       0x1c zephyr/libzephyr.a(heap.c.obj)
 .text.free_list_remove_bidx
                0x0000000000025372       0x5c zephyr/libzephyr.a(heap.c.obj)
 .text.free_list_remove
                0x00000000000253ce       0x2e zephyr/libzephyr.a(heap.c.obj)
 .text.alloc_chunk
                0x00000000000253fc       0x74 zephyr/libzephyr.a(heap.c.obj)
 .text.split_chunks
                0x0000000000025470       0x4e zephyr/libzephyr.a(heap.c.obj)
 .text.merge_chunks
                0x00000000000254be       0x3c zephyr/libzephyr.a(heap.c.obj)
 .text.free_list_add
                0x00000000000254fa       0x84 zephyr/libzephyr.a(heap.c.obj)
 .text.free_chunk
                0x000000000002557e       0x84 zephyr/libzephyr.a(heap.c.obj)
 .text.sys_heap_free
                0x0000000000025602       0x24 zephyr/libzephyr.a(heap.c.obj)
                0x0000000000025602                sys_heap_free
 .text.sys_heap_alloc
                0x0000000000025626       0x6e zephyr/libzephyr.a(heap.c.obj)
                0x0000000000025626                sys_heap_alloc
 .text.sys_heap_aligned_alloc
                0x0000000000025694       0xe8 zephyr/libzephyr.a(heap.c.obj)
                0x0000000000025694                sys_heap_aligned_alloc
 .text.sys_heap_init
                0x000000000002577c       0xb0 zephyr/libzephyr.a(heap.c.obj)
                0x000000000002577c                sys_heap_init
 .text.sys_slist_find_and_remove
                0x000000000002582c       0x36 zephyr/libzephyr.a(onoff.c.obj)
 .text.process_recheck
                0x0000000000025862       0x38 zephyr/libzephyr.a(onoff.c.obj)
 .text.validate_args
                0x000000000002589a       0x20 zephyr/libzephyr.a(onoff.c.obj)
 .text.notify_one
                0x00000000000258ba       0x2c zephyr/libzephyr.a(onoff.c.obj)
 .text.transition_complete
                0x00000000000258e6       0x1c zephyr/libzephyr.a(onoff.c.obj)
 .text.onoff_manager_init
                0x0000000000025902       0x26 zephyr/libzephyr.a(onoff.c.obj)
                0x0000000000025902                onoff_manager_init
 .text.onoff_request
                0x0000000000025928       0xb0 zephyr/libzephyr.a(onoff.c.obj)
                0x0000000000025928                onoff_request
 .text.onoff_release
                0x00000000000259d8       0x4a zephyr/libzephyr.a(onoff.c.obj)
                0x00000000000259d8                onoff_release
 .text.onoff_cancel
                0x0000000000025a22       0x38 zephyr/libzephyr.a(onoff.c.obj)
                0x0000000000025a22                onoff_cancel
 .text.sys_notify_validate
                0x0000000000025a5a       0x22 zephyr/libzephyr.a(notify.c.obj)
                0x0000000000025a5a                sys_notify_validate
 .text.sys_notify_finalize
                0x0000000000025a7c       0x1a zephyr/libzephyr.a(notify.c.obj)
                0x0000000000025a7c                sys_notify_finalize
 .text.ring_buf_put_claim
                0x0000000000025a96       0x3a zephyr/libzephyr.a(ring_buffer.c.obj)
                0x0000000000025a96                ring_buf_put_claim
 .text.ring_buf_put_finish
                0x0000000000025ad0       0x2a zephyr/libzephyr.a(ring_buffer.c.obj)
                0x0000000000025ad0                ring_buf_put_finish
 .text.ring_buf_put
                0x0000000000025afa       0x3e zephyr/libzephyr.a(ring_buffer.c.obj)
                0x0000000000025afa                ring_buf_put
 .text.ring_buf_get_claim
                0x0000000000025b38       0x38 zephyr/libzephyr.a(ring_buffer.c.obj)
                0x0000000000025b38                ring_buf_get_claim
 .text.ring_buf_get_finish
                0x0000000000025b70       0x2a zephyr/libzephyr.a(ring_buffer.c.obj)
                0x0000000000025b70                ring_buf_get_finish
 .text.ring_buf_get
                0x0000000000025b9a       0x40 zephyr/libzephyr.a(ring_buffer.c.obj)
                0x0000000000025b9a                ring_buf_get
 .text._ConfigAbsSyms
                0x0000000000025bda        0x2 zephyr/libzephyr.a(configs.c.obj)
                0x0000000000025bda                _ConfigAbsSyms
 .text.get_ep_bm_from_addr
                0x0000000000025bdc       0x1e zephyr/libzephyr.a(usb_device.c.obj)
 .text.usb_write
                0x0000000000025bfa       0x30 zephyr/libzephyr.a(usb_device.c.obj)
                0x0000000000025bfa                usb_write
 .text.usb_get_dev_data_by_cfg
                0x0000000000025c2a       0x16 zephyr/libzephyr.a(usb_descriptor.c.obj)
                0x0000000000025c2a                usb_get_dev_data_by_cfg
 .text.usb_get_dev_data_by_iface
                0x0000000000025c40       0x1a zephyr/libzephyr.a(usb_descriptor.c.obj)
                0x0000000000025c40                usb_get_dev_data_by_iface
 .text.usb_get_dev_data_by_ep
                0x0000000000025c5a       0x2c zephyr/libzephyr.a(usb_descriptor.c.obj)
                0x0000000000025c5a                usb_get_dev_data_by_ep
 .text.usb_transfer_is_busy
                0x0000000000025c86       0x16 zephyr/libzephyr.a(usb_transfer.c.obj)
                0x0000000000025c86                usb_transfer_is_busy
 .text.cdc_interface_config
                0x0000000000025c9c       0x14 zephyr/libzephyr.a(cdc_acm.c.obj)
 .text.cdc_acm_irq_callback_work_handler
                0x0000000000025cb0        0xa zephyr/libzephyr.a(cdc_acm.c.obj)
 .text.cdc_acm_irq_tx_disable
                0x0000000000025cba        0xa zephyr/libzephyr.a(cdc_acm.c.obj)
 .text.cdc_acm_irq_tx_ready
                0x0000000000025cc4        0xe zephyr/libzephyr.a(cdc_acm.c.obj)
 .text.cdc_acm_irq_rx_disable
                0x0000000000025cd2        0xa zephyr/libzephyr.a(cdc_acm.c.obj)
 .text.cdc_acm_irq_rx_ready
                0x0000000000025cdc        0x8 zephyr/libzephyr.a(cdc_acm.c.obj)
 .text.cdc_acm_irq_is_pending
                0x0000000000025ce4       0x1e zephyr/libzephyr.a(cdc_acm.c.obj)
 .text.cdc_acm_irq_update
                0x0000000000025d02        0x4 zephyr/libzephyr.a(cdc_acm.c.obj)
 .text.cdc_acm_irq_callback_set
                0x0000000000025d06        0x8 zephyr/libzephyr.a(cdc_acm.c.obj)
 .text.cdc_acm_fifo_read
                0x0000000000025d0e       0x54 zephyr/libzephyr.a(cdc_acm.c.obj)
 .text.cdc_acm_poll_in
                0x0000000000025d62       0x12 zephyr/libzephyr.a(cdc_acm.c.obj)
 .text.z_arm_fatal_error
                0x0000000000025d74        0x4 zephyr/arch/arch/arm/core/libarch__arm__core.a(fatal.c.obj)
                0x0000000000025d74                z_arm_fatal_error
 .text.z_do_kernel_oops
                0x0000000000025d78        0x8 zephyr/arch/arch/arm/core/libarch__arm__core.a(fatal.c.obj)
                0x0000000000025d78                z_do_kernel_oops
 .text.z_arm_nmi
                0x0000000000025d80        0xe zephyr/arch/arch/arm/core/libarch__arm__core.a(nmi.c.obj)
                0x0000000000025d80                z_arm_nmi
 .text.z_arm_save_fp_context
                0x0000000000025d8e        0x2 zephyr/arch/arch/arm/core/cortex_m/libarch__arm__core__cortex_m.a(fpu.c.obj)
                0x0000000000025d8e                z_arm_save_fp_context
 .text.z_arm_restore_fp_context
                0x0000000000025d90        0x2 zephyr/arch/arch/arm/core/cortex_m/libarch__arm__core__cortex_m.a(fpu.c.obj)
                0x0000000000025d90                z_arm_restore_fp_context
 .text.z_irq_spurious
                0x0000000000025d92        0x8 zephyr/arch/arch/arm/core/cortex_m/libarch__arm__core__cortex_m.a(irq_manage.c.obj)
                0x0000000000025d92                z_irq_spurious
 .text.configure_builtin_stack_guard
                0x0000000000025d9a        0x8 zephyr/arch/arch/arm/core/cortex_m/libarch__arm__core__cortex_m.a(thread.c.obj)
                0x0000000000025d9a                configure_builtin_stack_guard
 .text.arm_cmse_mpu_region_get
                0x0000000000025da2       0x12 zephyr/arch/arch/arm/core/cortex_m/cmse/libarch__arm__core__cortex_m__cmse.a(arm_core_cmse.c.obj)
                0x0000000000025da2                arm_cmse_mpu_region_get
 .text.mpu_configure_region
                0x0000000000025db4       0x3a zephyr/arch/arch/arm/core/mpu/libarch__arm__core__mpu.a(arm_mpu.c.obj)
 .text.picolibc_put
                0x0000000000025dee        0xa zephyr/lib/libc/picolibc/liblib__libc__picolibc.a(libc-hooks.c.obj)
 .text.nordicsemi_nrf53_init
                0x0000000000025df8       0x3e zephyr/soc/soc/arm/nordic_nrf/libsoc__arm__nordic_nrf.a(soc.c.obj)
 .text.soc_secure_gpio_pin_mcu_select
                0x0000000000025e36        0xe zephyr/soc/soc/arm/nordic_nrf/libsoc__arm__nordic_nrf.a(soc_secure.c.obj)
                0x0000000000025e36                soc_secure_gpio_pin_mcu_select
 .text.soc_secure_mem_read
                0x0000000000025e44       0x34 zephyr/soc/soc/arm/nordic_nrf/libsoc__arm__nordic_nrf.a(soc_secure.c.obj)
                0x0000000000025e44                soc_secure_mem_read
 .text.ep_ctx_reset
                0x0000000000025e78       0x26 zephyr/drivers/usb/device/libdrivers__usb__device.a(usb_dc_nrfx.c.obj)
 .text.k_mutex_lock.constprop.0.isra.0
                0x0000000000025e9e        0x4 zephyr/drivers/usb/device/libdrivers__usb__device.a(usb_dc_nrfx.c.obj)
 .text.k_mutex_unlock.isra.0
                0x0000000000025ea2        0x4 zephyr/drivers/usb/device/libdrivers__usb__device.a(usb_dc_nrfx.c.obj)
 .text.attached_evt_delay_handler
                0x0000000000025ea6        0x6 zephyr/drivers/usb/device/libdrivers__usb__device.a(usb_dc_nrfx.c.obj)
 .text.usb_dc_ep_check_cap
                0x0000000000025eac       0x2a zephyr/drivers/usb/device/libdrivers__usb__device.a(usb_dc_nrfx.c.obj)
                0x0000000000025eac                usb_dc_ep_check_cap
 .text.usb_dc_ep_disable
                0x0000000000025ed6       0x32 zephyr/drivers/usb/device/libdrivers__usb__device.a(usb_dc_nrfx.c.obj)
                0x0000000000025ed6                usb_dc_ep_disable
 .text.usb_dc_ep_read
                0x0000000000025f08       0x1e zephyr/drivers/usb/device/libdrivers__usb__device.a(usb_dc_nrfx.c.obj)
                0x0000000000025f08                usb_dc_ep_read
 .text.ep2bit   0x0000000000025f26       0x10 zephyr/drivers/usb/common/nrf_usbd_common/libdrivers__usb__common__nrf_usbd_common.a(nrf_usbd_common.c.obj)
 .text.nrf_usbd_common_ep_max_packet_size_set
                0x0000000000025f36        0xa zephyr/drivers/usb/common/nrf_usbd_common/libdrivers__usb__common__nrf_usbd_common.a(nrf_usbd_common.c.obj)
                0x0000000000025f36                nrf_usbd_common_ep_max_packet_size_set
 .text.nrf_usbd_common_ep_status_get
                0x0000000000025f40       0x2e zephyr/drivers/usb/common/nrf_usbd_common/libdrivers__usb__common__nrf_usbd_common.a(nrf_usbd_common.c.obj)
                0x0000000000025f40                nrf_usbd_common_ep_status_get
 .text.adc_context_on_timer_expired
                0x0000000000025f6e       0x26 zephyr/drivers/adc/libdrivers__adc.a(adc_nrfx_saadc.c.obj)
 .text.get_status
                0x0000000000025f94       0x12 zephyr/drivers/clock_control/libdrivers__clock_control.a(clock_control_nrf.c.obj)
 .text.set_on_state
                0x0000000000025fa6       0x26 zephyr/drivers/clock_control/libdrivers__clock_control.a(clock_control_nrf.c.obj)
 .text.stop     0x0000000000025fcc       0x54 zephyr/drivers/clock_control/libdrivers__clock_control.a(clock_control_nrf.c.obj)
 .text.api_stop
                0x0000000000026020        0x6 zephyr/drivers/clock_control/libdrivers__clock_control.a(clock_control_nrf.c.obj)
 .text.async_start
                0x0000000000026026       0x5e zephyr/drivers/clock_control/libdrivers__clock_control.a(clock_control_nrf.c.obj)
 .text.api_start
                0x0000000000026084        0xe zephyr/drivers/clock_control/libdrivers__clock_control.a(clock_control_nrf.c.obj)
 .text.onoff_started_callback
                0x0000000000026092       0x12 zephyr/drivers/clock_control/libdrivers__clock_control.a(clock_control_nrf.c.obj)
 .text.hfclkaudio_start
                0x00000000000260a4        0x6 zephyr/drivers/clock_control/libdrivers__clock_control.a(clock_control_nrf.c.obj)
 .text.hfclk192m_start
                0x00000000000260aa        0x6 zephyr/drivers/clock_control/libdrivers__clock_control.a(clock_control_nrf.c.obj)
 .text.lfclk_start
                0x00000000000260b0        0x6 zephyr/drivers/clock_control/libdrivers__clock_control.a(clock_control_nrf.c.obj)
 .text.hfclkaudio_stop
                0x00000000000260b6        0x6 zephyr/drivers/clock_control/libdrivers__clock_control.a(clock_control_nrf.c.obj)
 .text.hfclk192m_stop
                0x00000000000260bc        0x6 zephyr/drivers/clock_control/libdrivers__clock_control.a(clock_control_nrf.c.obj)
 .text.lfclk_stop
                0x00000000000260c2        0x6 zephyr/drivers/clock_control/libdrivers__clock_control.a(clock_control_nrf.c.obj)
 .text.blocking_start_callback
                0x00000000000260c8        0x6 zephyr/drivers/clock_control/libdrivers__clock_control.a(clock_control_nrf.c.obj)
 .text.gpio_nrfx_port_get_raw
                0x00000000000260ce        0xc zephyr/drivers/gpio/libdrivers__gpio.a(gpio_nrfx.c.obj)
 .text.gpio_nrfx_port_set_masked_raw
                0x00000000000260da       0x14 zephyr/drivers/gpio/libdrivers__gpio.a(gpio_nrfx.c.obj)
 .text.gpio_nrfx_port_set_bits_raw
                0x00000000000260ee        0xa zephyr/drivers/gpio/libdrivers__gpio.a(gpio_nrfx.c.obj)
 .text.gpio_nrfx_port_clear_bits_raw
                0x00000000000260f8        0xa zephyr/drivers/gpio/libdrivers__gpio.a(gpio_nrfx.c.obj)
 .text.gpio_nrfx_port_toggle_bits
                0x0000000000026102       0x14 zephyr/drivers/gpio/libdrivers__gpio.a(gpio_nrfx.c.obj)
 .text.gpio_nrfx_manage_callback
                0x0000000000026116       0x52 zephyr/drivers/gpio/libdrivers__gpio.a(gpio_nrfx.c.obj)
 .text.i2c_nrfx_twim_configure
                0x0000000000026168       0x3a zephyr/drivers/i2c/libdrivers__i2c.a(i2c_nrfx_twim.c.obj)
 .text.irq_connect1
                0x00000000000261a2        0xa zephyr/drivers/i2c/libdrivers__i2c.a(i2c_nrfx_twim.c.obj)
 .text.pinctrl_apply_state.constprop.0
                0x00000000000261ac       0x20 zephyr/drivers/i2c/libdrivers__i2c.a(i2c_nrfx_twim.c.obj)
 .text.pinctrl_lookup_state
                0x00000000000261cc       0x26 zephyr/drivers/pinctrl/libdrivers__pinctrl.a(common.c.obj)
                0x00000000000261cc                pinctrl_lookup_state
 .text.pwm_nrfx_set_cycles
                0x00000000000261f2      0x12a zephyr/drivers/pwm/libdrivers__pwm.a(pwm_nrfx.c.obj)
 .text.pwm_nrfx_init0
                0x000000000002631c        0x4 zephyr/drivers/pwm/libdrivers__pwm.a(pwm_nrfx.c.obj)
 .text.pwm_nrfx_init1
                0x0000000000026320        0x4 zephyr/drivers/pwm/libdrivers__pwm.a(pwm_nrfx.c.obj)
 .text.regulator_common_data_init
                0x0000000000026324       0x10 zephyr/drivers/regulator/libdrivers__regulator.a(regulator_common.c.obj)
                0x0000000000026324                regulator_common_data_init
 .text.regulator_set_voltage
                0x0000000000026334       0x28 zephyr/drivers/regulator/libdrivers__regulator.a(regulator_common.c.obj)
                0x0000000000026334                regulator_set_voltage
 .text.regulator_set_mode
                0x000000000002635c       0x3e zephyr/drivers/regulator/libdrivers__regulator.a(regulator_common.c.obj)
                0x000000000002635c                regulator_set_mode
 .text.regulator_common_init
                0x000000000002639a       0xa4 zephyr/drivers/regulator/libdrivers__regulator.a(regulator_common.c.obj)
                0x000000000002639a                regulator_common_init
 .text.gpio_pin_configure_dt
                0x000000000002643e       0x34 zephyr/drivers/regulator/libdrivers__regulator.a(regulator_fixed.c.obj)
 .text.gpio_pin_set
                0x0000000000026472       0x20 zephyr/drivers/regulator/libdrivers__regulator.a(regulator_fixed.c.obj)
 .text.regulator_fixed_enable
                0x0000000000026492       0x1e zephyr/drivers/regulator/libdrivers__regulator.a(regulator_fixed.c.obj)
 .text.regulator_fixed_count_voltages
                0x00000000000264b0        0xe zephyr/drivers/regulator/libdrivers__regulator.a(regulator_fixed.c.obj)
 .text.regulator_fixed_list_voltage
                0x00000000000264be       0x1a zephyr/drivers/regulator/libdrivers__regulator.a(regulator_fixed.c.obj)
 .text.regulator_fixed_init
                0x00000000000264d8       0x52 zephyr/drivers/regulator/libdrivers__regulator.a(regulator_fixed.c.obj)
 .text.regulator_fixed_disable
                0x000000000002652a       0x16 zephyr/drivers/regulator/libdrivers__regulator.a(regulator_fixed.c.obj)
 .text.uarte_nrfx_err_check
                0x0000000000026540        0xe zephyr/drivers/serial/libdrivers__serial.a(uart_nrfx_uarte.c.obj)
 .text.tx_start
                0x000000000002654e       0x3e zephyr/drivers/serial/libdrivers__serial.a(uart_nrfx_uarte.c.obj)
 .text.uarte_nrfx_poll_in
                0x000000000002658c       0x28 zephyr/drivers/serial/libdrivers__serial.a(uart_nrfx_uarte.c.obj)
 .text.uarte_nrfx_fifo_read
                0x00000000000265b4       0x2e zephyr/drivers/serial/libdrivers__serial.a(uart_nrfx_uarte.c.obj)
 .text.uarte_nrfx_irq_tx_enable
                0x00000000000265e2       0x2e zephyr/drivers/serial/libdrivers__serial.a(uart_nrfx_uarte.c.obj)
 .text.uarte_nrfx_irq_tx_disable
                0x0000000000026610        0xa zephyr/drivers/serial/libdrivers__serial.a(uart_nrfx_uarte.c.obj)
 .text.uarte_nrfx_irq_tx_ready_complete
                0x000000000002661a       0x2a zephyr/drivers/serial/libdrivers__serial.a(uart_nrfx_uarte.c.obj)
 .text.uarte_nrfx_irq_rx_ready
                0x0000000000026644       0x10 zephyr/drivers/serial/libdrivers__serial.a(uart_nrfx_uarte.c.obj)
 .text.uarte_nrfx_irq_rx_enable
                0x0000000000026654        0xc zephyr/drivers/serial/libdrivers__serial.a(uart_nrfx_uarte.c.obj)
 .text.uarte_nrfx_irq_rx_disable
                0x0000000000026660        0xc zephyr/drivers/serial/libdrivers__serial.a(uart_nrfx_uarte.c.obj)
 .text.uarte_nrfx_irq_err_enable
                0x000000000002666c        0xe zephyr/drivers/serial/libdrivers__serial.a(uart_nrfx_uarte.c.obj)
 .text.uarte_nrfx_irq_err_disable
                0x000000000002667a        0xe zephyr/drivers/serial/libdrivers__serial.a(uart_nrfx_uarte.c.obj)
 .text.uarte_nrfx_irq_is_pending
                0x0000000000026688       0x36 zephyr/drivers/serial/libdrivers__serial.a(uart_nrfx_uarte.c.obj)
 .text.uarte_nrfx_irq_update
                0x00000000000266be        0x4 zephyr/drivers/serial/libdrivers__serial.a(uart_nrfx_uarte.c.obj)
 .text.uarte_nrfx_irq_callback_set
                0x00000000000266c2        0xc zephyr/drivers/serial/libdrivers__serial.a(uart_nrfx_uarte.c.obj)
 .text.is_tx_ready.isra.0
                0x00000000000266ce       0x20 zephyr/drivers/serial/libdrivers__serial.a(uart_nrfx_uarte.c.obj)
 .text.uarte_nrfx_fifo_fill
                0x00000000000266ee       0x70 zephyr/drivers/serial/libdrivers__serial.a(uart_nrfx_uarte.c.obj)
 .text.uarte_nrfx_isr_int
                0x000000000002675e       0xc0 zephyr/drivers/serial/libdrivers__serial.a(uart_nrfx_uarte.c.obj)
 .text.irq_connect3
                0x000000000002681e        0xa zephyr/drivers/spi/libdrivers__spi.a(spi_nrfx_spim.c.obj)
 .text.irq_connect4
                0x0000000000026828        0xa zephyr/drivers/spi/libdrivers__spi.a(spi_nrfx_spim.c.obj)
 .text.spi_context_get_next_buf.constprop.0
                0x0000000000026832       0x26 zephyr/drivers/spi/libdrivers__spi.a(spi_nrfx_spim.c.obj)
 .text.gpio_pin_set_dt.isra.0
                0x0000000000026858       0x28 zephyr/drivers/spi/libdrivers__spi.a(spi_nrfx_spim.c.obj)
 .text.spi_context_unlock_unconditionally
                0x0000000000026880       0x30 zephyr/drivers/spi/libdrivers__spi.a(spi_nrfx_spim.c.obj)
 .text.spi_nrfx_release
                0x00000000000268b0       0x24 zephyr/drivers/spi/libdrivers__spi.a(spi_nrfx_spim.c.obj)
 .text.spi_nrfx_init
                0x00000000000268d4       0xc6 zephyr/drivers/spi/libdrivers__spi.a(spi_nrfx_spim.c.obj)
 .text.event_handler
                0x000000000002699a       0xba zephyr/drivers/spi/libdrivers__spi.a(spi_nrfx_spim.c.obj)
 .text.spi_nrfx_wake_request
                0x0000000000026a54       0x50 zephyr/drivers/spi/libdrivers__spi.a(spi_nrfx_common.c.obj)
                0x0000000000026a54                spi_nrfx_wake_request
 .text.event_clear
                0x0000000000026aa4       0x18 zephyr/drivers/timer/libdrivers__timer.a(nrf_rtc_timer.c.obj)
 .text.sys_clock_cycle_get_32
                0x0000000000026abc        0x8 zephyr/drivers/timer/libdrivers__timer.a(nrf_rtc_timer.c.obj)
                0x0000000000026abc                sys_clock_cycle_get_32
 .text.k_sys_fatal_error_handler
                0x0000000000026ac4        0x8 modules/nrf/lib/fatal_error/lib..__nrf__lib__fatal_error.a(fatal_error.c.obj)
                0x0000000000026ac4                k_sys_fatal_error_handler
 .text.tfm_platform_ns_fault_set_handler
                0x0000000000026acc       0x4e modules/nrf/modules/trusted-firmware-m/libtfm_api_nrf.a(tfm_ioctl_ns_api.c.obj)
                0x0000000000026acc                tfm_platform_ns_fault_set_handler
 .text.ns_interface_init
                0x0000000000026b1a        0x4 modules/trusted-firmware-m/libtfm_api.a(interface.c.obj)
 .text.tfm_platform_mem_read
                0x0000000000026b1e       0x30 modules/trusted-firmware-m/libtfm_api.a(tfm_ioctl_core_ns_api.c.obj)
                0x0000000000026b1e                tfm_platform_mem_read
 .text.tfm_platform_gpio_pin_mcu_select
                0x0000000000026b4e       0x32 modules/trusted-firmware-m/libtfm_api.a(tfm_ioctl_core_ns_api.c.obj)
                0x0000000000026b4e                tfm_platform_gpio_pin_mcu_select
 .text.SystemInit
                0x0000000000026b80        0x2 modules/hal_nordic/nrfx/libmodules__hal_nordic__nrfx.a(system_nrf5340_application.c.obj)
                0x0000000000026b80                SystemInit
 .text.nrfx_isr
                0x0000000000026b82        0x2 modules/hal_nordic/nrfx/libmodules__hal_nordic__nrfx.a(nrfx_glue.c.obj)
                0x0000000000026b82                nrfx_isr
 .text.nrfx_busy_wait
                0x0000000000026b84        0x4 modules/hal_nordic/nrfx/libmodules__hal_nordic__nrfx.a(nrfx_glue.c.obj)
                0x0000000000026b84                nrfx_busy_wait
 .text.nrfx_gppi_event_endpoint_setup
                0x0000000000026b88        0xa modules/hal_nordic/nrfx/libmodules__hal_nordic__nrfx.a(nrfx_gppi_dppi.c.obj)
                0x0000000000026b88                nrfx_gppi_event_endpoint_setup
 .text.nrfx_gppi_task_endpoint_setup
                0x0000000000026b92        0xa modules/hal_nordic/nrfx/libmodules__hal_nordic__nrfx.a(nrfx_gppi_dppi.c.obj)
                0x0000000000026b92                nrfx_gppi_task_endpoint_setup
 .text.nrfx_gppi_channel_endpoints_setup
                0x0000000000026b9c        0xe modules/hal_nordic/nrfx/libmodules__hal_nordic__nrfx.a(nrfx_gppi_dppi.c.obj)
                0x0000000000026b9c                nrfx_gppi_channel_endpoints_setup
 .text.nrfx_gppi_channel_alloc
                0x0000000000026baa        0x4 modules/hal_nordic/nrfx/libmodules__hal_nordic__nrfx.a(nrfx_gppi_dppi.c.obj)
                0x0000000000026baa                nrfx_gppi_channel_alloc
 .text.nrfx_clock_stop
                0x0000000000026bae        0x4 modules/hal_nordic/nrfx/libmodules__hal_nordic__nrfx.a(nrfx_clock.c.obj)
                0x0000000000026bae                nrfx_clock_stop
 .text.nrf_gpio_reconfigure
                0x0000000000026bb2       0x92 modules/hal_nordic/nrfx/libmodules__hal_nordic__nrfx.a(nrfx_gpiote.c.obj)
 .text.nrf_gpio_cfg_sense_set
                0x0000000000026c44       0x1e modules/hal_nordic/nrfx/libmodules__hal_nordic__nrfx.a(nrfx_gpiote.c.obj)
 .text.call_handler
                0x0000000000026c62       0x3e modules/hal_nordic/nrfx/libmodules__hal_nordic__nrfx.a(nrfx_gpiote.c.obj)
 .text.pin_in_event_get
                0x0000000000026ca0       0x24 modules/hal_nordic/nrfx/libmodules__hal_nordic__nrfx.a(nrfx_gpiote.c.obj)
 .text.pin_trigger_disable
                0x0000000000026cc4       0x4a modules/hal_nordic/nrfx/libmodules__hal_nordic__nrfx.a(nrfx_gpiote.c.obj)
 .text.nrfx_gpiote_pin_uninit
                0x0000000000026d0e        0x4 modules/hal_nordic/nrfx/libmodules__hal_nordic__nrfx.a(nrfx_gpiote.c.obj)
                0x0000000000026d0e                nrfx_gpiote_pin_uninit
 .text.nrfx_gpiote_trigger_disable
                0x0000000000026d12        0x4 modules/hal_nordic/nrfx/libmodules__hal_nordic__nrfx.a(nrfx_gpiote.c.obj)
                0x0000000000026d12                nrfx_gpiote_trigger_disable
 .text.nrfx_gpiote_in_event_get
                0x0000000000026d16        0x4 modules/hal_nordic/nrfx/libmodules__hal_nordic__nrfx.a(nrfx_gpiote.c.obj)
                0x0000000000026d16                nrfx_gpiote_in_event_get
 .text.nrfx_power_clock_irq_handler
                0x0000000000026d1a        0xe modules/hal_nordic/nrfx/libmodules__hal_nordic__nrfx.a(nrfx_power.c.obj)
                0x0000000000026d1a                nrfx_power_clock_irq_handler
 .text.start_playback
                0x0000000000026d28       0x4e modules/hal_nordic/nrfx/libmodules__hal_nordic__nrfx.a(nrfx_pwm.c.obj)
 .text.__nrfy_internal_pwm_event_handle.isra.0
                0x0000000000026d76       0x22 modules/hal_nordic/nrfx/libmodules__hal_nordic__nrfx.a(nrfx_pwm.c.obj)
 .text.__nrfy_internal_pwm_events_process
                0x0000000000026d98       0x54 modules/hal_nordic/nrfx/libmodules__hal_nordic__nrfx.a(nrfx_pwm.c.obj)
 .text.nrfx_pwm_stopped_check
                0x0000000000026dec        0x4 modules/hal_nordic/nrfx/libmodules__hal_nordic__nrfx.a(nrfx_pwm.c.obj)
                0x0000000000026dec                nrfx_pwm_stopped_check
 .text.__nrfy_internal_spim_event_handle
                0x0000000000026df0       0x2a modules/hal_nordic/nrfx/libmodules__hal_nordic__nrfx.a(nrfx_spim.c.obj)
 .text.__nrfy_internal_spim_events_process
                0x0000000000026e1a       0x7c modules/hal_nordic/nrfx/libmodules__hal_nordic__nrfx.a(nrfx_spim.c.obj)
 .text.nrf_gpio_pin_set
                0x0000000000026e96       0x18 modules/hal_nordic/nrfx/libmodules__hal_nordic__nrfx.a(nrfx_spim.c.obj)
 .text.nrf_gpio_pin_clear
                0x0000000000026eae       0x18 modules/hal_nordic/nrfx/libmodules__hal_nordic__nrfx.a(nrfx_spim.c.obj)
 .text.spim_abort
                0x0000000000026ec6       0x2c modules/hal_nordic/nrfx/libmodules__hal_nordic__nrfx.a(nrfx_spim.c.obj)
 .text.irq_handler
                0x0000000000026ef2       0x46 modules/hal_nordic/nrfx/libmodules__hal_nordic__nrfx.a(nrfx_spim.c.obj)
 .text.xfer_completeness_check
                0x0000000000026f38       0x62 modules/hal_nordic/nrfx/libmodules__hal_nordic__nrfx.a(nrfx_twim.c.obj)
 .text.__nrfy_internal_twim_event_handle.isra.0
                0x0000000000026f9a       0x22 modules/hal_nordic/nrfx/libmodules__hal_nordic__nrfx.a(nrfx_twim.c.obj)
 .text.__nrfy_internal_twim_events_process.constprop.0
                0x0000000000026fbc       0x54 modules/hal_nordic/nrfx/libmodules__hal_nordic__nrfx.a(nrfx_twim.c.obj)
 .text.nrf_gpio_pin_set
                0x0000000000027010       0x18 modules/hal_nordic/nrfx/libmodules__hal_nordic__nrfx.a(nrfx_twi_twim.c.obj)
 .text.z_impl_k_busy_wait
                0x0000000000027028        0x8 zephyr/kernel/libkernel.a(busy_wait.c.obj)
                0x0000000000027028                z_impl_k_busy_wait
 .text.z_device_state_init
                0x0000000000027030        0x2 zephyr/kernel/libkernel.a(device.c.obj)
                0x0000000000027030                z_device_state_init
 .text.z_device_is_ready
                0x0000000000027032       0x16 zephyr/kernel/libkernel.a(device.c.obj)
                0x0000000000027032                z_device_is_ready
 .text.z_early_memset
                0x0000000000027048        0x4 zephyr/kernel/libkernel.a(init.c.obj)
                0x0000000000027048                z_early_memset
 .text.z_early_memcpy
                0x000000000002704c        0x4 zephyr/kernel/libkernel.a(init.c.obj)
                0x000000000002704c                z_early_memcpy
 .text.create_free_list
                0x0000000000027050       0x2c zephyr/kernel/libkernel.a(mem_slab.c.obj)
 .text.k_mem_slab_free
                0x000000000002707c       0x4c zephyr/kernel/libkernel.a(mem_slab.c.obj)
                0x000000000002707c                k_mem_slab_free
 .text.k_is_in_isr
                0x00000000000270c8        0xc zephyr/kernel/libkernel.a(thread.c.obj)