Archive member included to satisfy reference by file (symbol)

app/libapp.a(main.c.obj)      (--whole-archive)
zephyr/libzephyr.a(crc32c_sw.c.obj)
                              (--whole-archive)
zephyr/libzephyr.a(crc32_sw.c.obj)
                              (--whole-archive)
zephyr/libzephyr.a(crc16_sw.c.obj)
                              (--whole-archive)
zephyr/libzephyr.a(crc8_sw.c.obj)
                              (--whole-archive)
zephyr/libzephyr.a(crc7_sw.c.obj)
                              (--whole-archive)
zephyr/libzephyr.a(crc4_sw.c.obj)
                              (--whole-archive)
zephyr/libzephyr.a(cbprintf_packaged.c.obj)
                              (--whole-archive)
zephyr/libzephyr.a(dec.c.obj)
                              (--whole-archive)
zephyr/libzephyr.a(hex.c.obj)
                              (--whole-archive)
zephyr/libzephyr.a(printk.c.obj)
                              (--whole-archive)
zephyr/libzephyr.a(rb.c.obj)  (--whole-archive)
zephyr/libzephyr.a(sem.c.obj)
                              (--whole-archive)
zephyr/libzephyr.a(thread_entry.c.obj)
                              (--whole-archive)
zephyr/libzephyr.a(timeutil.c.obj)
                              (--whole-archive)
zephyr/libzephyr.a(heap.c.obj)
                              (--whole-archive)
zephyr/libzephyr.a(heap-validate.c.obj)
                              (--whole-archive)
zephyr/libzephyr.a(bitarray.c.obj)
                              (--whole-archive)
zephyr/libzephyr.a(multi_heap.c.obj)
                              (--whole-archive)
zephyr/libzephyr.a(fdtable.c.obj)
                              (--whole-archive)
zephyr/libzephyr.a(onoff.c.obj)
                              (--whole-archive)
zephyr/libzephyr.a(notify.c.obj)
                              (--whole-archive)
zephyr/libzephyr.a(cbprintf_complete.c.obj)
                              (--whole-archive)
zephyr/libzephyr.a(ring_buffer.c.obj)
                              (--whole-archive)
zephyr/libzephyr.a(assert.c.obj)
                              (--whole-archive)
zephyr/libzephyr.a(mpsc_pbuf.c.obj)
                              (--whole-archive)
zephyr/libzephyr.a(reboot.c.obj)
                              (--whole-archive)
zephyr/libzephyr.a(configs.c.obj)
                              (--whole-archive)
zephyr/libzephyr.a(log_core.c.obj)
                              (--whole-archive)
zephyr/libzephyr.a(log_mgmt.c.obj)
                              (--whole-archive)
zephyr/libzephyr.a(log_cache.c.obj)
                              (--whole-archive)
zephyr/libzephyr.a(log_msg.c.obj)
                              (--whole-archive)
zephyr/libzephyr.a(log_output.c.obj)
                              (--whole-archive)
zephyr/libzephyr.a(log_backend_uart.c.obj)
                              (--whole-archive)
zephyr/libzephyr.a(mem_attr.c.obj)
                              (--whole-archive)
zephyr/libzephyr.a(tracing_none.c.obj)
                              (--whole-archive)
zephyr/libzephyr.a(usb_device.c.obj)
                              (--whole-archive)
zephyr/libzephyr.a(usb_descriptor.c.obj)
                              (--whole-archive)
zephyr/libzephyr.a(usb_transfer.c.obj)
                              (--whole-archive)
zephyr/libzephyr.a(cdc_acm.c.obj)
                              (--whole-archive)
zephyr/libzephyr.a(usb_work_q.c.obj)
                              (--whole-archive)
zephyr/libzephyr.a(addr_utils.c.obj)
                              (--whole-archive)
zephyr/libzephyr.a(flash_map_partition_manager.c.obj)
                              (--whole-archive)
zephyr/arch/common/libarch__common.a(sw_isr_common.c.obj)
                              (--whole-archive)
zephyr/arch/arch/arm/core/libarch__arm__core.a(fatal.c.obj)
                              (--whole-archive)
zephyr/arch/arch/arm/core/libarch__arm__core.a(nmi.c.obj)
                              (--whole-archive)
zephyr/arch/arch/arm/core/libarch__arm__core.a(nmi_on_reset.S.obj)
                              (--whole-archive)
zephyr/arch/arch/arm/core/libarch__arm__core.a(tls.c.obj)
                              (--whole-archive)
zephyr/arch/arch/arm/core/cortex_m/libarch__arm__core__cortex_m.a(exc_exit.S.obj)
                              (--whole-archive)
zephyr/arch/arch/arm/core/cortex_m/libarch__arm__core__cortex_m.a(fault.c.obj)
                              (--whole-archive)
zephyr/arch/arch/arm/core/cortex_m/libarch__arm__core__cortex_m.a(fault_s.S.obj)
                              (--whole-archive)
zephyr/arch/arch/arm/core/cortex_m/libarch__arm__core__cortex_m.a(fpu.c.obj)
                              (--whole-archive)
zephyr/arch/arch/arm/core/cortex_m/libarch__arm__core__cortex_m.a(reset.S.obj)
                              (--whole-archive)
zephyr/arch/arch/arm/core/cortex_m/libarch__arm__core__cortex_m.a(scb.c.obj)
                              (--whole-archive)
zephyr/arch/arch/arm/core/cortex_m/libarch__arm__core__cortex_m.a(thread_abort.c.obj)
[...]
Memory Configuration

Name             Origin             Length             Attributes
FLASH            0x000000000001c000 0x00000000000d4000 xr
RAM              0x000000002000a000 0x0000000000066000 xw
IDT_LIST         0x00000000ffff7fff 0x0000000000008000 xw
*default*        0x0000000000000000 0xffffffffffffffff

Linker script and memory map

                0x000000000003024c                vfprintf = __l_vfprintf
                0x0000000000000000                vfscanf = __l_vfscanf
LOAD zephyr/CMakeFiles/zephyr_pre0.dir/misc/empty_file.c.obj
LOAD zephyr/CMakeFiles/offsets.dir/./arch/arm/core/offsets/offsets.c.obj
LOAD tfm/api_ns/interface/lib/s_veneers.o
LOAD app/libapp.a
LOAD zephyr/libzephyr.a
LOAD zephyr/arch/common/libarch__common.a
LOAD zephyr/arch/arch/arm/core/libarch__arm__core.a
LOAD zephyr/arch/arch/arm/core/cortex_m/libarch__arm__core__cortex_m.a
LOAD zephyr/arch/arch/arm/core/cortex_m/cmse/libarch__arm__core__cortex_m__cmse.a
LOAD zephyr/arch/arch/arm/core/mpu/libarch__arm__core__mpu.a
LOAD zephyr/lib/libc/picolibc/liblib__libc__picolibc.a
LOAD zephyr/lib/libc/common/liblib__libc__common.a
LOAD zephyr/soc/soc/arm/nordic_nrf/libsoc__arm__nordic_nrf.a
LOAD zephyr/boards/arm/thingy53_nrf5340/libboards__arm__thingy53_nrf5340.a
LOAD zephyr/subsys/random/libsubsys__random.a
LOAD zephyr/subsys/net/libsubsys__net.a
LOAD zephyr/subsys/net/l2/ethernet/libsubsys__net__l2__ethernet.a
LOAD zephyr/subsys/net/ip/libsubsys__net__ip.a
LOAD zephyr/subsys/net/lib/config/libsubsys__net__lib__config.a
LOAD zephyr/subsys/net/lib/dns/libsubsys__net__lib__dns.a
LOAD zephyr/drivers/usb/device/libdrivers__usb__device.a
LOAD zephyr/drivers/usb/common/nrf_usbd_common/libdrivers__usb__common__nrf_usbd_common.a
LOAD zephyr/drivers/clock_control/libdrivers__clock_control.a
LOAD zephyr/drivers/console/libdrivers__console.a
LOAD zephyr/drivers/entropy/libdrivers__entropy.a
LOAD zephyr/drivers/gpio/libdrivers__gpio.a
LOAD zephyr/drivers/hwinfo/libdrivers__hwinfo.a
LOAD zephyr/drivers/i2c/libdrivers__i2c.a
LOAD zephyr/drivers/mbox/libdrivers__mbox.a
LOAD zephyr/drivers/pinctrl/libdrivers__pinctrl.a
LOAD zephyr/drivers/regulator/libdrivers__regulator.a
LOAD zephyr/drivers/serial/libdrivers__serial.a
LOAD zephyr/drivers/spi/libdrivers__spi.a
LOAD zephyr/drivers/timer/libdrivers__timer.a
LOAD modules/nrf/lib/fatal_error/lib..__nrf__lib__fatal_error.a
LOAD modules/nrf/subsys/nrf_security/src/zephyr/libmbedtls_zephyr.a
LOAD modules/nrf/modules/trusted-firmware-m/lib..__nrf__modules__trusted-firmware-m.a
LOAD modules/nrf/modules/trusted-firmware-m/libtfm_api_nrf.a
LOAD modules/trusted-firmware-m/libtfm_api.a
LOAD modules/hal_nordic/nrfx/libmodules__hal_nordic__nrfx.a
LOAD zephyr/kernel/libkernel.a
LOAD /opt/nordic/ncs/toolchains/580e4ef81c/opt/zephyr-sdk/arm-zephyr-eabi/bin/../lib/gcc/arm-zephyr-eabi/12.2.0/thumb/v8-m.main/nofp/libgcc.a
LOAD zephyr/arch/common/libisr_tables.a
LOAD modules/nrf/subsys/nrf_security/src/libmbedcrypto.a
LOAD /opt/nordic/ncs/v2.6.1/nrfxlib/crypto/nrf_oberon/lib/cortex-m33/soft-float/liboberon_mbedtls_3.0.14.a
LOAD modules/nrf/subsys/nrf_security/src/libmbedcrypto_base.a
LOAD /opt/nordic/ncs/v2.6.1/nrfxlib/crypto/nrf_oberon/lib/cortex-m33/soft-float/liboberon_3.0.14.a
LOAD /opt/nordic/ncs/toolchains/580e4ef81c/opt/zephyr-sdk/arm-zephyr-eabi/bin/../lib/gcc/../../picolibc/arm-zephyr-eabi/lib/thumb/v8-m.main/nofp/libc.a
LOAD /opt/nordic/ncs/toolchains/580e4ef81c/opt/zephyr-sdk/arm-zephyr-eabi/bin/../lib/gcc/arm-zephyr-eabi/12.2.0/thumb/v8-m.main/nofp/libgcc.a
                0x0000000000000020                _region_min_align = 0x20

.rel.plt        0x000000000001c000        0x0
 *(SORT_BY_ALIGNMENT(.rel.plt))
                [!provide]                        PROVIDE (__rel_iplt_start = .)
 *(SORT_BY_ALIGNMENT(.rel.iplt))
 .rel.iplt      0x000000000001c000        0x0 app/libapp.a(main.c.obj)
                [!provide]                        PROVIDE (__rel_iplt_end = .)

.rela.plt       0x0000000000000000        0x0
 *(SORT_BY_ALIGNMENT(.rela.plt))
                [!provide]                        PROVIDE (__rela_iplt_start = .)
 *(SORT_BY_ALIGNMENT(.rela.iplt))
                [!provide]                        PROVIDE (__rela_iplt_end = .)

.rel.dyn
 *(SORT_BY_ALIGNMENT(.rel.*))

.rela.dyn
 *(SORT_BY_ALIGNMENT(.rela.*))

/DISCARD/
 *(SORT_BY_ALIGNMENT(.plt))

/DISCARD/
 *(SORT_BY_ALIGNMENT(.iplt))
                0x000000000001c000                __rom_region_start = 0x1c000

rom_start       0x000000000001c000      0x154
                0x000000000001c000                __rom_start_address = .
 FILL mask 0x00
                0x000000000001c000                . = (. + (0x0 - (. - __rom_start_address)))
                0x000000000001c000                . = ALIGN (0x4)
                0x000000000001c000                . = ALIGN (0x80)
                0x000000000001c000                . = ALIGN (0x200)
                0x000000000001c000                _vector_start = .
 *(SORT_BY_ALIGNMENT(.exc_vector_table))
 *(SORT_BY_ALIGNMENT(.exc_vector_table.*))
 .exc_vector_table._vector_table_section
                0x000000000001c000       0x40 zephyr/arch/arch/arm/core/cortex_m/libarch__arm__core__cortex_m.a(vector_table.S.obj)
                0x000000000001c000                _vector_table
 *(SORT_BY_ALIGNMENT(.vectors))
                0x000000000001c154                _vector_end = .
                0x000000000001c040                . = ALIGN (0x4)
 *(SORT_BY_ALIGNMENT(.gnu.linkonce.irq_vector_table*))
 .gnu.linkonce.irq_vector_table
                0x000000000001c040      0x114 zephyr/arch/common/libisr_tables.a(isr_tables.c.obj)
                0x000000000001c040                _irq_vector_table
                0x000000000001c154                _vector_end = .

text            0x000000000001c154    0x1cabc
                0x000000000001c154                __text_region_start = .
 *(SORT_BY_ALIGNMENT(.text))
 .text          0x000000000001c154       0xa0 /opt/nordic/ncs/toolchains/580e4ef81c/opt/zephyr-sdk/arm-zephyr-eabi/bin/../lib/gcc/arm-zephyr-eabi/12.2.0/thumb/v8-m.main/nofp/libgcc.a(_aeabi_ldivmod.o)
                0x000000000001c154                __aeabi_ldivmod
 .text          0x000000000001c1f4       0x30 /opt/nordic/ncs/toolchains/580e4ef81c/opt/zephyr-sdk/arm-zephyr-eabi/bin/../lib/gcc/arm-zephyr-eabi/12.2.0/thumb/v8-m.main/nofp/libgcc.a(_aeabi_uldivmod.o)
                0x000000000001c1f4                __aeabi_uldivmod
 .text          0x000000000001c224        0x4 /opt/nordic/ncs/toolchains/580e4ef81c/opt/zephyr-sdk/arm-zephyr-eabi/bin/../lib/gcc/arm-zephyr-eabi/12.2.0/thumb/v8-m.main/nofp/libgcc.a(_dvmd_tls.o)
                0x000000000001c224                __aeabi_ldiv0
                0x000000000001c224                __aeabi_idiv0
 .text          0x000000000001c228      0x29c /opt/nordic/ncs/toolchains/580e4ef81c/opt/zephyr-sdk/arm-zephyr-eabi/bin/../lib/gcc/arm-zephyr-eabi/12.2.0/thumb/v8-m.main/nofp/libgcc.a(_udivmoddi4.o)
                0x000000000001c228                __udivmoddi4
 .text          0x000000000001c4c4       0x10 /opt/nordic/ncs/toolchains/580e4ef81c/opt/zephyr-sdk/arm-zephyr-eabi/bin/../lib/gcc/../../picolibc/arm-zephyr-eabi/lib/thumb/v8-m.main/nofp/libc.a(strlen.S.o)
                0x000000000001c4c4                strlen
 *(SORT_BY_ALIGNMENT(.text.*))
 .text.interrupt_handler
                0x000000000001c4d4      0x134 app/libapp.a(main.c.obj)
 .text.main     0x000000000001c608      0x15c app/libapp.a(main.c.obj)
                0x000000000001c608                main
 .text.cbvprintf_package
                0x000000000001c764      0x3a4 zephyr/libzephyr.a(cbprintf_packaged.c.obj)
                0x000000000001c764                cbvprintf_package
 .text.cbprintf_package_convert
                0x000000000001cb08      0x3b4 zephyr/libzephyr.a(cbprintf_packaged.c.obj)
                0x000000000001cb08                cbprintf_package_convert
 .text.__printk_hook_install
                0x000000000001cebc        0xc zephyr/libzephyr.a(printk.c.obj)
                0x000000000001cebc                __printk_hook_install
 .text.z_thread_entry
                0x000000000001cec8       0x34 zephyr/libzephyr.a(thread_entry.c.obj)
                0x000000000001cec8                z_thread_entry
 .text.z_reserve_fd
                0x000000000001cefc       0x7c zephyr/libzephyr.a(fdtable.c.obj)
                0x000000000001cefc                z_reserve_fd
 .text.z_finalize_fd
                0x000000000001cf78       0x30 zephyr/libzephyr.a(fdtable.c.obj)
                0x000000000001cf78                z_finalize_fd
 .text.z_free_fd
                0x000000000001cfa8       0x40 zephyr/libzephyr.a(fdtable.c.obj)
                0x000000000001cfa8                z_free_fd
 .text.process_event
                0x000000000001cfe8      0x21c zephyr/libzephyr.a(onoff.c.obj)
 .text.activate_foreach_backend
                0x000000000001d204       0x64 zephyr/libzephyr.a(log_core.c.obj)
 .text.enable_logger
                0x000000000001d268       0x5c zephyr/libzephyr.a(log_core.c.obj)
 .text.log_process_thread_timer_expiry_fn
                0x000000000001d2c4        0xc zephyr/libzephyr.a(log_core.c.obj)
 .text.z_log_init
                0x000000000001d2d0       0x90 zephyr/libzephyr.a(log_core.c.obj)
 .text.log_format_func_t_get
                0x000000000001d360        0xc zephyr/libzephyr.a(log_core.c.obj)
                0x000000000001d360                log_format_func_t_get
 .text.log_set_timestamp_func
                0x000000000001d36c       0x20 zephyr/libzephyr.a(log_core.c.obj)
                0x000000000001d36c                log_set_timestamp_func
 .text.z_log_notify_backend_enabled
                0x000000000001d38c       0x1c zephyr/libzephyr.a(log_core.c.obj)
                0x000000000001d38c                z_log_notify_backend_enabled
 .text.z_log_dropped
                0x000000000001d3a8       0x28 zephyr/libzephyr.a(log_core.c.obj)
                0x000000000001d3a8                z_log_dropped
 .text.z_log_dropped_read_and_clear
                0x000000000001d3d0       0x18 zephyr/libzephyr.a(log_core.c.obj)
                0x000000000001d3d0                z_log_dropped_read_and_clear
 .text.dropped_notify
                0x000000000001d3e8       0x30 zephyr/libzephyr.a(log_core.c.obj)
                0x000000000001d3e8                dropped_notify
 .text.z_log_msg_init
                0x000000000001d418       0x20 zephyr/libzephyr.a(log_core.c.obj)
                0x000000000001d418                z_log_msg_init
 .text.log_core_init
                0x000000000001d438       0x34 zephyr/libzephyr.a(log_core.c.obj)
                0x000000000001d438                log_core_init
 .text.z_log_msg_alloc
                0x000000000001d46c       0x10 zephyr/libzephyr.a(log_core.c.obj)
                0x000000000001d46c                z_log_msg_alloc
 .text.z_log_msg_local_claim
                0x000000000001d47c        0xc zephyr/libzephyr.a(log_core.c.obj)
                0x000000000001d47c                z_log_msg_local_claim
 .text.z_log_msg_free
                0x000000000001d488       0x10 zephyr/libzephyr.a(log_core.c.obj)
                0x000000000001d488                z_log_msg_free
 .text.z_log_msg_pending
                0x000000000001d498        0xc zephyr/libzephyr.a(log_core.c.obj)
                0x000000000001d498                z_log_msg_pending
 .text.z_impl_log_process
                0x000000000001d4a4       0xb4 zephyr/libzephyr.a(log_core.c.obj)
                0x000000000001d4a4                z_impl_log_process
 .text.z_impl_log_panic
                0x000000000001d558       0x44 zephyr/libzephyr.a(log_core.c.obj)
                0x000000000001d558                z_impl_log_panic
 .text.log_process_thread_func
                0x000000000001d59c       0xa4 zephyr/libzephyr.a(log_core.c.obj)
 .text.z_log_msg_post_finalize
                0x000000000001d640       0x78 zephyr/libzephyr.a(log_core.c.obj)
 .text.z_log_msg_commit
                0x000000000001d6b8       0x24 zephyr/libzephyr.a(log_core.c.obj)
                0x000000000001d6b8                z_log_msg_commit
 .text.log_source_name_get
                0x000000000001d6dc       0x1c zephyr/libzephyr.a(log_mgmt.c.obj)
                0x000000000001d6dc                log_source_name_get
 .text.log_backend_enable
                0x000000000001d6f8       0x28 zephyr/libzephyr.a(log_mgmt.c.obj)
                0x000000000001d6f8                log_backend_enable
 .text.z_impl_z_log_msg_static_create
                0x000000000001d720      0x108 zephyr/libzephyr.a(log_msg.c.obj)
                0x000000000001d720                z_impl_z_log_msg_static_create
 .text.z_log_msg_runtime_vcreate
                0x000000000001d828       0x8c zephyr/libzephyr.a(log_msg.c.obj)
                0x000000000001d828                z_log_msg_runtime_vcreate
 .text.print_formatted
                0x000000000001d8b4       0x24 zephyr/libzephyr.a(log_output.c.obj)
 .text.newline_print
                0x000000000001d8d8       0x1c zephyr/libzephyr.a(log_output.c.obj)
 .text.log_output_process
                0x000000000001d8f4      0x2a4 zephyr/libzephyr.a(log_output.c.obj)
                0x000000000001d8f4                log_output_process
 .text.log_output_msg_process
                0x000000000001db98       0x70 zephyr/libzephyr.a(log_output.c.obj)
                0x000000000001db98                log_output_msg_process
 .text.log_output_dropped_process
                0x000000000001dc08       0x58 zephyr/libzephyr.a(log_output.c.obj)
                0x000000000001dc08                log_output_dropped_process
 .text.log_output_timestamp_freq_set
                0x000000000001dc60       0x2c zephyr/libzephyr.a(log_output.c.obj)
                0x000000000001dc60                log_output_timestamp_freq_set
 .text.char_out
                0x000000000001dc8c       0x24 zephyr/libzephyr.a(log_backend_uart.c.obj)
 .text.mem_attr_get_regions
                0x000000000001dcb0        0xc zephyr/libzephyr.a(mem_attr.c.obj)
                0x000000000001dcb0                mem_attr_get_regions
 .text.class_handler
                0x000000000001dcbc       0x40 zephyr/libzephyr.a(usb_device.c.obj)
 .text.custom_handler
                0x000000000001dcfc       0x60 zephyr/libzephyr.a(usb_device.c.obj)
 .text.vendor_handler
                0x000000000001dd5c       0x3c zephyr/libzephyr.a(usb_device.c.obj)
 .text.usb_reset_alt_setting
                0x000000000001dd98       0x10 zephyr/libzephyr.a(usb_device.c.obj)
 .text.is_ep_valid.part.0
                0x000000000001dda8       0x38 zephyr/libzephyr.a(usb_device.c.obj)
 .text.usb_handle_request.constprop.0
                0x000000000001dde0       0x2c zephyr/libzephyr.a(usb_device.c.obj)
 .text.usb_halt_endpoint_req.isra.0
                0x000000000001de0c       0x50 zephyr/libzephyr.a(usb_device.c.obj)
 .text.usb_device_init.part.0
                0x000000000001de5c       0x1c zephyr/libzephyr.a(usb_device.c.obj)
 .text.get_ep_bm_from_addr.part.0
                0x000000000001de78       0x1c zephyr/libzephyr.a(usb_device.c.obj)
 .text.forward_status_cb
                0x000000000001de94       0xb0 zephyr/libzephyr.a(usb_device.c.obj)
 .text.disable_endpoint
                0x000000000001df44       0x48 zephyr/libzephyr.a(usb_device.c.obj)
 .text.set_endpoint
                0x000000000001df8c       0xa4 zephyr/libzephyr.a(usb_device.c.obj)
 .text.usb_handle_standard_request
                0x000000000001e030      0x29c zephyr/libzephyr.a(usb_device.c.obj)
 .text.usb_data_to_host
                0x000000000001e2cc       0x60 zephyr/libzephyr.a(usb_device.c.obj)
 .text.usb_handle_control_transfer
                0x000000000001e32c       0xf4 zephyr/libzephyr.a(usb_device.c.obj)
 .text.usb_set_config
                0x000000000001e420       0x2c zephyr/libzephyr.a(usb_device.c.obj)
                0x000000000001e420                usb_set_config
 .text.usb_device_init
                0x000000000001e44c       0x2c zephyr/libzephyr.a(usb_device.c.obj)
 .text.usb_enable
                0x000000000001e478      0x134 zephyr/libzephyr.a(usb_device.c.obj)
                0x000000000001e478                usb_enable
 .text.usb_update_sn_string_descriptor
                0x000000000001e5ac       0x88 zephyr/libzephyr.a(usb_descriptor.c.obj)
                0x000000000001e5ac                usb_update_sn_string_descriptor
 .text.usb_get_device_descriptor
                0x000000000001e634      0x240 zephyr/libzephyr.a(usb_descriptor.c.obj)
                0x000000000001e634                usb_get_device_descriptor
 .text.usb_ep_get_transfer
                0x000000000001e874       0x2c zephyr/libzephyr.a(usb_transfer.c.obj)
 .text.usb_transfer_work
                0x000000000001e8a0      0x118 zephyr/libzephyr.a(usb_transfer.c.obj)
 .text.usb_transfer_ep_callback
                0x000000000001e9b8       0x6c zephyr/libzephyr.a(usb_transfer.c.obj)
                0x000000000001e9b8                usb_transfer_ep_callback
 .text.usb_transfer
                0x000000000001ea24      0x118 zephyr/libzephyr.a(usb_transfer.c.obj)
                0x000000000001ea24                usb_transfer
 .text.usb_cancel_transfer
                0x000000000001eb3c       0x3c zephyr/libzephyr.a(usb_transfer.c.obj)
                0x000000000001eb3c                usb_cancel_transfer
 .text.usb_cancel_transfers
                0x000000000001eb78       0x48 zephyr/libzephyr.a(usb_transfer.c.obj)
                0x000000000001eb78                usb_cancel_transfers
 .text.usb_transfer_init
                0x000000000001ebc0       0x34 zephyr/libzephyr.a(usb_transfer.c.obj)
                0x000000000001ebc0                usb_transfer_init
 .text.cdc_acm_int_in
                0x000000000001ebf4       0x18 zephyr/libzephyr.a(cdc_acm.c.obj)
 .text.cdc_acm_irq_rx_enable
                0x000000000001ec0c       0x20 zephyr/libzephyr.a(cdc_acm.c.obj)
 .text.cdc_acm_irq_tx_enable
                0x000000000001ec2c       0x20 zephyr/libzephyr.a(cdc_acm.c.obj)
 .text.cdc_acm_write_cb
                0x000000000001ec4c       0x54 zephyr/libzephyr.a(cdc_acm.c.obj)
 .text.cdc_acm_fifo_fill
                0x000000000001eca0       0x38 zephyr/libzephyr.a(cdc_acm.c.obj)
 .text.tx_work_handler
                0x000000000001ecd8       0x64 zephyr/libzephyr.a(cdc_acm.c.obj)
 .text.cdc_acm_class_handle_req
                0x000000000001ed3c       0x64 zephyr/libzephyr.a(cdc_acm.c.obj)
                0x000000000001ed3c                cdc_acm_class_handle_req
 .text.cdc_acm_reset_port
                0x000000000001eda0       0x3c zephyr/libzephyr.a(cdc_acm.c.obj)
 .text.cdc_acm_init
                0x000000000001eddc       0x48 zephyr/libzephyr.a(cdc_acm.c.obj)
 .text.cdc_acm_send_notification.isra.0
                0x000000000001ee24       0x44 zephyr/libzephyr.a(cdc_acm.c.obj)
 .text.cdc_acm_poll_out
                0x000000000001ee68       0x4c zephyr/libzephyr.a(cdc_acm.c.obj)
 .text.cdc_acm_read_cb
                0x000000000001eeb4       0x74 zephyr/libzephyr.a(cdc_acm.c.obj)
 .text.cdc_acm_dev_status_cb
                0x000000000001ef28       0x84 zephyr/libzephyr.a(cdc_acm.c.obj)
 .text.z_usb_work_q_init
                0x000000000001efac       0x34 zephyr/libzephyr.a(usb_work_q.c.obj)
 .text.z_arm_fatal_error
                0x000000000001efe0       0xa0 zephyr/arch/arch/arm/core/libarch__arm__core.a(fatal.c.obj)
                0x000000000001efe0                z_arm_fatal_error
 .text.z_SysNmiOnReset
                0x000000000001f080        0x8 zephyr/arch/arch/arm/core/libarch__arm__core.a(nmi_on_reset.S.obj)
                0x000000000001f080                z_SysNmiOnReset
 .text.arch_tls_stack_setup
                0x000000000001f088       0x5c zephyr/arch/arch/arm/core/libarch__arm__core.a(tls.c.obj)
                0x000000000001f088                arch_tls_stack_setup
 .text._HandlerModeExit
                0x000000000001f0e4       0x1c zephyr/arch/arch/arm/core/cortex_m/libarch__arm__core__cortex_m.a(exc_exit.S.obj)
                0x000000000001f0e4                z_arm_exc_exit
                0x000000000001f0e4                z_arm_int_exit
 .text.mem_manage_fault.constprop.0
                0x000000000001f100       0xd0 zephyr/arch/arch/arm/core/cortex_m/libarch__arm__core__cortex_m.a(fault.c.obj)
 .text.usage_fault.constprop.0
                0x000000000001f1d0       0xbc zephyr/arch/arch/arm/core/cortex_m/libarch__arm__core__cortex_m.a(fault.c.obj)
 .text.bus_fault.constprop.0
                0x000000000001f28c       0xd0 zephyr/arch/arch/arm/core/cortex_m/libarch__arm__core__cortex_m.a(fault.c.obj)
 .text.z_arm_fault
                0x000000000001f35c      0x1e0 zephyr/arch/arch/arm/core/cortex_m/libarch__arm__core__cortex_m.a(fault.c.obj)
                0x000000000001f35c                z_arm_fault
 .text.z_arm_fault_init
                0x000000000001f53c       0x18 zephyr/arch/arch/arm/core/cortex_m/libarch__arm__core__cortex_m.a(fault.c.obj)
                0x000000000001f53c                z_arm_fault_init
 .text.__fault  0x000000000001f554       0x14 zephyr/arch/arch/arm/core/cortex_m/libarch__arm__core__cortex_m.a(fault_s.S.obj)
                0x000000000001f554                z_arm_bus_fault
                0x000000000001f554                z_arm_usage_fault
                0x000000000001f554                z_arm_mpu_fault
                0x000000000001f554                z_arm_exc_spurious
                0x000000000001f554                z_arm_debug_monitor
                0x000000000001f554                z_arm_hard_fault
 .text._reset_section
                0x000000000001f568       0x60 zephyr/arch/arch/arm/core/cortex_m/libarch__arm__core__cortex_m.a(reset.S.obj)
                0x000000000001f568                z_arm_reset
                0x000000000001f568                __start
 .text.sys_arch_reboot
                0x000000000001f5c8       0x24 zephyr/arch/arch/arm/core/cortex_m/libarch__arm__core__cortex_m.a(scb.c.obj)
                0x000000000001f5c8                sys_arch_reboot
 .text.z_arm_clear_arm_mpu_config
                0x000000000001f5ec       0x24 zephyr/arch/arch/arm/core/cortex_m/libarch__arm__core__cortex_m.a(scb.c.obj)
                0x000000000001f5ec                z_arm_clear_arm_mpu_config
 .text.z_arm_init_arch_hw_at_boot
                0x000000000001f610       0x4c zephyr/arch/arch/arm/core/cortex_m/libarch__arm__core__cortex_m.a(scb.c.obj)
                0x000000000001f610                z_arm_init_arch_hw_at_boot
 .text.z_impl_k_thread_abort
                0x000000000001f65c       0x2c zephyr/arch/arch/arm/core/cortex_m/libarch__arm__core__cortex_m.a(thread_abort.c.obj)
                0x000000000001f65c                z_impl_k_thread_abort
 .text.arch_swap
                0x000000000001f688       0x30 zephyr/arch/arch/arm/core/cortex_m/libarch__arm__core__cortex_m.a(swap.c.obj)
                0x000000000001f688                arch_swap
 .text.z_arm_pendsv
                0x000000000001f6b8       0x70 zephyr/arch/arch/arm/core/cortex_m/libarch__arm__core__cortex_m.a(swap_helper.S.obj)
                0x000000000001f6b8                z_arm_pendsv
 .text.z_arm_svc
                0x000000000001f728       0x20 zephyr/arch/arch/arm/core/cortex_m/libarch__arm__core__cortex_m.a(swap_helper.S.obj)
                0x000000000001f728                z_arm_svc
 .text.arch_irq_enable
                0x000000000001f748       0x1c zephyr/arch/arch/arm/core/cortex_m/libarch__arm__core__cortex_m.a(irq_manage.c.obj)
                0x000000000001f748                arch_irq_enable
 .text.arch_irq_disable
                0x000000000001f764       0x28 zephyr/arch/arch/arm/core/cortex_m/libarch__arm__core__cortex_m.a(irq_manage.c.obj)
                0x000000000001f764                arch_irq_disable
 .text.arch_irq_is_enabled
                0x000000000001f78c       0x1c zephyr/arch/arch/arm/core/cortex_m/libarch__arm__core__cortex_m.a(irq_manage.c.obj)
                0x000000000001f78c                arch_irq_is_enabled
 .text.z_arm_irq_priority_set
                0x000000000001f7a8       0x2c zephyr/arch/arch/arm/core/cortex_m/libarch__arm__core__cortex_m.a(irq_manage.c.obj)
                0x000000000001f7a8                z_arm_irq_priority_set
 .text.z_arm_prep_c
                0x000000000001f7d4       0x38 zephyr/arch/arch/arm/core/cortex_m/libarch__arm__core__cortex_m.a(prep_c.c.obj)
                0x000000000001f7d4                z_arm_prep_c
 .text.arch_new_thread
                0x000000000001f80c       0x40 zephyr/arch/arch/arm/core/cortex_m/libarch__arm__core__cortex_m.a(thread.c.obj)
                0x000000000001f80c                arch_new_thread
 .text.arch_switch_to_main_thread
                0x000000000001f84c       0x34 zephyr/arch/arch/arm/core/cortex_m/libarch__arm__core__cortex_m.a(thread.c.obj)
                0x000000000001f84c                arch_switch_to_main_thread
 .text.z_arm_cpu_idle_init
                0x000000000001f880        0xc zephyr/arch/arch/arm/core/cortex_m/libarch__arm__core__cortex_m.a(cpu_idle.S.obj)
                0x000000000001f880                z_arm_cpu_idle_init
 .text.arch_cpu_idle
                0x000000000001f88c       0x38 zephyr/arch/arch/arm/core/cortex_m/libarch__arm__core__cortex_m.a(cpu_idle.S.obj)
                0x000000000001f88c                arch_cpu_idle
 .text.arch_cpu_atomic_idle
                0x000000000001f8c4       0x34 zephyr/arch/arch/arm/core/cortex_m/libarch__arm__core__cortex_m.a(cpu_idle.S.obj)
                0x000000000001f8c4                arch_cpu_atomic_idle
 .text.z_arm_interrupt_init
                0x000000000001f8f8       0x18 zephyr/arch/arch/arm/core/cortex_m/libarch__arm__core__cortex_m.a(irq_init.c.obj)
                0x000000000001f8f8                z_arm_interrupt_init
 .text._isr_wrapper
                0x000000000001f910       0x28 zephyr/arch/arch/arm/core/cortex_m/libarch__arm__core__cortex_m.a(isr_wrapper.S.obj)
                0x000000000001f910                _isr_wrapper
 .text.z_arm_configure_static_mpu_regions
                0x000000000001f938       0x38 zephyr/arch/arch/arm/core/mpu/libarch__arm__core__mpu.a(arm_core_mpu.c.obj)
                0x000000000001f938                z_arm_configure_static_mpu_regions
 .text.region_init
                0x000000000001f970       0x34 zephyr/arch/arch/arm/core/mpu/libarch__arm__core__mpu.a(arm_mpu.c.obj)
 .text.region_allocate_and_init
                0x000000000001f9a4       0x28 zephyr/arch/arch/arm/core/mpu/libarch__arm__core__mpu.a(arm_mpu.c.obj)
 .text.mpu_configure_regions_and_partition.constprop.0
                0x000000000001f9cc      0x164 zephyr/arch/arch/arm/core/mpu/libarch__arm__core__mpu.a(arm_mpu.c.obj)
 .text.arm_core_mpu_enable
                0x000000000001fb30       0x18 zephyr/arch/arch/arm/core/mpu/libarch__arm__core__mpu.a(arm_mpu.c.obj)
                0x000000000001fb30                arm_core_mpu_enable
 .text.arm_core_mpu_disable
                0x000000000001fb48       0x14 zephyr/arch/arch/arm/core/mpu/libarch__arm__core__mpu.a(arm_mpu.c.obj)
                0x000000000001fb48                arm_core_mpu_disable
 .text.arm_core_mpu_configure_static_mpu_regions
                0x000000000001fb5c       0x14 zephyr/arch/arch/arm/core/mpu/libarch__arm__core__mpu.a(arm_mpu.c.obj)
                0x000000000001fb5c                arm_core_mpu_configure_static_mpu_regions
 .text.arm_core_mpu_mark_areas_for_dynamic_regions
                0x000000000001fb70       0xb8 zephyr/arch/arch/arm/core/mpu/libarch__arm__core__mpu.a(arm_mpu.c.obj)
                0x000000000001fb70                arm_core_mpu_mark_areas_for_dynamic_regions
 .text.z_arm_mpu_init
                0x000000000001fc28      0x108 zephyr/arch/arch/arm/core/mpu/libarch__arm__core__mpu.a(arm_mpu.c.obj)
                0x000000000001fc28                z_arm_mpu_init
 .text.z_impl_zephyr_fputc
                0x000000000001fd30       0x10 zephyr/lib/libc/picolibc/liblib__libc__picolibc.a(libc-hooks.c.obj)
                0x000000000001fd30                z_impl_zephyr_fputc
 .text.__stdout_hook_install
                0x000000000001fd40       0x18 zephyr/lib/libc/picolibc/liblib__libc__picolibc.a(libc-hooks.c.obj)
                0x000000000001fd40                __stdout_hook_install
 .text.cbvprintf
                0x000000000001fd58       0x38 zephyr/lib/libc/picolibc/liblib__libc__picolibc.a(libc-hooks.c.obj)
                0x000000000001fd58                cbvprintf
 .text.__chk_fail
                0x000000000001fd90       0x18 zephyr/lib/libc/picolibc/liblib__libc__picolibc.a(libc-hooks.c.obj)
                0x000000000001fd90                __chk_fail
 .text.malloc_prepare
                0x000000000001fda8       0x24 zephyr/lib/libc/common/liblib__libc__common.a(malloc.c.obj)
 .text.rtc_pretick_init
                0x000000000001fdcc       0x60 zephyr/soc/soc/arm/nordic_nrf/libsoc__arm__nordic_nrf.a(soc.c.obj)
 .text.z_arm_on_enter_cpu_idle
                0x000000000001fe2c       0x68 zephyr/soc/soc/arm/nordic_nrf/libsoc__arm__nordic_nrf.a(soc.c.obj)
                0x000000000001fe2c                z_arm_on_enter_cpu_idle
 .text.arch_busy_wait
                0x000000000001fe94       0x24 zephyr/soc/soc/arm/nordic_nrf/libsoc__arm__nordic_nrf.a(soc.c.obj)
                0x000000000001fe94                arch_busy_wait
 .text.rtc_cb   0x000000000001feb8       0x40 zephyr/soc/soc/arm/nordic_nrf/libsoc__arm__nordic_nrf.a(sync_rtc.c.obj)
 .text.sync_rtc_setup
                0x000000000001fef8       0xbc zephyr/soc/soc/arm/nordic_nrf/libsoc__arm__nordic_nrf.a(sync_rtc.c.obj)
 .text.mbox_callback
                0x000000000001ffb4       0x80 zephyr/soc/soc/arm/nordic_nrf/libsoc__arm__nordic_nrf.a(sync_rtc.c.obj)
 .text.z_arm_platform_init
                0x0000000000020034        0x4 zephyr/soc/soc/arm/nordic_nrf/libsoc__arm__nordic_nrf.a(soc_nrf_common.S.obj)
                0x0000000000020034                z_arm_platform_init
 .text.setup    0x0000000000020038       0x60 zephyr/boards/arm/thingy53_nrf5340/libboards__arm__thingy53_nrf5340.a(board.c.obj)
 .text.z_impl_sys_rand32_get
                0x0000000000020098       0x28 zephyr/subsys/random/libsubsys__random.a(rand32_entropy_device.c.obj)
                0x0000000000020098                z_impl_sys_rand32_get
 .text.z_impl_sys_rand_get
                0x00000000000200c0       0x40 zephyr/subsys/random/libsubsys__random.a(rand32_entropy_device.c.obj)
                0x00000000000200c0                z_impl_sys_rand_get
 .text.net_buf_destroy
                0x0000000000020100       0x38 zephyr/subsys/net/libsubsys__net.a(buf.c.obj)
 .text.net_buf_id
                0x0000000000020138       0x20 zephyr/subsys/net/libsubsys__net.a(buf.c.obj)
                0x0000000000020138                net_buf_id
 .text.fixed_data_alloc
                0x0000000000020158       0x30 zephyr/subsys/net/libsubsys__net.a(buf.c.obj)
 .text.net_buf_alloc_len
                0x0000000000020188       0xf4 zephyr/subsys/net/libsubsys__net.a(buf.c.obj)
                0x0000000000020188                net_buf_alloc_len
 .text.net_buf_unref
                0x000000000002027c       0x38 zephyr/subsys/net/libsubsys__net.a(buf.c.obj)
                0x000000000002027c                net_buf_unref
 .text.zsock_socket_internal
                0x00000000000202b4       0x84 zephyr/subsys/net/libsubsys__net.a(sockets.c.obj)
 .text.zsock_accepted_cb
                0x0000000000020338       0x4c zephyr/subsys/net/libsubsys__net.a(sockets.c.obj)
 .text.send_check_and_wait
                0x0000000000020384      0x124 zephyr/subsys/net/libsubsys__net.a(sockets.c.obj)
 .text.sock_ioctl_vmeth
                0x00000000000204a8      0x1e4 zephyr/subsys/net/libsubsys__net.a(sockets.c.obj)
 .text.zsock_close_ctx
                0x000000000002068c       0x5c zephyr/subsys/net/libsubsys__net.a(sockets.c.obj)
                0x000000000002068c                zsock_close_ctx
 .text.zsock_shutdown_ctx
                0x00000000000206e8       0x68 zephyr/subsys/net/libsubsys__net.a(sockets.c.obj)
                0x00000000000206e8                zsock_shutdown_ctx
 .text.zsock_bind_ctx
                0x0000000000020750       0x4c zephyr/subsys/net/libsubsys__net.a(sockets.c.obj)
                0x0000000000020750                zsock_bind_ctx
 .text.zsock_connect_ctx
                0x000000000002079c       0xc8 zephyr/subsys/net/libsubsys__net.a(sockets.c.obj)
                0x000000000002079c                zsock_connect_ctx
 .text.zsock_listen_ctx
                0x0000000000020864       0x3c zephyr/subsys/net/libsubsys__net.a(sockets.c.obj)
                0x0000000000020864                zsock_listen_ctx
 .text.zsock_sendto_ctx
                0x00000000000208a0      0x104 zephyr/subsys/net/libsubsys__net.a(sockets.c.obj)
                0x00000000000208a0                zsock_sendto_ctx
 .text.zsock_accept_ctx
                0x00000000000209a4      0x124 zephyr/subsys/net/libsubsys__net.a(sockets.c.obj)
                0x00000000000209a4                zsock_accept_ctx
 .text.zsock_recvfrom_ctx
                0x0000000000020ac8      0x334 zephyr/subsys/net/libsubsys__net.a(sockets.c.obj)
                0x0000000000020ac8                zsock_recvfrom_ctx
 .text.zsock_getsockopt_ctx
                0x0000000000020dfc       0x98 zephyr/subsys/net/libsubsys__net.a(sockets.c.obj)
                0x0000000000020dfc                zsock_getsockopt_ctx
 .text.zsock_setsockopt_ctx
                0x0000000000020e94       0xd0 zephyr/subsys/net/libsubsys__net.a(sockets.c.obj)
                0x0000000000020e94                zsock_setsockopt_ctx
 .text.zsock_getpeername_ctx
                0x0000000000020f64       0xac zephyr/subsys/net/libsubsys__net.a(sockets.c.obj)
                0x0000000000020f64                zsock_getpeername_ctx
 .text.zsock_getsockname_ctx
                0x0000000000021010       0x9c zephyr/subsys/net/libsubsys__net.a(sockets.c.obj)
                0x0000000000021010                zsock_getsockname_ctx
 .text.net_eth_broadcast_addr
                0x00000000000210ac        0x8 zephyr/subsys/net/l2/ethernet/libsubsys__net__l2__ethernet.a(ethernet.c.obj)
                0x00000000000210ac                net_eth_broadcast_addr
 .text.ethernet_send
                0x00000000000210b4      0x1b4 zephyr/subsys/net/l2/ethernet/libsubsys__net__l2__ethernet.a(ethernet.c.obj)
 .text.arp_entry_get_last_from_table
                0x0000000000021268       0x28 zephyr/subsys/net/l2/ethernet/libsubsys__net__l2__ethernet.a(arp.c.obj)
 .text.net_arp_prepare
                0x0000000000021290      0x1f4 zephyr/subsys/net/l2/ethernet/libsubsys__net__l2__ethernet.a(arp.c.obj)
                0x0000000000021290                net_arp_prepare
 .text.net_arp_update
                0x0000000000021484      0x194 zephyr/subsys/net/l2/ethernet/libsubsys__net__l2__ethernet.a(arp.c.obj)
                0x0000000000021484                net_arp_update
 .text.net_arp_clear_cache
                0x0000000000021618       0xd0 zephyr/subsys/net/l2/ethernet/libsubsys__net__l2__ethernet.a(arp.c.obj)
                0x0000000000021618                net_arp_clear_cache
 .text.net_arp_clear_pending
                0x00000000000216e8       0x28 zephyr/subsys/net/l2/ethernet/libsubsys__net__l2__ethernet.a(arp.c.obj)
                0x00000000000216e8                net_arp_clear_pending
 .text.net_ipv4_is_ll_addr
                0x0000000000021710       0x18 zephyr/subsys/net/ip/libsubsys__net__ip.a(net_if.c.obj)
 .text.iface_router_notify_deletion.constprop.0
                0x0000000000021728       0x30 zephyr/subsys/net/ip/libsubsys__net__ip.a(net_if.c.obj)
 .text.need_calc_checksum
                0x0000000000021758       0x30 zephyr/subsys/net/ip/libsubsys__net__ip.a(net_if.c.obj)
 .text.iface_router_find_default.constprop.0
                0x0000000000021788       0x70 zephyr/subsys/net/ip/libsubsys__net__ip.a(net_if.c.obj)
 .text.address_lifetime_timeout
                0x00000000000217f8       0xb4 zephyr/subsys/net/ip/libsubsys__net__ip.a(net_if.c.obj)
 .text.iface_router_update_timer
                0x00000000000218ac       0x90 zephyr/subsys/net/ip/libsubsys__net__ip.a(net_if.c.obj)
 .text.iface_router_add
                0x000000000002193c      0x100 zephyr/subsys/net/ip/libsubsys__net__ip.a(net_if.c.obj)
 .text.iface_router_rm
                0x0000000000021a3c       0x54 zephyr/subsys/net/ip/libsubsys__net__ip.a(net_if.c.obj)
 .text.net_if_ipv6_start_dad
                0x0000000000021a90       0x7c zephyr/subsys/net/ip/libsubsys__net__ip.a(net_if.c.obj)
 .text.iface_router_lookup
                0x0000000000021b0c       0x7c zephyr/subsys/net/ip/libsubsys__net__ip.a(net_if.c.obj)
 .text.net_if_ipv4_get_best_match
                0x0000000000021b88       0x60 zephyr/subsys/net/ip/libsubsys__net__ip.a(net_if.c.obj)
 .text.net_if_ipv6_get_best_match
                0x0000000000021be8       0x9c zephyr/subsys/net/ip/libsubsys__net__ip.a(net_if.c.obj)
 .text.iface_router_expired
                0x0000000000021c84       0x98 zephyr/subsys/net/ip/libsubsys__net__ip.a(net_if.c.obj)
 .text.z_impl_net_if_get_by_index
                0x0000000000021d1c       0x24 zephyr/subsys/net/ip/libsubsys__net__ip.a(net_if.c.obj)
                0x0000000000021d1c                z_impl_net_if_get_by_index
 .text.net_if_lookup_by_dev
                0x0000000000021d40       0x24 zephyr/subsys/net/ip/libsubsys__net__ip.a(net_if.c.obj)
                0x0000000000021d40                net_if_lookup_by_dev
 .text.net_if_get_default
                0x0000000000021d64       0x24 zephyr/subsys/net/ip/libsubsys__net__ip.a(net_if.c.obj)
                0x0000000000021d64                net_if_get_default
 .text.net_if_mcast_monitor
                0x0000000000021d88       0x50 zephyr/subsys/net/ip/libsubsys__net__ip.a(net_if.c.obj)
                0x0000000000021d88                net_if_mcast_monitor
 .text.net_if_config_ipv6_get
                0x0000000000021dd8       0x6c zephyr/subsys/net/ip/libsubsys__net__ip.a(net_if.c.obj)
                0x0000000000021dd8                net_if_config_ipv6_get
 .text.net_if_start_rs
                0x0000000000021e44       0x78 zephyr/subsys/net/ip/libsubsys__net__ip.a(net_if.c.obj)
                0x0000000000021e44                net_if_start_rs
 .text.rs_timeout
                0x0000000000021ebc       0xf8 zephyr/subsys/net/ip/libsubsys__net__ip.a(net_if.c.obj)
 .text.net_if_stop_rs
                0x0000000000021fb4       0x40 zephyr/subsys/net/ip/libsubsys__net__ip.a(net_if.c.obj)
                0x0000000000021fb4                net_if_stop_rs
 .text.net_if_ipv6_addr_lookup
                0x0000000000021ff4       0x88 zephyr/subsys/net/ip/libsubsys__net__ip.a(net_if.c.obj)
                0x0000000000021ff4                net_if_ipv6_addr_lookup
 .text.dad_timeout
                0x000000000002207c       0xe4 zephyr/subsys/net/ip/libsubsys__net__ip.a(net_if.c.obj)
 .text.net_if_ipv6_addr_update_lifetime
                0x0000000000022160       0x54 zephyr/subsys/net/ip/libsubsys__net__ip.a(net_if.c.obj)
                0x0000000000022160                net_if_ipv6_addr_update_lifetime
 .text.net_if_ipv6_addr_add
                0x00000000000221b4      0x1a4 zephyr/subsys/net/ip/libsubsys__net__ip.a(net_if.c.obj)
                0x00000000000221b4                net_if_ipv6_addr_add
 .text.update_operational_state
                0x0000000000022358       0xb0 zephyr/subsys/net/ip/libsubsys__net__ip.a(net_if.c.obj)
 .text.net_if_ipv6_maddr_rm
                0x0000000000022408       0x78 zephyr/subsys/net/ip/libsubsys__net__ip.a(net_if.c.obj)
                0x0000000000022408                net_if_ipv6_maddr_rm
 .text.net_if_ipv6_addr_rm
                0x0000000000022480      0x158 zephyr/subsys/net/ip/libsubsys__net__ip.a(net_if.c.obj)
                0x0000000000022480                net_if_ipv6_addr_rm
 .text.net_if_ipv6_dad_failed
                0x00000000000225d8       0x3c zephyr/subsys/net/ip/libsubsys__net__ip.a(net_if.c.obj)
                0x00000000000225d8                net_if_ipv6_dad_failed
 .text.prefix_lifetime_timeout
                0x0000000000022614       0xf0 zephyr/subsys/net/ip/libsubsys__net__ip.a(net_if.c.obj)
 .text.net_if_ipv6_maddr_lookup
                0x0000000000022704       0x98 zephyr/subsys/net/ip/libsubsys__net__ip.a(net_if.c.obj)
                0x0000000000022704                net_if_ipv6_maddr_lookup
 .text.net_if_ipv6_maddr_add
                0x000000000002279c       0xa4 zephyr/subsys/net/ip/libsubsys__net__ip.a(net_if.c.obj)
                0x000000000002279c                net_if_ipv6_maddr_add
 .text.net_if_ipv6_prefix_add
                0x0000000000022840      0x118 zephyr/subsys/net/ip/libsubsys__net__ip.a(net_if.c.obj)
                0x0000000000022840                net_if_ipv6_prefix_add
 .text.net_if_ipv6_addr_onlink
                0x0000000000022958       0x88 zephyr/subsys/net/ip/libsubsys__net__ip.a(net_if.c.obj)
                0x0000000000022958                net_if_ipv6_addr_onlink
 .text.net_if_ipv6_prefix_set_timer
                0x00000000000229e0       0x58 zephyr/subsys/net/ip/libsubsys__net__ip.a(net_if.c.obj)
                0x00000000000229e0                net_if_ipv6_prefix_set_timer
 .text.net_if_ipv6_prefix_unset_timer
                0x0000000000022a38       0x40 zephyr/subsys/net/ip/libsubsys__net__ip.a(net_if.c.obj)
                0x0000000000022a38                net_if_ipv6_prefix_unset_timer
 .text.net_if_ipv6_prefix_rm
                0x0000000000022a78       0xa4 zephyr/subsys/net/ip/libsubsys__net__ip.a(net_if.c.obj)
                0x0000000000022a78                net_if_ipv6_prefix_rm
 .text.net_if_ipv6_select_src_addr
                0x0000000000022b1c       0xa4 zephyr/subsys/net/ip/libsubsys__net__ip.a(net_if.c.obj)
                0x0000000000022b1c                net_if_ipv6_select_src_addr
 .text.net_if_config_ipv4_get
                0x0000000000022bc0       0x68 zephyr/subsys/net/ip/libsubsys__net__ip.a(net_if.c.obj)
                0x0000000000022bc0                net_if_config_ipv4_get
 .text.net_if_ipv4_is_addr_bcast
                0x0000000000022c28       0x30 zephyr/subsys/net/ip/libsubsys__net__ip.a(net_if.c.obj)
                0x0000000000022c28                net_if_ipv4_is_addr_bcast
 .text.net_if_ipv4_select_src_iface
                0x0000000000022c58       0x30 zephyr/subsys/net/ip/libsubsys__net__ip.a(net_if.c.obj)
                0x0000000000022c58                net_if_ipv4_select_src_iface
 .text.net_if_ipv4_select_src_addr
                0x0000000000022c88       0xa8 zephyr/subsys/net/ip/libsubsys__net__ip.a(net_if.c.obj)
                0x0000000000022c88                net_if_ipv4_select_src_addr
 .text.net_if_ipv4_addr_lookup
                0x0000000000022d30       0x54 zephyr/subsys/net/ip/libsubsys__net__ip.a(net_if.c.obj)
                0x0000000000022d30                net_if_ipv4_addr_lookup
 .text.net_if_ipv4_addr_add
                0x0000000000022d84       0x9c zephyr/subsys/net/ip/libsubsys__net__ip.a(net_if.c.obj)
                0x0000000000022d84                net_if_ipv4_addr_add
 .text.net_if_ipv4_addr_rm
                0x0000000000022e20       0x4c zephyr/subsys/net/ip/libsubsys__net__ip.a(net_if.c.obj)
                0x0000000000022e20                net_if_ipv4_addr_rm
 .text.net_if_ipv4_maddr_lookup
                0x0000000000022e6c       0x64 zephyr/subsys/net/ip/libsubsys__net__ip.a(net_if.c.obj)
                0x0000000000022e6c                net_if_ipv4_maddr_lookup
 .text.net_if_call_link_cb
                0x0000000000022ed0       0x4c zephyr/subsys/net/ip/libsubsys__net__ip.a(net_if.c.obj)
                0x0000000000022ed0                net_if_call_link_cb
 .text.net_if_tx.isra.0
                0x0000000000022f1c       0xbc zephyr/subsys/net/ip/libsubsys__net__ip.a(net_if.c.obj)
 .text.net_if_get_by_iface
                0x0000000000022fd8       0x24 zephyr/subsys/net/ip/libsubsys__net__ip.a(net_if.c.obj)
                0x0000000000022fd8                net_if_get_by_iface
 .text.net_if_foreach
                0x0000000000022ffc       0x24 zephyr/subsys/net/ip/libsubsys__net__ip.a(net_if.c.obj)
                0x0000000000022ffc                net_if_foreach
 .text.net_if_up
                0x0000000000023020       0x58 zephyr/subsys/net/ip/libsubsys__net__ip.a(net_if.c.obj)
                0x0000000000023020                net_if_up
 .text.net_if_is_wifi
                0x0000000000023078       0x24 zephyr/subsys/net/ip/libsubsys__net__ip.a(net_if.c.obj)
                0x0000000000023078                net_if_is_wifi
 .text.net_if_get_by_name
                0x000000000002309c       0x44 zephyr/subsys/net/ip/libsubsys__net__ip.a(net_if.c.obj)
                0x000000000002309c                net_if_get_by_name
 .text.net_if_init
                0x00000000000230e0      0x1ac zephyr/subsys/net/ip/libsubsys__net__ip.a(net_if.c.obj)
                0x00000000000230e0                net_if_init
 .text.net_if_post_init
                0x000000000002328c       0x28 zephyr/subsys/net/ip/libsubsys__net__ip.a(net_if.c.obj)
                0x000000000002328c                net_if_post_init
 .text.net_sprint_ll_addr_buf
                0x00000000000232b4       0x58 zephyr/subsys/net/ip/libsubsys__net__ip.a(utils.c.obj)
                0x00000000000232b4                net_sprint_ll_addr_buf
 .text.z_impl_net_addr_pton
                0x000000000002330c      0x190 zephyr/subsys/net/ip/libsubsys__net__ip.a(utils.c.obj)
                0x000000000002330c                z_impl_net_addr_pton
 .text.net_ipv4_unspecified_address
                0x000000000002349c        0x8 zephyr/subsys/net/ip/libsubsys__net__ip.a(utils.c.obj)
                0x000000000002349c                net_ipv4_unspecified_address
 .text.net_ipv4_broadcast_address
                0x00000000000234a4        0x8 zephyr/subsys/net/ip/libsubsys__net__ip.a(utils.c.obj)
                0x00000000000234a4                net_ipv4_broadcast_address
 .text.net_ipv6_unspecified_address
                0x00000000000234ac        0x8 zephyr/subsys/net/ip/libsubsys__net__ip.a(utils.c.obj)
                0x00000000000234ac                net_ipv6_unspecified_address
 .text.mgmt_thread
                0x00000000000234b4       0xcc zephyr/subsys/net/ip/libsubsys__net__ip.a(net_mgmt.c.obj)
 .text.net_mgmt_add_event_callback
                0x0000000000023580       0x40 zephyr/subsys/net/ip/libsubsys__net__ip.a(net_mgmt.c.obj)
                0x0000000000023580                net_mgmt_add_event_callback
 .text.net_mgmt_del_event_callback
                0x00000000000235c0       0x88 zephyr/subsys/net/ip/libsubsys__net__ip.a(net_mgmt.c.obj)
                0x00000000000235c0                net_mgmt_del_event_callback
 .text.net_mgmt_event_notify_with_info
                0x0000000000023648       0x68 zephyr/subsys/net/ip/libsubsys__net__ip.a(net_mgmt.c.obj)
                0x0000000000023648                net_mgmt_event_notify_with_info
 .text.net_mgmt_event_init
                0x00000000000236b0       0x4c zephyr/subsys/net/ip/libsubsys__net__ip.a(net_mgmt.c.obj)
                0x00000000000236b0                net_mgmt_event_init
 .text.net_context_packet_received
                0x00000000000236fc       0xb0 zephyr/subsys/net/ip/libsubsys__net__ip.a(net_context.c.obj)
                0x00000000000236fc                net_context_packet_received
 .text.check_used_port
                0x00000000000237ac      0x150 zephyr/subsys/net/ip/libsubsys__net__ip.a(net_context.c.obj)
 .text.find_available_port
                0x00000000000238fc       0x3c zephyr/subsys/net/ip/libsubsys__net__ip.a(net_context.c.obj)
 .text.net_context_get
                0x0000000000023938      0x17c zephyr/subsys/net/ip/libsubsys__net__ip.a(net_context.c.obj)
                0x0000000000023938                net_context_get
 .text.net_context_put
                0x0000000000023ab4       0x50 zephyr/subsys/net/ip/libsubsys__net__ip.a(net_context.c.obj)
                0x0000000000023ab4                net_context_put
 .text.net_context_recv
                0x0000000000023b04      0x15c zephyr/subsys/net/ip/libsubsys__net__ip.a(net_context.c.obj)
                0x0000000000023b04                net_context_recv
 .text.net_context_set_option
                0x0000000000023c60       0x9c zephyr/subsys/net/ip/libsubsys__net__ip.a(net_context.c.obj)
                0x0000000000023c60                net_context_set_option
 .text.net_context_get_option
                0x0000000000023cfc       0x98 zephyr/subsys/net/ip/libsubsys__net__ip.a(net_context.c.obj)
                0x0000000000023cfc                net_context_get_option
 .text.net_context_init
                0x0000000000023d94       0x10 zephyr/subsys/net/ip/libsubsys__net__ip.a(net_context.c.obj)
                0x0000000000023d94                net_context_init
 .text.net_pkt_get_reserve_rx_data
                0x0000000000023da4        0xc zephyr/subsys/net/ip/libsubsys__net__ip.a(net_pkt.c.obj)
                0x0000000000023da4                net_pkt_get_reserve_rx_data
 .text.net_pkt_get_reserve_tx_data
                0x0000000000023db0        0xc zephyr/subsys/net/ip/libsubsys__net__ip.a(net_pkt.c.obj)
                0x0000000000023db0                net_pkt_get_reserve_tx_data
 .text.net_pkt_get_frag
                0x0000000000023dbc       0x20 zephyr/subsys/net/ip/libsubsys__net__ip.a(net_pkt.c.obj)
                0x0000000000023dbc                net_pkt_get_frag
 .text.pkt_alloc
                0x0000000000023ddc       0x58 zephyr/subsys/net/ip/libsubsys__net__ip.a(net_pkt.c.obj)
 .text.net_pkt_alloc
                0x0000000000023e34       0x10 zephyr/subsys/net/ip/libsubsys__net__ip.a(net_pkt.c.obj)
                0x0000000000023e34                net_pkt_alloc
 .text.net_pkt_rx_alloc
                0x0000000000023e44       0x10 zephyr/subsys/net/ip/libsubsys__net__ip.a(net_pkt.c.obj)
                0x0000000000023e44                net_pkt_rx_alloc
 .text.net_pkt_alloc_buffer
                0x0000000000023e54       0xd8 zephyr/subsys/net/ip/libsubsys__net__ip.a(net_pkt.c.obj)
                0x0000000000023e54                net_pkt_alloc_buffer
 .text.net_pkt_alloc_with_buffer
                0x0000000000023f2c       0x24 zephyr/subsys/net/ip/libsubsys__net__ip.a(net_pkt.c.obj)
                0x0000000000023f2c                net_pkt_alloc_with_buffer
 .text.net_pkt_alloc_buffer_raw
                0x0000000000023f50       0x5c zephyr/subsys/net/ip/libsubsys__net__ip.a(net_pkt.c.obj)
                0x0000000000023f50                net_pkt_alloc_buffer_raw
 .text.net_tc_rx_init
                0x0000000000023fac       0x50 zephyr/subsys/net/ip/libsubsys__net__ip.a(net_tc.c.obj)
                0x0000000000023fac                net_tc_rx_init
 .text.icmp_call_handlers
                0x0000000000023ffc       0x6c zephyr/subsys/net/ip/libsubsys__net__ip.a(icmp.c.obj)
 .text.net_icmp_init_ctx
                0x0000000000024068       0x50 zephyr/subsys/net/ip/libsubsys__net__ip.a(icmp.c.obj)
                0x0000000000024068                net_icmp_init_ctx
 .text.k_mutex_lock.constprop.0.isra.0
                0x00000000000240b8       0x10 zephyr/subsys/net/ip/libsubsys__net__ip.a(connection.c.obj)
 .text.k_mutex_unlock.constprop.0.isra.0
                0x00000000000240c8        0xc zephyr/subsys/net/ip/libsubsys__net__ip.a(connection.c.obj)
 .text.conn_set_unused
                0x00000000000240d4       0x34 zephyr/subsys/net/ip/libsubsys__net__ip.a(connection.c.obj)
 .text.net_conn_register
                0x0000000000024108      0x2bc zephyr/subsys/net/ip/libsubsys__net__ip.a(connection.c.obj)
                0x0000000000024108                net_conn_register
 .text.net_conn_unregister
                0x00000000000243c4       0x78 zephyr/subsys/net/ip/libsubsys__net__ip.a(connection.c.obj)
                0x00000000000243c4                net_conn_unregister
 .text.net_conn_input
                0x000000000002443c      0x244 zephyr/subsys/net/ip/libsubsys__net__ip.a(connection.c.obj)
                0x000000000002443c                net_conn_input
 .text.net_conn_init
                0x0000000000024680       0x40 zephyr/subsys/net/ip/libsubsys__net__ip.a(connection.c.obj)
                0x0000000000024680                net_conn_init
 .text.dhcpv4_set_timeout
                0x00000000000246c0       0x38 zephyr/subsys/net/ip/libsubsys__net__ip.a(dhcpv4.c.obj)
 .text.dhcpv4_enter_bound
                0x00000000000246f8       0x50 zephyr/subsys/net/ip/libsubsys__net__ip.a(dhcpv4.c.obj)
 .text.k_mutex_lock.constprop.0.isra.0
                0x0000000000024748       0x10 zephyr/subsys/net/ip/libsubsys__net__ip.a(dhcpv4.c.obj)
 .text.k_mutex_unlock.constprop.0.isra.0
                0x0000000000024758        0xc zephyr/subsys/net/ip/libsubsys__net__ip.a(dhcpv4.c.obj)
 .text.dhcpv4_start_internal
                0x0000000000024764       0x7c zephyr/subsys/net/ip/libsubsys__net__ip.a(dhcpv4.c.obj)
 .text.dhcpv4_create_message
                0x00000000000247e0      0x190 zephyr/subsys/net/ip/libsubsys__net__ip.a(dhcpv4.c.obj)
 .text.net_dhcpv4_input
                0x0000000000024970      0x33c zephyr/subsys/net/ip/libsubsys__net__ip.a(dhcpv4.c.obj)
 .text.dhcpv4_iface_event_handler
                0x0000000000024cac       0x8c zephyr/subsys/net/ip/libsubsys__net__ip.a(dhcpv4.c.obj)
 .text.dhcpv4_timeout
                0x0000000000024d38      0x1dc zephyr/subsys/net/ip/libsubsys__net__ip.a(dhcpv4.c.obj)
 .text.net_dhcpv4_init
                0x0000000000024f14       0x60 zephyr/subsys/net/ip/libsubsys__net__ip.a(dhcpv4.c.obj)
                0x0000000000024f14                net_dhcpv4_init
 .text.net_icmpv4_init
                0x0000000000024f74       0x14 zephyr/subsys/net/ip/libsubsys__net__ip.a(icmpv4.c.obj)
                0x0000000000024f74                net_icmpv4_init
 .text.net_icmpv6_init
                0x0000000000024f88       0x14 zephyr/subsys/net/ip/libsubsys__net__ip.a(icmpv6.c.obj)
                0x0000000000024f88                net_icmpv6_init
 .text.net_nbr_link
                0x0000000000024f9c       0xc4 zephyr/subsys/net/ip/libsubsys__net__ip.a(nbr.c.obj)
                0x0000000000024f9c                net_nbr_link
 .text.net_nbr_unlink
                0x0000000000025060       0x48 zephyr/subsys/net/ip/libsubsys__net__ip.a(nbr.c.obj)
                0x0000000000025060                net_nbr_unlink
 .text.net_nbr_get_lladdr
                0x00000000000250a8       0x10 zephyr/subsys/net/ip/libsubsys__net__ip.a(nbr.c.obj)
                0x00000000000250a8                net_nbr_get_lladdr
 .text.net_ipv6_input
                0x00000000000250b8      0x3b4 zephyr/subsys/net/ip/libsubsys__net__ip.a(ipv6.c.obj)
                0x00000000000250b8                net_ipv6_input
 .text.ipv6_nd_restart_reachable_timer
                0x000000000002546c       0x88 zephyr/subsys/net/ip/libsubsys__net__ip.a(ipv6_nbr.c.obj)
 .text.ipv6_ns_reply_timeout
                0x00000000000254f4       0xb4 zephyr/subsys/net/ip/libsubsys__net__ip.a(ipv6_nbr.c.obj)
 .text.dbg_update_neighbor_lladdr.constprop.0
                0x00000000000255a8       0x28 zephyr/subsys/net/ip/libsubsys__net__ip.a(ipv6_nbr.c.obj)
 .text.nbr_lookup.constprop.0
                0x00000000000255d0       0x44 zephyr/subsys/net/ip/libsubsys__net__ip.a(ipv6_nbr.c.obj)
 .text.ipv6_nbr_set_state
                0x0000000000025614       0x88 zephyr/subsys/net/ip/libsubsys__net__ip.a(ipv6_nbr.c.obj)
 .text.nbr_new  0x000000000002569c       0x84 zephyr/subsys/net/ip/libsubsys__net__ip.a(ipv6_nbr.c.obj)
 .text.net_ipv6_nbr_rm
                0x0000000000025720       0x30 zephyr/subsys/net/ip/libsubsys__net__ip.a(ipv6_nbr.c.obj)
                0x0000000000025720                net_ipv6_nbr_rm
 .text.add_nbr  0x0000000000025750       0xc0 zephyr/subsys/net/ip/libsubsys__net__ip.a(ipv6_nbr.c.obj)
 .text.net_ipv6_send_ns
                0x0000000000025810      0x1d0 zephyr/subsys/net/ip/libsubsys__net__ip.a(ipv6_nbr.c.obj)
                0x0000000000025810                net_ipv6_send_ns
 .text.net_ipv6_nbr_add
                0x00000000000259e0       0x98 zephyr/subsys/net/ip/libsubsys__net__ip.a(ipv6_nbr.c.obj)
                0x00000000000259e0                net_ipv6_nbr_add
 .text.handle_ra_input
                0x0000000000025a78      0x504 zephyr/subsys/net/ip/libsubsys__net__ip.a(ipv6_nbr.c.obj)
 .text.ipv6_nd_reachable_timeout
                0x0000000000025f7c       0xe4 zephyr/subsys/net/ip/libsubsys__net__ip.a(ipv6_nbr.c.obj)
 .text.net_ipv6_nbr_init
                0x0000000000026060       0x74 zephyr/subsys/net/ip/libsubsys__net__ip.a(ipv6_nbr.c.obj)
                0x0000000000026060                net_ipv6_nbr_init
 .text.net_ipv6_mld_join
                0x00000000000260d4       0x94 zephyr/subsys/net/ip/libsubsys__net__ip.a(ipv6_mld.c.obj)
                0x00000000000260d4                net_ipv6_mld_join
 .text.net_ipv6_mld_init
                0x0000000000026168       0x14 zephyr/subsys/net/ip/libsubsys__net__ip.a(ipv6_mld.c.obj)
                0x0000000000026168                net_ipv6_mld_init
 .text.nbr_new  0x000000000002617c       0x5c zephyr/subsys/net/ip/libsubsys__net__ip.a(route.c.obj)
 .text.k_mutex_lock.constprop.0.isra.0
                0x00000000000261d8       0x10 zephyr/subsys/net/ip/libsubsys__net__ip.a(route.c.obj)
 .text.k_mutex_unlock.constprop.0.isra.0
                0x00000000000261e8        0xc zephyr/subsys/net/ip/libsubsys__net__ip.a(route.c.obj)
 .text.net_route_get_nbr
                0x00000000000261f4       0x44 zephyr/subsys/net/ip/libsubsys__net__ip.a(route.c.obj)
                0x00000000000261f4                net_route_get_nbr
 .text.net_route_lookup
                0x0000000000026238       0xc4 zephyr/subsys/net/ip/libsubsys__net__ip.a(route.c.obj)
                0x0000000000026238                net_route_lookup
 .text.net_route_update_lifetime
                0x00000000000262fc       0x90 zephyr/subsys/net/ip/libsubsys__net__ip.a(route.c.obj)
                0x00000000000262fc                net_route_update_lifetime
 .text.net_route_del
                0x000000000002638c       0x94 zephyr/subsys/net/ip/libsubsys__net__ip.a(route.c.obj)
                0x000000000002638c                net_route_del
 .text.route_lifetime_timeout
                0x0000000000026420       0xb0 zephyr/subsys/net/ip/libsubsys__net__ip.a(route.c.obj)
 .text.net_route_del_by_nexthop
                0x00000000000264d0       0x60 zephyr/subsys/net/ip/libsubsys__net__ip.a(route.c.obj)
                0x00000000000264d0                net_route_del_by_nexthop
 .text.net_route_add
                0x0000000000026530      0x160 zephyr/subsys/net/ip/libsubsys__net__ip.a(route.c.obj)
                0x0000000000026530                net_route_add
 .text.net_route_init
                0x0000000000026690       0x10 zephyr/subsys/net/ip/libsubsys__net__ip.a(route.c.obj)
                0x0000000000026690                net_route_init
 .text.tcp_send
                0x00000000000266a0       0x30 zephyr/subsys/net/ip/libsubsys__net__ip.a(tcp.c.obj)
 .text.tcp_setup_last_ack_timer
                0x00000000000266d0       0x4c zephyr/subsys/net/ip/libsubsys__net__ip.a(tcp.c.obj)
 .text.tcp_send_timer_cancel
                0x000000000002671c       0x90 zephyr/subsys/net/ip/libsubsys__net__ip.a(tcp.c.obj)
 .text.tcp_enter_time_wait
                0x00000000000267ac       0x28 zephyr/subsys/net/ip/libsubsys__net__ip.a(tcp.c.obj)
 .text.tcp_send_process_no_lock
                0x00000000000267d4      0x134 zephyr/subsys/net/ip/libsubsys__net__ip.a(tcp.c.obj)
 .text.tcp_init_isn
                0x0000000000026908      0x104 zephyr/subsys/net/ip/libsubsys__net__ip.a(tcp.c.obj)
 .text.tcp_conn_unref.isra.0
                0x0000000000026a0c      0x198 zephyr/subsys/net/ip/libsubsys__net__ip.a(tcp.c.obj)
 .text.net_tcp_get
                0x0000000000026ba4      0x17c zephyr/subsys/net/ip/libsubsys__net__ip.a(tcp.c.obj)
                0x0000000000026ba4                net_tcp_get
 .text.net_tcp_accept
                0x0000000000026d20       0xbc zephyr/subsys/net/ip/libsubsys__net__ip.a(tcp.c.obj)
                0x0000000000026d20                net_tcp_accept
 .text.tcp_out_ext
                0x0000000000026ddc      0x1c8 zephyr/subsys/net/ip/libsubsys__net__ip.a(tcp.c.obj)
 .text.tcp_send_zwp
                0x0000000000026fa4       0xbc zephyr/subsys/net/ip/libsubsys__net__ip.a(tcp.c.obj)
 .text.net_tcp_put
                0x0000000000027060       0xe4 zephyr/subsys/net/ip/libsubsys__net__ip.a(tcp.c.obj)
                0x0000000000027060                net_tcp_put
 .text.tcp_resend_data
                0x0000000000027144      0x1f4 zephyr/subsys/net/ip/libsubsys__net__ip.a(tcp.c.obj)
 .text.tcp_data_get
                0x0000000000027338       0xfc zephyr/subsys/net/ip/libsubsys__net__ip.a(tcp.c.obj)
 .text.tcp_send_queued_data.part.0
                0x0000000000027434       0xb4 zephyr/subsys/net/ip/libsubsys__net__ip.a(tcp.c.obj)
 .text.tcp_in   0x00000000000274e8      0xe5c zephyr/subsys/net/ip/libsubsys__net__ip.a(tcp.c.obj)
 .text.net_tcp_connect
                0x0000000000028344      0x254 zephyr/subsys/net/ip/libsubsys__net__ip.a(tcp.c.obj)
                0x0000000000028344                net_tcp_connect
 .text.tcp_recv
                0x0000000000028598      0x1cc zephyr/subsys/net/ip/libsubsys__net__ip.a(tcp.c.obj)
 .text.net_tcp_init
                0x0000000000028764       0x50 zephyr/subsys/net/ip/libsubsys__net__ip.a(tcp.c.obj)
                0x0000000000028764                net_tcp_init
 .text.services_notify_ready
                0x00000000000287b4       0x20 zephyr/subsys/net/lib/config/libsubsys__net__lib__config.a(init.c.obj)
 .text.ipv4_addr_add_handler
                0x00000000000287d4       0x14 zephyr/subsys/net/lib/config/libsubsys__net__lib__config.a(init.c.obj)
 .text.ipv6_event_handler
                0x00000000000287e8       0xa0 zephyr/subsys/net/lib/config/libsubsys__net__lib__config.a(init.c.obj)
 .text.iface_up_handler
                0x0000000000028888       0x28 zephyr/subsys/net/lib/config/libsubsys__net__lib__config.a(init.c.obj)
 .text.net_config_init_by_iface
                0x00000000000288b0      0x1a0 zephyr/subsys/net/lib/config/libsubsys__net__lib__config.a(init.c.obj)
                0x00000000000288b0                net_config_init_by_iface
 .text.net_config_init_app
                0x0000000000028a50       0x38 zephyr/subsys/net/lib/config/libsubsys__net__lib__config.a(init.c.obj)
                0x0000000000028a50                net_config_init_app
 .text.init_app
                0x0000000000028a88       0x14 zephyr/subsys/net/lib/config/libsubsys__net__lib__config.a(init.c.obj)
 .text.dns_resolve_init_locked
                0x0000000000028a9c      0x108 zephyr/subsys/net/lib/dns/libsubsys__net__lib__dns.a(resolve.c.obj)
 .text.dns_resolve_close_locked
                0x0000000000028ba4       0x5c zephyr/subsys/net/lib/dns/libsubsys__net__lib__dns.a(resolve.c.obj)
 .text.dns_resolve_get_default
                0x0000000000028c00        0x8 zephyr/subsys/net/lib/dns/libsubsys__net__lib__dns.a(resolve.c.obj)
                0x0000000000028c00                dns_resolve_get_default
 .text.dns_init_resolver
                0x0000000000028c08       0x10 zephyr/subsys/net/lib/dns/libsubsys__net__lib__dns.a(resolve.c.obj)
                0x0000000000028c08                dns_init_resolver
 .text.usbd_evt_put
                0x0000000000028c18        0xc zephyr/drivers/usb/device/libdrivers__usb__device.a(usb_dc_nrfx.c.obj)
 .text.usbd_work_schedule
                0x0000000000028c24       0x10 zephyr/drivers/usb/device/libdrivers__usb__device.a(usb_dc_nrfx.c.obj)
 .text.endpoint_ctx
                0x0000000000028c34       0x60 zephyr/drivers/usb/device/libdrivers__usb__device.a(usb_dc_nrfx.c.obj)
 .text.usbd_evt_get
                0x0000000000028c94       0x10 zephyr/drivers/usb/device/libdrivers__usb__device.a(usb_dc_nrfx.c.obj)
 .text.usb_init
                0x0000000000028ca4       0x80 zephyr/drivers/usb/device/libdrivers__usb__device.a(usb_dc_nrfx.c.obj)
 .text.hfxo_stop.constprop.0.isra.0
                0x0000000000028d24       0x38 zephyr/drivers/usb/device/libdrivers__usb__device.a(usb_dc_nrfx.c.obj)
 .text.eps_ctx_init
                0x0000000000028d5c       0x68 zephyr/drivers/usb/device/libdrivers__usb__device.a(usb_dc_nrfx.c.obj)
 .text.usbd_evt_flush
                0x0000000000028dc4       0x1c zephyr/drivers/usb/device/libdrivers__usb__device.a(usb_dc_nrfx.c.obj)
 .text.usbd_evt_alloc
                0x0000000000028de0       0x64 zephyr/drivers/usb/device/libdrivers__usb__device.a(usb_dc_nrfx.c.obj)
 .text.submit_dc_power_event
                0x0000000000028e44       0x2c zephyr/drivers/usb/device/libdrivers__usb__device.a(usb_dc_nrfx.c.obj)
 .text.usb_dc_power_event_handler
                0x0000000000028e70       0x50 zephyr/drivers/usb/device/libdrivers__usb__device.a(usb_dc_nrfx.c.obj)
 .text.usbd_work_handler
                0x0000000000028ec0      0x33c zephyr/drivers/usb/device/libdrivers__usb__device.a(usb_dc_nrfx.c.obj)
 .text.usbd_event_transfer_data
                0x00000000000291fc       0xc8 zephyr/drivers/usb/device/libdrivers__usb__device.a(usb_dc_nrfx.c.obj)
 .text.usbd_event_handler
                0x00000000000292c4      0x14c zephyr/drivers/usb/device/libdrivers__usb__device.a(usb_dc_nrfx.c.obj)
 .text.usb_dc_attach
                0x0000000000029410       0x64 zephyr/drivers/usb/device/libdrivers__usb__device.a(usb_dc_nrfx.c.obj)
                0x0000000000029410                usb_dc_attach
 .text.usb_dc_set_address
                0x0000000000029474       0x24 zephyr/drivers/usb/device/libdrivers__usb__device.a(usb_dc_nrfx.c.obj)
                0x0000000000029474                usb_dc_set_address
 .text.usb_dc_ep_check_cap
                0x0000000000029498       0x44 zephyr/drivers/usb/device/libdrivers__usb__device.a(usb_dc_nrfx.c.obj)
                0x0000000000029498                usb_dc_ep_check_cap
 .text.usb_dc_ep_configure
                0x00000000000294dc       0x58 zephyr/drivers/usb/device/libdrivers__usb__device.a(usb_dc_nrfx.c.obj)
                0x00000000000294dc                usb_dc_ep_configure
 .text.usb_dc_ep_set_stall
                0x0000000000029534       0x64 zephyr/drivers/usb/device/libdrivers__usb__device.a(usb_dc_nrfx.c.obj)
                0x0000000000029534                usb_dc_ep_set_stall
 .text.usb_dc_ep_clear_stall
                0x0000000000029598       0x40 zephyr/drivers/usb/device/libdrivers__usb__device.a(usb_dc_nrfx.c.obj)
                0x0000000000029598                usb_dc_ep_clear_stall
 .text.usb_dc_ep_is_stalled
                0x00000000000295d8       0x38 zephyr/drivers/usb/device/libdrivers__usb__device.a(usb_dc_nrfx.c.obj)
                0x00000000000295d8                usb_dc_ep_is_stalled
 .text.usb_dc_ep_enable
                0x0000000000029610       0x54 zephyr/drivers/usb/device/libdrivers__usb__device.a(usb_dc_nrfx.c.obj)
                0x0000000000029610                usb_dc_ep_enable
 .text.usb_dc_ep_write
                0x0000000000029664      0x114 zephyr/drivers/usb/device/libdrivers__usb__device.a(usb_dc_nrfx.c.obj)
                0x0000000000029664                usb_dc_ep_write
 .text.usb_dc_ep_read_wait
                0x0000000000029778       0xac zephyr/drivers/usb/device/libdrivers__usb__device.a(usb_dc_nrfx.c.obj)
                0x0000000000029778                usb_dc_ep_read_wait
 .text.usb_dc_ep_read_continue
                0x0000000000029824       0x9c zephyr/drivers/usb/device/libdrivers__usb__device.a(usb_dc_nrfx.c.obj)
                0x0000000000029824                usb_dc_ep_read_continue
 .text.usb_dc_ep_set_callback
                0x00000000000298c0       0x28 zephyr/drivers/usb/device/libdrivers__usb__device.a(usb_dc_nrfx.c.obj)
                0x00000000000298c0                usb_dc_ep_set_callback
 .text.usb_dc_set_status_callback
                0x00000000000298e8        0xc zephyr/drivers/usb/device/libdrivers__usb__device.a(usb_dc_nrfx.c.obj)
                0x00000000000298e8                usb_dc_set_status_callback
 .text.usb_dc_ep_mps
                0x00000000000298f4       0x24 zephyr/drivers/usb/device/libdrivers__usb__device.a(usb_dc_nrfx.c.obj)
                0x00000000000298f4                usb_dc_ep_mps
 .text.ep_state_access
                0x0000000000029918       0x20 zephyr/drivers/usb/common/nrf_usbd_common/libdrivers__usb__common__nrf_usbd_common.a(nrf_usbd_common.c.obj)
 .text.nrf_usbd_common_uninit
                0x0000000000029938       0x14 zephyr/drivers/usb/common/nrf_usbd_common/libdrivers__usb__common__nrf_usbd_common.a(nrf_usbd_common.c.obj)
                0x0000000000029938                nrf_usbd_common_uninit
 .text.nrf_usbd_common_enable
                0x000000000002994c       0x64 zephyr/drivers/usb/common/nrf_usbd_common/libdrivers__usb__common__nrf_usbd_common.a(nrf_usbd_common.c.obj)
                0x000000000002994c                nrf_usbd_common_enable
 .text.nrf_usbd_common_start
                0x00000000000299b0       0x38 zephyr/drivers/usb/common/nrf_usbd_common/libdrivers__usb__common__nrf_usbd_common.a(nrf_usbd_common.c.obj)
                0x00000000000299b0                nrf_usbd_common_start
 .text.nrf_usbd_common_is_enabled
                0x00000000000299e8       0x14 zephyr/drivers/usb/common/nrf_usbd_common/libdrivers__usb__common__nrf_usbd_common.a(nrf_usbd_common.c.obj)
                0x00000000000299e8                nrf_usbd_common_is_enabled
 .text.nrf_usbd_common_suspend
                0x00000000000299fc       0x54 zephyr/drivers/usb/common/nrf_usbd_common/libdrivers__usb__common__nrf_usbd_common.a(nrf_usbd_common.c.obj)
                0x00000000000299fc                nrf_usbd_common_suspend
 .text.nrf_usbd_common_init
                0x0000000000029a50       0x84 zephyr/drivers/usb/common/nrf_usbd_common/libdrivers__usb__common__nrf_usbd_common.a(nrf_usbd_common.c.obj)
                0x0000000000029a50                nrf_usbd_common_init
 .text.nrf_usbd_common_ep_enable_check
                0x0000000000029ad4       0x28 zephyr/drivers/usb/common/nrf_usbd_common/libdrivers__usb__common__nrf_usbd_common.a(nrf_usbd_common.c.obj)
                0x0000000000029ad4                nrf_usbd_common_ep_enable_check
 .text.nrf_usbd_common_ep_transfer
                0x0000000000029afc       0x9c zephyr/drivers/usb/common/nrf_usbd_common/libdrivers__usb__common__nrf_usbd_common.a(nrf_usbd_common.c.obj)
                0x0000000000029afc                nrf_usbd_common_ep_transfer
 .text.nrf_usbd_common_epout_size_get
                0x0000000000029b98       0x28 zephyr/drivers/usb/common/nrf_usbd_common/libdrivers__usb__common__nrf_usbd_common.a(nrf_usbd_common.c.obj)
                0x0000000000029b98                nrf_usbd_common_epout_size_get
 .text.nrf_usbd_common_irq_handler
                0x0000000000029bc0      0x488 zephyr/drivers/usb/common/nrf_usbd_common/libdrivers__usb__common__nrf_usbd_common.a(nrf_usbd_common.c.obj)
                0x0000000000029bc0                nrf_usbd_common_irq_handler
 .text.nrf_usbd_common_ep_stall
                0x000000000002a048       0x10 zephyr/drivers/usb/common/nrf_usbd_common/libdrivers__usb__common__nrf_usbd_common.a(nrf_usbd_common.c.obj)
                0x000000000002a048                nrf_usbd_common_ep_stall
 .text.nrf_usbd_common_ep_stall_check
                0x000000000002a058       0x34 zephyr/drivers/usb/common/nrf_usbd_common/libdrivers__usb__common__nrf_usbd_common.a(nrf_usbd_common.c.obj)
                0x000000000002a058                nrf_usbd_common_ep_stall_check
 .text.nrf_usbd_common_ep_dtoggle_clear
                0x000000000002a08c       0x14 zephyr/drivers/usb/common/nrf_usbd_common/libdrivers__usb__common__nrf_usbd_common.a(nrf_usbd_common.c.obj)
                0x000000000002a08c                nrf_usbd_common_ep_dtoggle_clear
 .text.nrf_usbd_common_setup_get
                0x000000000002a0a0       0x44 zephyr/drivers/usb/common/nrf_usbd_common/libdrivers__usb__common__nrf_usbd_common.a(nrf_usbd_common.c.obj)
                0x000000000002a0a0                nrf_usbd_common_setup_get
 .text.nrf_usbd_common_setup_data_clear
                0x000000000002a0e4        0xc zephyr/drivers/usb/common/nrf_usbd_common/libdrivers__usb__common__nrf_usbd_common.a(nrf_usbd_common.c.obj)
                0x000000000002a0e4                nrf_usbd_common_setup_data_clear
 .text.nrf_usbd_common_setup_clear
                0x000000000002a0f0        0xc zephyr/drivers/usb/common/nrf_usbd_common/libdrivers__usb__common__nrf_usbd_common.a(nrf_usbd_common.c.obj)
                0x000000000002a0f0                nrf_usbd_common_setup_clear
 .text.nrf_usbd_common_setup_stall
                0x000000000002a0fc        0xc zephyr/drivers/usb/common/nrf_usbd_common/libdrivers__usb__common__nrf_usbd_common.a(nrf_usbd_common.c.obj)
                0x000000000002a0fc                nrf_usbd_common_setup_stall
 .text.nrf_usbd_common_last_setup_dir_get
                0x000000000002a108        0xc zephyr/drivers/usb/common/nrf_usbd_common/libdrivers__usb__common__nrf_usbd_common.a(nrf_usbd_common.c.obj)
                0x000000000002a108                nrf_usbd_common_last_setup_dir_get
 .text.nrf_usbd_common_transfer_out_drop
                0x000000000002a114       0x50 zephyr/drivers/usb/common/nrf_usbd_common/libdrivers__usb__common__nrf_usbd_common.a(nrf_usbd_common.c.obj)
                0x000000000002a114                nrf_usbd_common_transfer_out_drop
 .text.usbd_ep_abort
                0x000000000002a164       0xf4 zephyr/drivers/usb/common/nrf_usbd_common/libdrivers__usb__common__nrf_usbd_common.a(nrf_usbd_common.c.obj)
 .text.nrf_usbd_common_ep_abort
                0x000000000002a258       0x34 zephyr/drivers/usb/common/nrf_usbd_common/libdrivers__usb__common__nrf_usbd_common.a(nrf_usbd_common.c.obj)
                0x000000000002a258                nrf_usbd_common_ep_abort
 .text.nrf_usbd_common_disable
                0x000000000002a28c       0xd0 zephyr/drivers/usb/common/nrf_usbd_common/libdrivers__usb__common__nrf_usbd_common.a(nrf_usbd_common.c.obj)
                0x000000000002a28c                nrf_usbd_common_disable
 .text.nrf_usbd_common_ep_disable
                0x000000000002a35c       0x60 zephyr/drivers/usb/common/nrf_usbd_common/libdrivers__usb__common__nrf_usbd_common.a(nrf_usbd_common.c.obj)
                0x000000000002a35c                nrf_usbd_common_ep_disable
 .text.nrf_usbd_common_ep_enable
                0x000000000002a3bc       0x74 zephyr/drivers/usb/common/nrf_usbd_common/libdrivers__usb__common__nrf_usbd_common.a(nrf_usbd_common.c.obj)
                0x000000000002a3bc                nrf_usbd_common_ep_enable
 .text.nrf_usbd_common_ep_stall_clear
                0x000000000002a430       0x20 zephyr/drivers/usb/common/nrf_usbd_common/libdrivers__usb__common__nrf_usbd_common.a(nrf_usbd_common.c.obj)
                0x000000000002a430                nrf_usbd_common_ep_stall_clear
 .text.onoff_stop
                0x000000000002a450       0x30 zephyr/drivers/clock_control/libdrivers__clock_control.a(clock_control_nrf.c.obj)
 .text.onoff_start
                0x000000000002a480       0x44 zephyr/drivers/clock_control/libdrivers__clock_control.a(clock_control_nrf.c.obj)
 .text.clk_init
                0x000000000002a4c4       0x64 zephyr/drivers/clock_control/libdrivers__clock_control.a(clock_control_nrf.c.obj)
 .text.clkstarted_handle.constprop.0
                0x000000000002a528       0x34 zephyr/drivers/clock_control/libdrivers__clock_control.a(clock_control_nrf.c.obj)
 .text.clock_event_handler
                0x000000000002a55c       0x30 zephyr/drivers/clock_control/libdrivers__clock_control.a(clock_control_nrf.c.obj)
 .text.generic_hfclk_start
                0x000000000002a58c       0x64 zephyr/drivers/clock_control/libdrivers__clock_control.a(clock_control_nrf.c.obj)
 .text.api_blocking_start
                0x000000000002a5f0       0x3c zephyr/drivers/clock_control/libdrivers__clock_control.a(clock_control_nrf.c.obj)
 .text.generic_hfclk_stop
                0x000000000002a62c       0x34 zephyr/drivers/clock_control/libdrivers__clock_control.a(clock_control_nrf.c.obj)
 .text.z_nrf_clock_control_get_onoff
                0x000000000002a660       0x10 zephyr/drivers/clock_control/libdrivers__clock_control.a(clock_control_nrf.c.obj)
                0x000000000002a660                z_nrf_clock_control_get_onoff
 .text.z_nrf_clock_control_lf_on
                0x000000000002a670       0xf8 zephyr/drivers/clock_control/libdrivers__clock_control.a(clock_control_nrf.c.obj)
                0x000000000002a670                z_nrf_clock_control_lf_on
 .text.uart_console_init
                0x000000000002a768       0x28 zephyr/drivers/console/libdrivers__console.a(uart_console.c.obj)
 .text.console_out
                0x000000000002a790       0x28 zephyr/drivers/console/libdrivers__console.a(uart_console.c.obj)
 .text.gpio_nrfx_pin_interrupt_configure
                0x000000000002a7b8      0x100 zephyr/drivers/gpio/libdrivers__gpio.a(gpio_nrfx.c.obj)
 .text.gpio_nrfx_init
                0x000000000002a8b8       0x48 zephyr/drivers/gpio/libdrivers__gpio.a(gpio_nrfx.c.obj)
 .text.nrfx_gpio_handler
                0x000000000002a900       0x4c zephyr/drivers/gpio/libdrivers__gpio.a(gpio_nrfx.c.obj)
 .text.gpio_nrfx_pin_configure
                0x000000000002a94c      0x18c zephyr/drivers/gpio/libdrivers__gpio.a(gpio_nrfx.c.obj)
 .text.z_impl_hwinfo_get_device_id
                0x000000000002aad8       0x3c zephyr/drivers/hwinfo/libdrivers__hwinfo.a(hwinfo_nrf.c.obj)
                0x000000000002aad8                z_impl_hwinfo_get_device_id
 .text.i2c_nrfx_twim_configure
                0x000000000002ab14       0x50 zephyr/drivers/i2c/libdrivers__i2c.a(i2c_nrfx_twim.c.obj)
 .text.i2c_nrfx_twim_init
                0x000000000002ab64       0x7c zephyr/drivers/i2c/libdrivers__i2c.a(i2c_nrfx_twim.c.obj)
 .text.i2c_nrfx_twim_recover_bus
                0x000000000002abe0       0x3c zephyr/drivers/i2c/libdrivers__i2c.a(i2c_nrfx_twim.c.obj)
 .text.event_handler
                0x000000000002ac1c       0x34 zephyr/drivers/i2c/libdrivers__i2c.a(i2c_nrfx_twim.c.obj)
 .text.i2c_nrfx_twim_transfer
                0x000000000002ac50      0x1d4 zephyr/drivers/i2c/libdrivers__i2c.a(i2c_nrfx_twim.c.obj)
 .text.mbox_nrf_init
                0x000000000002ae24       0x9c zephyr/drivers/mbox/libdrivers__mbox.a(mbox_nrfx_ipc.c.obj)
 .text.mbox_nrf_set_enabled
                0x000000000002aec0       0x94 zephyr/drivers/mbox/libdrivers__mbox.a(mbox_nrfx_ipc.c.obj)
 .text.mbox_nrf_send
                0x000000000002af54       0x44 zephyr/drivers/mbox/libdrivers__mbox.a(mbox_nrfx_ipc.c.obj)
 .text.mbox_dispatcher
                0x000000000002af98       0x60 zephyr/drivers/mbox/libdrivers__mbox.a(mbox_nrfx_ipc.c.obj)
 .text.nrf_gpio_pin_port_decode
                0x000000000002aff8       0x24 zephyr/drivers/pinctrl/libdrivers__pinctrl.a(pinctrl_nrf.c.obj)
 .text.pinctrl_configure_pins
                0x000000000002b01c      0x18c zephyr/drivers/pinctrl/libdrivers__pinctrl.a(pinctrl_nrf.c.obj)
                0x000000000002b01c                pinctrl_configure_pins
 .text.regulator_delay
                0x000000000002b1a8       0x2c zephyr/drivers/regulator/libdrivers__regulator.a(regulator_common.c.obj)
 .text.regulator_fixed_init
                0x000000000002b1d4       0x94 zephyr/drivers/regulator/libdrivers__regulator.a(regulator_fixed.c.obj)
 .text.spi_nrfx_init
                0x000000000002b268      0x120 zephyr/drivers/spi/libdrivers__spi.a(spi_nrfx_spim.c.obj)
 .text.transfer_next_chunk
                0x000000000002b388       0xd0 zephyr/drivers/spi/libdrivers__spi.a(spi_nrfx_spim.c.obj)
 .text.event_handler
                0x000000000002b458       0xdc zephyr/drivers/spi/libdrivers__spi.a(spi_nrfx_spim.c.obj)
 .text.spi_nrfx_transceive
                0x000000000002b534      0x430 zephyr/drivers/spi/libdrivers__spi.a(spi_nrfx_spim.c.obj)
 .text.nrf_gpio_cfg_input
                0x000000000002b964       0x40 zephyr/drivers/spi/libdrivers__spi.a(spi_nrfx_common.c.obj)
 .text.spi_nrfx_wake_init
                0x000000000002b9a4       0x60 zephyr/drivers/spi/libdrivers__spi.a(spi_nrfx_common.c.obj)
                0x000000000002b9a4                spi_nrfx_wake_init
 .text.compare_int_lock
                0x000000000002ba04       0x40 zephyr/drivers/timer/libdrivers__timer.a(nrf_rtc_timer.c.obj)
 .text.sys_clock_timeout_handler
                0x000000000002ba44       0x48 zephyr/drivers/timer/libdrivers__timer.a(nrf_rtc_timer.c.obj)
 .text.compare_int_unlock
                0x000000000002ba8c       0x4c zephyr/drivers/timer/libdrivers__timer.a(nrf_rtc_timer.c.obj)
 .text.z_nrf_rtc_timer_compare_evt_address_get
                0x000000000002bad8       0x10 zephyr/drivers/timer/libdrivers__timer.a(nrf_rtc_timer.c.obj)
                0x000000000002bad8                z_nrf_rtc_timer_compare_evt_address_get
 .text.z_nrf_rtc_timer_compare_read
                0x000000000002bae8       0x10 zephyr/drivers/timer/libdrivers__timer.a(nrf_rtc_timer.c.obj)
                0x000000000002bae8                z_nrf_rtc_timer_compare_read
 .text.z_nrf_rtc_timer_read
                0x000000000002baf8       0x44 zephyr/drivers/timer/libdrivers__timer.a(nrf_rtc_timer.c.obj)
                0x000000000002baf8                z_nrf_rtc_timer_read
 .text.compare_set
                0x000000000002bb3c      0x124 zephyr/drivers/timer/libdrivers__timer.a(nrf_rtc_timer.c.obj)
 .text.sys_clock_driver_init
                0x000000000002bc60       0xa4 zephyr/drivers/timer/libdrivers__timer.a(nrf_rtc_timer.c.obj)
 .text.rtc_nrf_isr
                0x000000000002bd04      0x100 zephyr/drivers/timer/libdrivers__timer.a(nrf_rtc_timer.c.obj)
                0x000000000002bd04                rtc_nrf_isr
 .text.z_nrf_rtc_timer_chan_alloc
                0x000000000002be04       0x3c zephyr/drivers/timer/libdrivers__timer.a(nrf_rtc_timer.c.obj)
                0x000000000002be04                z_nrf_rtc_timer_chan_alloc
 .text.z_nrf_rtc_timer_chan_free
                0x000000000002be40       0x1c zephyr/drivers/timer/libdrivers__timer.a(nrf_rtc_timer.c.obj)
                0x000000000002be40                z_nrf_rtc_timer_chan_free
 .text.sys_clock_set_timeout
                0x000000000002be5c       0x5c zephyr/drivers/timer/libdrivers__timer.a(nrf_rtc_timer.c.obj)
                0x000000000002be5c                sys_clock_set_timeout
 .text.sys_clock_elapsed
                0x000000000002beb8       0x14 zephyr/drivers/timer/libdrivers__timer.a(nrf_rtc_timer.c.obj)
                0x000000000002beb8                sys_clock_elapsed
 .text.k_sys_fatal_error_handler
                0x000000000002becc       0x20 modules/nrf/lib/fatal_error/lib..__nrf__lib__fatal_error.a(fatal_error.c.obj)
                0x000000000002becc                k_sys_fatal_error_handler
 .text.ns_fault_init
                0x000000000002beec       0x30 modules/nrf/modules/trusted-firmware-m/lib..__nrf__modules__trusted-firmware-m.a(fault.c.obj)
 .text.arm_fault
                0x000000000002bf1c      0x24c modules/nrf/modules/trusted-firmware-m/lib..__nrf__modules__trusted-firmware-m.a(fault.c.obj)
                0x000000000002bf1c                arm_fault
 .text.tfm_ns_fault_handler_callback
                0x000000000002c168       0x48 modules/nrf/modules/trusted-firmware-m/lib..__nrf__modules__trusted-firmware-m.a(fault.c.obj)
                0x000000000002c168                tfm_ns_fault_handler_callback
 .text.tfm_ns_interface_dispatch
                0x000000000002c1b0       0x68 modules/trusted-firmware-m/libtfm_api.a(interface.c.obj)
                0x000000000002c1b0                tfm_ns_interface_dispatch
 .text.tfm_platform_ioctl
                0x000000000002c218       0x4c modules/trusted-firmware-m/libtfm_api.a(tfm_platform_api.c.obj)
                0x000000000002c218                tfm_platform_ioctl
 .text.psa_generate_random
                0x000000000002c264       0x40 modules/trusted-firmware-m/libtfm_api.a(tfm_crypto_api.c.obj)
                0x000000000002c264                psa_generate_random
 .text.psa_call
                0x000000000002c2a4       0x34 modules/trusted-firmware-m/libtfm_api.a(tfm_tz_psa_ns_api.c.obj)
                0x000000000002c2a4                psa_call
 .text.nrfx_flag32_alloc
                0x000000000002c2d8       0x40 modules/hal_nordic/nrfx/libmodules__hal_nordic__nrfx.a(nrfx_flag32_allocator.c.obj)
                0x000000000002c2d8                nrfx_flag32_alloc
 .text.nrfx_flag32_free
                0x000000000002c318       0x38 modules/hal_nordic/nrfx/libmodules__hal_nordic__nrfx.a(nrfx_flag32_allocator.c.obj)
                0x000000000002c318                nrfx_flag32_free
 .text.nrfx_gppi_channels_enable
                0x000000000002c350        0xc modules/hal_nordic/nrfx/libmodules__hal_nordic__nrfx.a(nrfx_gppi_dppi.c.obj)
                0x000000000002c350                nrfx_gppi_channels_enable
 .text.nrfx_gppi_channels_disable
                0x000000000002c35c        0xc modules/hal_nordic/nrfx/libmodules__hal_nordic__nrfx.a(nrfx_gppi_dppi.c.obj)
                0x000000000002c35c                nrfx_gppi_channels_disable
 .text.clock_stop
                0x000000000002c368      0x158 modules/hal_nordic/nrfx/libmodules__hal_nordic__nrfx.a(nrfx_clock.c.obj)
 .text.nrfx_clock_init
                0x000000000002c4c0       0x20 modules/hal_nordic/nrfx/libmodules__hal_nordic__nrfx.a(nrfx_clock.c.obj)
                0x000000000002c4c0                nrfx_clock_init
 .text.nrfx_clock_enable
                0x000000000002c4e0       0x38 modules/hal_nordic/nrfx/libmodules__hal_nordic__nrfx.a(nrfx_clock.c.obj)
                0x000000000002c4e0                nrfx_clock_enable
 .text.nrfx_clock_start
                0x000000000002c518       0xd8 modules/hal_nordic/nrfx/libmodules__hal_nordic__nrfx.a(nrfx_clock.c.obj)
                0x000000000002c518                nrfx_clock_start
 .text.nrfx_clock_irq_handler
                0x000000000002c5f0       0xac modules/hal_nordic/nrfx/libmodules__hal_nordic__nrfx.a(nrfx_clock.c.obj)
                0x000000000002c5f0                nrfx_clock_irq_handler
 .text.nrfx_dppi_channel_alloc
                0x000000000002c69c        0xc modules/hal_nordic/nrfx/libmodules__hal_nordic__nrfx.a(nrfx_dppi.c.obj)
                0x000000000002c69c                nrfx_dppi_channel_alloc
 .text.nrfx_dppi_channel_free
                0x000000000002c6a8       0x1c modules/hal_nordic/nrfx/libmodules__hal_nordic__nrfx.a(nrfx_dppi.c.obj)
                0x000000000002c6a8                nrfx_dppi_channel_free
 .text.nrf_gpio_pin_port_decode
                0x000000000002c6c4       0x24 modules/hal_nordic/nrfx/libmodules__hal_nordic__nrfx.a(nrfx_gpiote.c.obj)
 .text.get_pin_idx
                0x000000000002c6e8       0x14 modules/hal_nordic/nrfx/libmodules__hal_nordic__nrfx.a(nrfx_gpiote.c.obj)
 .text.release_handler
                0x000000000002c6fc       0x70 modules/hal_nordic/nrfx/libmodules__hal_nordic__nrfx.a(nrfx_gpiote.c.obj)
 .text.latch_pending_read_and_check
                0x000000000002c76c       0x3c modules/hal_nordic/nrfx/libmodules__hal_nordic__nrfx.a(nrfx_gpiote.c.obj)
 .text.pin_te_get.isra.0
                0x000000000002c7a8       0x20 modules/hal_nordic/nrfx/libmodules__hal_nordic__nrfx.a(nrfx_gpiote.c.obj)
 .text.pin_is_output.isra.0
                0x000000000002c7c8       0x24 modules/hal_nordic/nrfx/libmodules__hal_nordic__nrfx.a(nrfx_gpiote.c.obj)
 .text.pin_in_use_by_te.isra.0
                0x000000000002c7ec       0x24 modules/hal_nordic/nrfx/libmodules__hal_nordic__nrfx.a(nrfx_gpiote.c.obj)
 .text.__nrfy_internal_gpiote_events_process.constprop.0
                0x000000000002c810       0x5c modules/hal_nordic/nrfx/libmodules__hal_nordic__nrfx.a(nrfx_gpiote.c.obj)
 .text.irq_handler.constprop.0
                0x000000000002c86c      0x1a8 modules/hal_nordic/nrfx/libmodules__hal_nordic__nrfx.a(nrfx_gpiote.c.obj)
 .text.pin_uninit
                0x000000000002ca14       0xa4 modules/hal_nordic/nrfx/libmodules__hal_nordic__nrfx.a(nrfx_gpiote.c.obj)
 .text.nrfx_gpiote_input_configure
                0x000000000002cab8      0x1ec modules/hal_nordic/nrfx/libmodules__hal_nordic__nrfx.a(nrfx_gpiote.c.obj)
                0x000000000002cab8                nrfx_gpiote_input_configure
 .text.nrfx_gpiote_output_configure
                0x000000000002cca4      0x138 modules/hal_nordic/nrfx/libmodules__hal_nordic__nrfx.a(nrfx_gpiote.c.obj)
                0x000000000002cca4                nrfx_gpiote_output_configure
 .text.nrfx_gpiote_global_callback_set
                0x000000000002cddc       0x1c modules/hal_nordic/nrfx/libmodules__hal_nordic__nrfx.a(nrfx_gpiote.c.obj)
                0x000000000002cddc                nrfx_gpiote_global_callback_set
 .text.nrfx_gpiote_channel_get
                0x000000000002cdf8       0x3c modules/hal_nordic/nrfx/libmodules__hal_nordic__nrfx.a(nrfx_gpiote.c.obj)
                0x000000000002cdf8                nrfx_gpiote_channel_get
 .text.nrfx_gpiote_init
                0x000000000002ce34       0x80 modules/hal_nordic/nrfx/libmodules__hal_nordic__nrfx.a(nrfx_gpiote.c.obj)
                0x000000000002ce34                nrfx_gpiote_init
 .text.nrfx_gpiote_init_check
                0x000000000002ceb4       0x1c modules/hal_nordic/nrfx/libmodules__hal_nordic__nrfx.a(nrfx_gpiote.c.obj)
                0x000000000002ceb4                nrfx_gpiote_init_check
 .text.nrfx_gpiote_channel_free
                0x000000000002ced0       0x18 modules/hal_nordic/nrfx/libmodules__hal_nordic__nrfx.a(nrfx_gpiote.c.obj)
                0x000000000002ced0                nrfx_gpiote_channel_free
 .text.nrfx_gpiote_channel_alloc
                0x000000000002cee8       0x18 modules/hal_nordic/nrfx/libmodules__hal_nordic__nrfx.a(nrfx_gpiote.c.obj)
                0x000000000002cee8                nrfx_gpiote_channel_alloc
 .text.nrfx_gpiote_trigger_enable
                0x000000000002cf00       0xa4 modules/hal_nordic/nrfx/libmodules__hal_nordic__nrfx.a(nrfx_gpiote.c.obj)
                0x000000000002cf00                nrfx_gpiote_trigger_enable
 .text.nrfx_gpiote_1_irq_handler
                0x000000000002cfa4        0xc modules/hal_nordic/nrfx/libmodules__hal_nordic__nrfx.a(nrfx_gpiote.c.obj)
                0x000000000002cfa4                nrfx_gpiote_1_irq_handler
 .text.nrfx_ipc_init
                0x000000000002cfb0       0x30 modules/hal_nordic/nrfx/libmodules__hal_nordic__nrfx.a(nrfx_ipc.c.obj)
                0x000000000002cfb0                nrfx_ipc_init
 .text.nrfx_ipc_config_load
                0x000000000002cfe0       0x40 modules/hal_nordic/nrfx/libmodules__hal_nordic__nrfx.a(nrfx_ipc.c.obj)
                0x000000000002cfe0                nrfx_ipc_config_load
 .text.nrfx_ipc_receive_event_enable
                0x000000000002d020       0x10 modules/hal_nordic/nrfx/libmodules__hal_nordic__nrfx.a(nrfx_ipc.c.obj)
                0x000000000002d020                nrfx_ipc_receive_event_enable
 .text.nrfx_ipc_receive_event_disable
                0x000000000002d030       0x10 modules/hal_nordic/nrfx/libmodules__hal_nordic__nrfx.a(nrfx_ipc.c.obj)
                0x000000000002d030                nrfx_ipc_receive_event_disable
 .text.nrfx_ipc_irq_handler
                0x000000000002d040       0x40 modules/hal_nordic/nrfx/libmodules__hal_nordic__nrfx.a(nrfx_ipc.c.obj)
                0x000000000002d040                nrfx_ipc_irq_handler
 .text.nrfx_power_init
                0x000000000002d080       0x48 modules/hal_nordic/nrfx/libmodules__hal_nordic__nrfx.a(nrfx_power.c.obj)
                0x000000000002d080                nrfx_power_init
 .text.nrfx_power_irq_handler
                0x000000000002d0c8       0x70 modules/hal_nordic/nrfx/libmodules__hal_nordic__nrfx.a(nrfx_power.c.obj)
                0x000000000002d0c8                nrfx_power_irq_handler
 .text.nrf_gpio_pin_port_decode
                0x000000000002d138       0x24 modules/hal_nordic/nrfx/libmodules__hal_nordic__nrfx.a(nrfx_spim.c.obj)
 .text.spim_configuration_verify
                0x000000000002d15c       0xf8 modules/hal_nordic/nrfx/libmodules__hal_nordic__nrfx.a(nrfx_spim.c.obj)
 .text.pin_init
                0x000000000002d254       0x50 modules/hal_nordic/nrfx/libmodules__hal_nordic__nrfx.a(nrfx_spim.c.obj)
 .text.spim_configure
                0x000000000002d2a4      0x25c modules/hal_nordic/nrfx/libmodules__hal_nordic__nrfx.a(nrfx_spim.c.obj)
 .text.spim_pin_uninit
                0x000000000002d500       0x30 modules/hal_nordic/nrfx/libmodules__hal_nordic__nrfx.a(nrfx_spim.c.obj)
 .text.nrfx_spim_init
                0x000000000002d530       0x68 modules/hal_nordic/nrfx/libmodules__hal_nordic__nrfx.a(nrfx_spim.c.obj)
                0x000000000002d530                nrfx_spim_init
 .text.nrfx_spim_uninit
                0x000000000002d598       0x90 modules/hal_nordic/nrfx/libmodules__hal_nordic__nrfx.a(nrfx_spim.c.obj)
                0x000000000002d598                nrfx_spim_uninit
 .text.nrfx_spim_xfer
                0x000000000002d628      0x164 modules/hal_nordic/nrfx/libmodules__hal_nordic__nrfx.a(nrfx_spim.c.obj)
                0x000000000002d628                nrfx_spim_xfer
 .text.nrfx_spim_3_irq_handler
                0x000000000002d78c       0x10 modules/hal_nordic/nrfx/libmodules__hal_nordic__nrfx.a(nrfx_spim.c.obj)
                0x000000000002d78c                nrfx_spim_3_irq_handler
 .text.nrfx_spim_4_irq_handler
                0x000000000002d79c       0x10 modules/hal_nordic/nrfx/libmodules__hal_nordic__nrfx.a(nrfx_spim.c.obj)
                0x000000000002d79c                nrfx_spim_4_irq_handler
 .text.nrf_gpio_cfg.constprop.0
                0x000000000002d7ac       0x48 modules/hal_nordic/nrfx/libmodules__hal_nordic__nrfx.a(nrfx_twim.c.obj)
 .text.twim_configure
                0x000000000002d7f4       0x3c modules/hal_nordic/nrfx/libmodules__hal_nordic__nrfx.a(nrfx_twim.c.obj)
 .text.nrfx_twim_init
                0x000000000002d830       0xb8 modules/hal_nordic/nrfx/libmodules__hal_nordic__nrfx.a(nrfx_twim.c.obj)
                0x000000000002d830                nrfx_twim_init
 .text.nrfx_twim_enable